Archive member included to satisfy reference by file (symbol)

C:/devkitPro/libctru/lib\libcitro2d.a(base.o)
                              main.o (C2D_Init)
C:/devkitPro/libctru/lib\libcitro2d.a(render2d.shbin.o)
                              C:/devkitPro/libctru/lib\libcitro2d.a(base.o) (render2d_shbin_size)
C:/devkitPro/libctru/lib\libcitro3d.a(base.o)
                              main.o (C3D_Init)
C:/devkitPro/libctru/lib\libcitro3d.a(renderqueue.o)
                              main.o (C3D_FrameBegin)
C:/devkitPro/libctru/lib\libcitro3d.a(texture.o)
                              C:/devkitPro/libctru/lib\libcitro2d.a(base.o) (C3D_TexBind)
C:/devkitPro/libctru/lib\libcitro3d.a(framebuffer.o)
                              C:/devkitPro/libctru/lib\libcitro3d.a(renderqueue.o) (C3D_CalcColorBufSize)
C:/devkitPro/libctru/lib\libcitro3d.a(texenv.o)
                              C:/devkitPro/libctru/lib\libcitro2d.a(base.o) (C3D_GetTexEnv)
C:/devkitPro/libctru/lib\libcitro3d.a(proctex.o)
                              C:/devkitPro/libctru/lib\libcitro2d.a(base.o) (C3D_ProcTexInit)
C:/devkitPro/libctru/lib\libcitro3d.a(buffers.o)
                              C:/devkitPro/libctru/lib\libcitro2d.a(base.o) (BufInfo_Init)
C:/devkitPro/libctru/lib\libcitro3d.a(drawArrays.o)
                              C:/devkitPro/libctru/lib\libcitro2d.a(base.o) (C3D_DrawArrays)
C:/devkitPro/libctru/lib\libcitro3d.a(effect.o)
                              C:/devkitPro/libctru/lib\libcitro3d.a(base.o) (C3D_DepthMap)
C:/devkitPro/libctru/lib\libcitro3d.a(attribs.o)
                              C:/devkitPro/libctru/lib\libcitro2d.a(base.o) (AttrInfo_Init)
C:/devkitPro/libctru/lib\libcitro3d.a(immediate.o)
                              C:/devkitPro/libctru/lib\libcitro3d.a(base.o) (C3D_ImmSendAttrib)
C:/devkitPro/libctru/lib\libcitro3d.a(uniforms.o)
                              C:/devkitPro/libctru/lib\libcitro3d.a(base.o) (C3D_UpdateUniforms)
C:/devkitPro/libctru/lib\libcitro3d.a(mtx_ortho.o)
                              C:/devkitPro/libctru/lib\libcitro2d.a(base.o) (Mtx_Ortho)
C:/devkitPro/libctru/lib\libcitro3d.a(mtx_orthotilt.o)
                              C:/devkitPro/libctru/lib\libcitro2d.a(base.o) (Mtx_OrthoTilt)
C:/devkitPro/libctru/lib\libctru.a(vram.o)
                              C:/devkitPro/libctru/lib\libcitro3d.a(renderqueue.o) (vramAlloc)
C:/devkitPro/libctru/lib\libctru.a(linear.o)
                              C:/devkitPro/libctru/lib\libcitro2d.a(base.o) (linearAlloc)
C:/devkitPro/libctru/lib\libctru.a(mem_pool.o)
                              C:/devkitPro/libctru/lib\libctru.a(vram.o) (MemPool::Allocate(MemChunk&, unsigned long, int))
C:/devkitPro/libctru/lib\libctru.a(os.o)
                              C:/devkitPro/libctru/lib\libcitro3d.a(texture.o) (osConvertVirtToPhys)
C:/devkitPro/libctru/lib\libctru.a(console.o)
                              main.o (consoleInit)
C:/devkitPro/libctru/lib\libctru.a(gfx.o)
                              C:/devkitPro/libctru/lib\libcitro3d.a(renderqueue.o) (gfxIs3D)
C:/devkitPro/libctru/lib\libctru.a(shaderProgram.o)
                              C:/devkitPro/libctru/lib\libcitro2d.a(base.o) (shaderInstanceGetUniformLocation)
C:/devkitPro/libctru/lib\libctru.a(shbin.o)
                              C:/devkitPro/libctru/lib\libcitro2d.a(base.o) (DVLB_ParseFile)
C:/devkitPro/libctru/lib\libctru.a(gx.o)
                              C:/devkitPro/libctru/lib\libctru.a(gfx.o) (gxCmdBuf)
C:/devkitPro/libctru/lib\libctru.a(gxqueue.o)
                              C:/devkitPro/libctru/lib\libcitro3d.a(renderqueue.o) (gxCmdQueueClear)
C:/devkitPro/libctru/lib\libctru.a(gpu.o)
                              C:/devkitPro/libctru/lib\libcitro3d.a(base.o) (gpuCmdBufOffset)
C:/devkitPro/libctru/lib\libctru.a(gspgpu.o)
                              C:/devkitPro/libctru/lib\libctru.a(gfx.o) (gspInit)
C:/devkitPro/libctru/lib\libctru.a(apt.o)
                              C:/devkitPro/libctru/lib\libcitro3d.a(base.o) (aptHook)
C:/devkitPro/libctru/lib\libctru.a(hid.o)
                              main.o (hidScanInput)
C:/devkitPro/libctru/lib\libctru.a(ptmsysm.o)
                              C:/devkitPro/libctru/lib\libctru.a(os.o) (ptmSysmInit)
C:/devkitPro/libctru/lib\libctru.a(rbtree_init.o)
                              C:/devkitPro/libctru/lib\libctru.a(vram.o) (rbtree_init)
C:/devkitPro/libctru/lib\libctru.a(rbtree_insert.o)
                              C:/devkitPro/libctru/lib\libctru.a(vram.o) (rbtree_insert)
C:/devkitPro/libctru/lib\libctru.a(rbtree_rotate.o)
                              C:/devkitPro/libctru/lib\libctru.a(rbtree_insert.o) (rbtree_rotate)
C:/devkitPro/libctru/lib\libctru.a(rbtree_remove.o)
                              C:/devkitPro/libctru/lib\libctru.a(vram.o) (rbtree_remove)
C:/devkitPro/libctru/lib\libctru.a(rbtree_find.o)
                              C:/devkitPro/libctru/lib\libctru.a(vram.o) (rbtree_find)
C:/devkitPro/libctru/lib\libctru.a(initSystem.o)
[...]
Memory Configuration

Name             Origin             Length             Attributes
*default*        0x0000000000000000 0xffffffffffffffff

Linker script and memory map

                0x0000000000100000                PROVIDE (__start__ = 0x100000)
                0x0000000000100000                . = __start__

.text           0x0000000000100000    0x1cf0c
 *(.crt0)
 .crt0          0x0000000000100000       0x94 c:/devkitpro/devkitarm/bin/../lib/gcc/arm-none-eabi/8.3.0/../../../../arm-none-eabi/lib/armv6k/fpu/3dsx_crt0.o
                0x0000000000100000                _start
                0x0000000000100008                __service_ptr
                0x000000000010000c                __apt_appid
                0x0000000000100010                __heap_size
                0x0000000000100014                __linear_heap_size
                0x0000000000100018                __system_arglist
                0x000000000010001c                __system_runflags
 *(.init)
 .init          0x0000000000100094        0xc c:/devkitpro/devkitarm/bin/../lib/gcc/arm-none-eabi/8.3.0/armv6k/fpu/crti.o
                0x0000000000100094                _init
 .init          0x00000000001000a0        0xc c:/devkitpro/devkitarm/bin/../lib/gcc/arm-none-eabi/8.3.0/armv6k/fpu/crtn.o
                0x00000000001000ac                . = ALIGN (0x4)
 *(.text)
 .text          0x00000000001000ac       0x64 C:/devkitPro/libctru/lib\libctru.a(stack_adjust.o)
                0x00000000001000ac                initSystem
                0x00000000001000f0                __ctru_exit
 .text          0x0000000000100110      0x240 c:/devkitpro/devkitarm/bin/../lib/gcc/arm-none-eabi/8.3.0/armv6k/fpu\libgcc.a(_divsi3.o)
                0x0000000000100110                __divsi3
                0x0000000000100110                __aeabi_idiv
                0x0000000000100330                __aeabi_idivmod
 .text          0x0000000000100350        0x4 c:/devkitpro/devkitarm/bin/../lib/gcc/arm-none-eabi/8.3.0/armv6k/fpu\libgcc.a(_dvmd_tls.o)
                0x0000000000100350                __aeabi_idiv0
                0x0000000000100350                __aeabi_ldiv0
 .text          0x0000000000100354      0x3c0 c:/devkitpro/devkitarm/bin/../lib/gcc/arm-none-eabi/8.3.0/armv6k/fpu\libgcc.a(_arm_addsubdf3.o)
                0x0000000000100354                __aeabi_drsub
                0x000000000010035c                __aeabi_dsub
                0x000000000010035c                __subdf3
                0x0000000000100360                __aeabi_dadd
                0x0000000000100360                __adddf3
                0x000000000010060c                __floatunsidf
                0x000000000010060c                __aeabi_ui2d
                0x0000000000100630                __floatsidf
                0x0000000000100630                __aeabi_i2d
                0x0000000000100658                __aeabi_f2d
                0x0000000000100658                __extendsfdf2
                0x00000000001006a0                __floatundidf
                0x00000000001006a0                __aeabi_ul2d
                0x00000000001006b4                __floatdidf
                0x00000000001006b4                __aeabi_l2d
 .text          0x0000000000100714       0x3c c:/devkitpro/devkitarm/bin/../lib/gcc/arm-none-eabi/8.3.0/armv6k/fpu\libgcc.a(_aeabi_uldivmod.o)
                0x0000000000100714                __aeabi_uldivmod
 *fill*         0x0000000000100750       0x10 
 .text          0x0000000000100760      0x390 c:/devkitpro/devkitarm/bin/../lib/gcc/arm-none-eabi/8.3.0/../../../../arm-none-eabi/lib/armv6k/fpu\libg.a(lib_a-strcmp.o)
                0x0000000000100768                strcmp
 .text          0x0000000000100af0      0x20c c:/devkitpro/devkitarm/bin/../lib/gcc/arm-none-eabi/8.3.0/armv6k/fpu\libgcc.a(_udivsi3.o)
                0x0000000000100af0                __aeabi_uidiv
                0x0000000000100af0                __udivsi3
                0x0000000000100cdc                __aeabi_uidivmod
 *(.text.*)
 .text.deregister_tm_clones
                0x0000000000100cfc       0x2c c:/devkitpro/devkitarm/bin/../lib/gcc/arm-none-eabi/8.3.0/armv6k/fpu/crtbegin.o
 .text.register_tm_clones
                0x0000000000100d28       0x38 c:/devkitpro/devkitarm/bin/../lib/gcc/arm-none-eabi/8.3.0/armv6k/fpu/crtbegin.o
 .text.__do_global_dtors_aux
                0x0000000000100d60       0x44 c:/devkitpro/devkitarm/bin/../lib/gcc/arm-none-eabi/8.3.0/armv6k/fpu/crtbegin.o
 .text.frame_dummy
                0x0000000000100da4       0x34 c:/devkitpro/devkitarm/bin/../lib/gcc/arm-none-eabi/8.3.0/armv6k/fpu/crtbegin.o
 .text.DrawPlayer
                0x0000000000100dd8       0x30 main.o
                0x0000000000100dd8                DrawPlayer
 .text.DrawBlock
                0x0000000000100e08       0x30 main.o
                0x0000000000100e08                DrawBlock
 .text.CollideBlock
                0x0000000000100e38       0x80 main.o
                0x0000000000100e38                CollideBlock
 .text.startup.main
                0x0000000000100eb8      0x270 main.o
                0x0000000000100eb8                main
 .text.C2D_Init
                0x0000000000101128      0x32c C:/devkitPro/libctru/lib\libcitro2d.a(base.o)
                0x0000000000101128                C2D_Init
 .text.C2D_Fini
                0x0000000000101454       0x48 C:/devkitPro/libctru/lib\libcitro2d.a(base.o)
                0x0000000000101454                C2D_Fini
 .text.C2D_Prepare
                0x000000000010149c       0xc8 C:/devkitPro/libctru/lib\libcitro2d.a(base.o)
                0x000000000010149c                C2D_Prepare
 .text.C2D_SceneSize
                0x0000000000101564      0x10c C:/devkitPro/libctru/lib\libcitro2d.a(base.o)
                0x0000000000101564                C2D_SceneSize
 .text.C2D_CreateScreenTarget
                0x0000000000101670       0x44 C:/devkitPro/libctru/lib\libcitro2d.a(base.o)
                0x0000000000101670                C2D_CreateScreenTarget
 .text.C2Di_FlushVtxBuf
                0x00000000001016b4       0x30 C:/devkitPro/libctru/lib\libcitro2d.a(base.o)
                0x00000000001016b4                C2Di_FlushVtxBuf
 .text.C2Di_FrameEndHook
                0x00000000001016e4       0x20 C:/devkitPro/libctru/lib\libcitro2d.a(base.o)
 .text.C2D_Flush
                0x0000000000101704       0x18 C:/devkitPro/libctru/lib\libcitro2d.a(base.o)
                0x0000000000101704                C2D_Flush
 .text.C2D_TargetClear
                0x000000000010171c       0x30 C:/devkitPro/libctru/lib\libcitro2d.a(base.o)
                0x000000000010171c                C2D_TargetClear
 .text.C2Di_Update
                0x000000000010174c      0x218 C:/devkitPro/libctru/lib\libcitro2d.a(base.o)
                0x000000000010174c                C2Di_Update
 .text.C2D_DrawRectangle
                0x0000000000101964      0x1c0 C:/devkitPro/libctru/lib\libcitro2d.a(base.o)
                0x0000000000101964                C2D_DrawRectangle
 .text.C3Di_SplitFrame.part.1
                0x0000000000101b24       0xc4 C:/devkitPro/libctru/lib\libcitro3d.a(base.o)
 .text.C3Di_LightEnvUpdate
                0x0000000000101be8        0x4 C:/devkitPro/libctru/lib\libcitro3d.a(base.o)
                0x0000000000101be8                C3Di_LightEnvUpdate
 .text.C3Di_LightEnvDirty
                0x0000000000101bec        0x4 C:/devkitPro/libctru/lib\libcitro3d.a(base.o)
                0x0000000000101bec                C3Di_LightEnvDirty
 .text.C3Di_AptEventHook
                0x0000000000101bf0       0xac C:/devkitPro/libctru/lib\libcitro3d.a(base.o)
 .text.C3Di_GasUpdate
                0x0000000000101c9c        0x4 C:/devkitPro/libctru/lib\libcitro3d.a(base.o)
                0x0000000000101c9c                C3Di_GasUpdate
 .text.C3D_Init
                0x0000000000101ca0      0x21c C:/devkitPro/libctru/lib\libcitro3d.a(base.o)
                0x0000000000101ca0                C3D_Init
 .text.C3D_SetViewport
                0x0000000000101ebc       0x98 C:/devkitPro/libctru/lib\libcitro3d.a(base.o)
                0x0000000000101ebc                C3D_SetViewport
 .text.C3Di_UpdateContext
                0x0000000000101f54      0x50c C:/devkitPro/libctru/lib\libcitro3d.a(base.o)
                0x0000000000101f54                C3Di_UpdateContext
 .text.C3Di_SplitFrame
                0x0000000000102460       0x20 C:/devkitPro/libctru/lib\libcitro3d.a(base.o)
                0x0000000000102460                C3Di_SplitFrame
 .text.C3D_Fini
                0x0000000000102480       0x64 C:/devkitPro/libctru/lib\libcitro3d.a(base.o)
                0x0000000000102480                C3D_Fini
 .text.C3D_BindProgram
                0x00000000001024e4      0x114 C:/devkitPro/libctru/lib\libcitro3d.a(base.o)
                0x00000000001024e4                C3D_BindProgram
 .text.C3Di_RenderQueueInit
                0x00000000001025f8       0x54 C:/devkitPro/libctru/lib\libcitro3d.a(renderqueue.o)
 .text.C3Di_RenderTargetDestroy
                0x000000000010264c       0x80 C:/devkitPro/libctru/lib\libcitro3d.a(renderqueue.o)
 .text.onVBlank1
                0x00000000001026cc       0xac C:/devkitPro/libctru/lib\libcitro3d.a(renderqueue.o)
 .text.onVBlank0
                0x0000000000102778      0x13c C:/devkitPro/libctru/lib\libcitro3d.a(renderqueue.o)
 .text.C3Di_RenderTargetNew
                0x00000000001028b4        0xc C:/devkitPro/libctru/lib\libcitro3d.a(renderqueue.o)
 .text.C3Di_WaitAndClearQueue
                0x00000000001028c0       0x7c C:/devkitPro/libctru/lib\libcitro3d.a(renderqueue.o)
 .text.onQueueFinish
                0x000000000010293c       0xc0 C:/devkitPro/libctru/lib\libcitro3d.a(renderqueue.o)
 .text.C3D_FrameSplit.part.6
                0x00000000001029fc       0x44 C:/devkitPro/libctru/lib\libcitro3d.a(renderqueue.o)
 .text.C3D_FrameSync
                0x0000000000102a40       0x30 C:/devkitPro/libctru/lib\libcitro3d.a(renderqueue.o)
                0x0000000000102a40                C3D_FrameSync
 .text.C3Di_RenderQueueExit
                0x0000000000102a70       0xa0 C:/devkitPro/libctru/lib\libcitro3d.a(renderqueue.o)
                0x0000000000102a70                C3Di_RenderQueueExit
 .text.C3Di_RenderQueueWaitDone
                0x0000000000102b10       0x20 C:/devkitPro/libctru/lib\libcitro3d.a(renderqueue.o)
                0x0000000000102b10                C3Di_RenderQueueWaitDone
 .text.C3D_FrameBegin
                0x0000000000102b30       0x7c C:/devkitPro/libctru/lib\libcitro3d.a(renderqueue.o)
                0x0000000000102b30                C3D_FrameBegin
 .text.C3D_FrameDrawOn
                0x0000000000102bac       0x48 C:/devkitPro/libctru/lib\libcitro3d.a(renderqueue.o)
                0x0000000000102bac                C3D_FrameDrawOn
 .text.C3D_FrameSplit
                0x0000000000102bf4       0x18 C:/devkitPro/libctru/lib\libcitro3d.a(renderqueue.o)
                0x0000000000102bf4                C3D_FrameSplit
 .text.C3D_FrameEnd
                0x0000000000102c0c      0x164 C:/devkitPro/libctru/lib\libcitro3d.a(renderqueue.o)
                0x0000000000102c0c                C3D_FrameEnd
 .text.C3D_FrameEndHook
                0x0000000000102d70       0x1c C:/devkitPro/libctru/lib\libcitro3d.a(renderqueue.o)
                0x0000000000102d70                C3D_FrameEndHook
 .text.C3D_RenderTargetCreate
                0x0000000000102d8c      0x17c C:/devkitPro/libctru/lib\libcitro3d.a(renderqueue.o)
                0x0000000000102d8c                C3D_RenderTargetCreate
 .text.C3D_RenderTargetSetOutput
                0x0000000000102f08       0x4c C:/devkitPro/libctru/lib\libcitro3d.a(renderqueue.o)
                0x0000000000102f08                C3D_RenderTargetSetOutput
 .text.C3D_TexBind
                0x0000000000102f54       0x48 C:/devkitPro/libctru/lib\libcitro3d.a(texture.o)
                0x0000000000102f54                C3D_TexBind
 .text.C3Di_SetTex
                0x0000000000102f9c      0x174 C:/devkitPro/libctru/lib\libcitro3d.a(texture.o)
                0x0000000000102f9c                C3Di_SetTex
 .text.C3D_CalcColorBufSize
                0x0000000000103110       0x1c C:/devkitPro/libctru/lib\libcitro3d.a(framebuffer.o)
                0x0000000000103110                C3D_CalcColorBufSize
 .text.C3D_CalcDepthBufSize
                0x000000000010312c       0x1c C:/devkitPro/libctru/lib\libcitro3d.a(framebuffer.o)
                0x000000000010312c                C3D_CalcDepthBufSize
 .text.C3D_SetFrameBuf
                0x0000000000103148       0x44 C:/devkitPro/libctru/lib\libcitro3d.a(framebuffer.o)
                0x0000000000103148                C3D_SetFrameBuf
 .text.C3Di_FrameBufBind
                0x000000000010318c      0x168 C:/devkitPro/libctru/lib\libcitro3d.a(framebuffer.o)
                0x000000000010318c                C3Di_FrameBufBind
 .text.C3D_FrameBufClear
                0x00000000001032f4       0xc8 C:/devkitPro/libctru/lib\libcitro3d.a(framebuffer.o)
                0x00000000001032f4                C3D_FrameBufClear
 .text.C3D_FrameBufTransfer
                0x00000000001033bc       0x48 C:/devkitPro/libctru/lib\libcitro3d.a(framebuffer.o)
                0x00000000001033bc                C3D_FrameBufTransfer
 .text.C3D_GetTexEnv
                0x0000000000103404       0x34 C:/devkitPro/libctru/lib\libcitro3d.a(texenv.o)
                0x0000000000103404                C3D_GetTexEnv
 .text.C3Di_TexEnvBind
                0x0000000000103438       0x24 C:/devkitPro/libctru/lib\libcitro3d.a(texenv.o)
                0x0000000000103438                C3Di_TexEnvBind
 .text.C3D_ProcTexInit
                0x000000000010345c       0x6c C:/devkitPro/libctru/lib\libcitro3d.a(proctex.o)
                0x000000000010345c                C3D_ProcTexInit
 .text.C3D_ProcTexBind
                0x00000000001034c8       0x50 C:/devkitPro/libctru/lib\libcitro3d.a(proctex.o)
                0x00000000001034c8                C3D_ProcTexBind
 .text.C3D_ProcTexLutBind
                0x0000000000103518       0x60 C:/devkitPro/libctru/lib\libcitro3d.a(proctex.o)
                0x0000000000103518                C3D_ProcTexLutBind
 .text.ProcTexLut_FromArray
                0x0000000000103578       0xa4 C:/devkitPro/libctru/lib\libcitro3d.a(proctex.o)
                0x0000000000103578                ProcTexLut_FromArray
 .text.C3Di_ProcTexUpdate
                0x000000000010361c      0x174 C:/devkitPro/libctru/lib\libcitro3d.a(proctex.o)
                0x000000000010361c                C3Di_ProcTexUpdate
 .text.C3Di_ProcTexDirty
                0x0000000000103790       0x68 C:/devkitPro/libctru/lib\libcitro3d.a(proctex.o)
                0x0000000000103790                C3Di_ProcTexDirty
 .text.BufInfo_Init
                0x00000000001037f8       0x24 C:/devkitPro/libctru/lib\libcitro3d.a(buffers.o)
                0x00000000001037f8                BufInfo_Init
 .text.BufInfo_Add
                0x000000000010381c       0x84 C:/devkitPro/libctru/lib\libcitro3d.a(buffers.o)
                0x000000000010381c                BufInfo_Add
 .text.C3D_SetBufInfo
                0x00000000001038a0       0x40 C:/devkitPro/libctru/lib\libcitro3d.a(buffers.o)
                0x00000000001038a0                C3D_SetBufInfo
 .text.C3Di_BufInfoBind
                0x00000000001038e0       0x48 C:/devkitPro/libctru/lib\libcitro3d.a(buffers.o)
                0x00000000001038e0                C3Di_BufInfoBind
 .text.C3D_DrawArrays
                0x0000000000103928      0x148 C:/devkitPro/libctru/lib\libcitro3d.a(drawArrays.o)
                0x0000000000103928                C3D_DrawArrays
 .text.C3D_DepthMap
                0x0000000000103a70       0x40 C:/devkitPro/libctru/lib\libcitro3d.a(effect.o)
                0x0000000000103a70                C3D_DepthMap
 .text.C3D_CullFace
                0x0000000000103ab0       0x1c C:/devkitPro/libctru/lib\libcitro3d.a(effect.o)
                0x0000000000103ab0                C3D_CullFace
 .text.C3D_StencilTest
                0x0000000000103acc       0x40 C:/devkitPro/libctru/lib\libcitro3d.a(effect.o)
                0x0000000000103acc                C3D_StencilTest
 .text.C3D_StencilOp
                0x0000000000103b0c       0x24 C:/devkitPro/libctru/lib\libcitro3d.a(effect.o)
                0x0000000000103b0c                C3D_StencilOp
 .text.C3D_BlendingColor
                0x0000000000103b30       0x1c C:/devkitPro/libctru/lib\libcitro3d.a(effect.o)
                0x0000000000103b30                C3D_BlendingColor
 .text.C3D_EarlyDepthTest
                0x0000000000103b4c       0x24 C:/devkitPro/libctru/lib\libcitro3d.a(effect.o)
                0x0000000000103b4c                C3D_EarlyDepthTest
 .text.C3D_DepthTest
                0x0000000000103b70       0x2c C:/devkitPro/libctru/lib\libcitro3d.a(effect.o)
                0x0000000000103b70                C3D_DepthTest
 .text.C3D_AlphaTest
                0x0000000000103b9c       0x2c C:/devkitPro/libctru/lib\libcitro3d.a(effect.o)
                0x0000000000103b9c                C3D_AlphaTest
 .text.C3D_AlphaBlend
                0x0000000000103bc8       0x50 C:/devkitPro/libctru/lib\libcitro3d.a(effect.o)
                0x0000000000103bc8                C3D_AlphaBlend
 .text.C3D_FragOpMode
                0x0000000000103c18       0x30 C:/devkitPro/libctru/lib\libcitro3d.a(effect.o)
                0x0000000000103c18                C3D_FragOpMode
 .text.C3D_FragOpShadow
                0x0000000000103c48       0x44 C:/devkitPro/libctru/lib\libcitro3d.a(effect.o)
                0x0000000000103c48                C3D_FragOpShadow
 .text.C3Di_EffectBind
                0x0000000000103c8c      0x1ac C:/devkitPro/libctru/lib\libcitro3d.a(effect.o)
                0x0000000000103c8c                C3Di_EffectBind
 .text.AttrInfo_Init
                0x0000000000103e38       0x28 C:/devkitPro/libctru/lib\libcitro3d.a(attribs.o)
                0x0000000000103e38                AttrInfo_Init
 .text.AttrInfo_AddLoader
                0x0000000000103e60       0xa0 C:/devkitPro/libctru/lib\libcitro3d.a(attribs.o)
                0x0000000000103e60                AttrInfo_AddLoader
 .text.C3D_SetAttrInfo
                0x0000000000103f00       0x54 C:/devkitPro/libctru/lib\libcitro3d.a(attribs.o)
                0x0000000000103f00                C3D_SetAttrInfo
 .text.C3Di_AttrInfoBind
                0x0000000000103f54       0x80 C:/devkitPro/libctru/lib\libcitro3d.a(attribs.o)
                0x0000000000103f54                C3Di_AttrInfoBind
 .text.C3D_ImmSendAttrib
                0x0000000000103fd4       0xa4 C:/devkitPro/libctru/lib\libcitro3d.a(immediate.o)
                0x0000000000103fd4                C3D_ImmSendAttrib
 .text.C3D_UpdateUniforms
                0x0000000000104078      0x2b8 C:/devkitPro/libctru/lib\libcitro3d.a(uniforms.o)
                0x0000000000104078                C3D_UpdateUniforms
 .text.C3Di_DirtyUniforms
                0x0000000000104330       0xc0 C:/devkitPro/libctru/lib\libcitro3d.a(uniforms.o)
                0x0000000000104330                C3Di_DirtyUniforms
 .text.C3Di_LoadShaderUniforms
                0x00000000001043f0       0xe0 C:/devkitPro/libctru/lib\libcitro3d.a(uniforms.o)
                0x00000000001043f0                C3Di_LoadShaderUniforms
 .text.C3Di_ClearShaderUniforms
                0x00000000001044d0       0x28 C:/devkitPro/libctru/lib\libcitro3d.a(uniforms.o)
                0x00000000001044d0                C3Di_ClearShaderUniforms
 .text.Mtx_Ortho
                0x00000000001044f8       0xcc C:/devkitPro/libctru/lib\libcitro3d.a(mtx_ortho.o)
                0x00000000001044f8                Mtx_Ortho
 .text.Mtx_OrthoTilt
                0x00000000001045c4       0xcc C:/devkitPro/libctru/lib\libcitro3d.a(mtx_orthotilt.o)
                0x00000000001045c4                Mtx_OrthoTilt
 .text._ZL21addrMapNodeComparatorPK11rbtree_nodeS1_
                0x0000000000104690       0x24 C:/devkitPro/libctru/lib\libctru.a(vram.o)
 .text._ZL21addrMapNodeDestructorP11rbtree_node
                0x00000000001046b4        0x4 C:/devkitPro/libctru/lib\libctru.a(vram.o)
 .text.vramMemAlign
                0x00000000001046b8      0x110 C:/devkitPro/libctru/lib\libctru.a(vram.o)
                0x00000000001046b8                vramMemAlign
 .text.vramAlloc
                0x00000000001047c8        0x8 C:/devkitPro/libctru/lib\libctru.a(vram.o)
                0x00000000001047c8                vramAlloc
 .text.vramFree
                0x00000000001047d0       0x50 C:/devkitPro/libctru/lib\libctru.a(vram.o)
                0x00000000001047d0                vramFree
 .text._ZL21addrMapNodeComparatorPK11rbtree_nodeS1_
                0x0000000000104820       0x24 C:/devkitPro/libctru/lib\libctru.a(linear.o)
 .text._ZL21addrMapNodeDestructorP11rbtree_node
                0x0000000000104844        0x4 C:/devkitPro/libctru/lib\libctru.a(linear.o)
 .text.linearMemAlign
                0x0000000000104848      0x11c C:/devkitPro/libctru/lib\libctru.a(linear.o)
                0x0000000000104848                linearMemAlign
 .text.linearAlloc
                0x0000000000104964        0x8 C:/devkitPro/libctru/lib\libctru.a(linear.o)
                0x0000000000104964                linearAlloc
 .text.linearFree
                0x000000000010496c       0x50 C:/devkitPro/libctru/lib\libctru.a(linear.o)
                0x000000000010496c                linearFree
 .text._ZN7MemPool13CoalesceRightEP8MemBlock
                0x00000000001049bc       0x90 C:/devkitPro/libctru/lib\libctru.a(mem_pool.o)
                0x00000000001049bc                MemPool::CoalesceRight(MemBlock*)
 .text._ZN7MemPool8AllocateER8MemChunkmi
                0x0000000000104a4c      0x174 C:/devkitPro/libctru/lib\libctru.a(mem_pool.o)
                0x0000000000104a4c                MemPool::Allocate(MemChunk&, unsigned long, int)
 .text._ZN7MemPool10DeallocateERK8MemChunk
                0x0000000000104bc0       0xfc C:/devkitPro/libctru/lib\libctru.a(mem_pool.o)
                0x0000000000104bc0                MemPool::Deallocate(MemChunk const&)
 .text.getSysTime
                0x0000000000104cbc       0x58 C:/devkitPro/libctru/lib\libctru.a(os.o)
 .text.__ctru_speedup_config.part.0
                0x0000000000104d14       0x28 C:/devkitPro/libctru/lib\libctru.a(os.o)
 .text.osConvertVirtToPhys
                0x0000000000104d3c       0x4c C:/devkitPro/libctru/lib\libctru.a(os.o)
                0x0000000000104d3c                osConvertVirtToPhys
 .text.osGetMemRegionUsed
                0x0000000000104d88       0x24 C:/devkitPro/libctru/lib\libctru.a(os.o)
                0x0000000000104d88                osGetMemRegionUsed
 *fill*         0x0000000000104dac        0x4 
 .text.__libctru_gtod
                0x0000000000104db0      0x128 C:/devkitPro/libctru/lib\libctru.a(os.o)
                0x0000000000104db0                __libctru_gtod
 .text.__ctru_speedup_config
                0x0000000000104ed8       0x18 C:/devkitPro/libctru/lib\libctru.a(os.o)
                0x0000000000104ed8                __ctru_speedup_config
 .text.consoleDrawChar
                0x0000000000104ef0      0x1b8 C:/devkitPro/libctru/lib\libctru.a(console.o)
                0x0000000000104ef0                consoleDrawChar
 .text.consolePrintChar
                0x00000000001050a8      0x124 C:/devkitPro/libctru/lib\libctru.a(console.o)
                0x00000000001050a8                consolePrintChar
 .text.consoleCls
                0x00000000001051cc      0x164 C:/devkitPro/libctru/lib\libctru.a(console.o)
 .text.consoleInit
                0x0000000000105330      0x104 C:/devkitPro/libctru/lib\libctru.a(console.o)
                0x0000000000105330                consoleInit
 .text.consoleClearLine
                0x0000000000105434      0x114 C:/devkitPro/libctru/lib\libctru.a(console.o)
 .text.newRow   0x0000000000105548       0xc4 C:/devkitPro/libctru/lib\libctru.a(console.o)
 .text.con_write
                0x000000000010560c      0x7b8 C:/devkitPro/libctru/lib\libctru.a(console.o)
                0x000000000010560c                con_write
 .text.gfxSetFramebufferInfo.part.0
                0x0000000000105dc4       0x8c C:/devkitPro/libctru/lib\libctru.a(gfx.o)
 .text.gfxSetFramebufferInfo
                0x0000000000105e50       0x6c C:/devkitPro/libctru/lib\libctru.a(gfx.o)
 .text.gfxGetFramebuffer.part.1
                0x0000000000105ebc       0x58 C:/devkitPro/libctru/lib\libctru.a(gfx.o)
 .text.gfxIs3D  0x0000000000105f14       0x10 C:/devkitPro/libctru/lib\libctru.a(gfx.o)
                0x0000000000105f14                gfxIs3D
 .text.__get_bytes_per_pixel
                0x0000000000105f24       0x18 C:/devkitPro/libctru/lib\libctru.a(gfx.o)
                0x0000000000105f24                __get_bytes_per_pixel
 .text.gfxSetScreenFormat
                0x0000000000105f3c      0x184 C:/devkitPro/libctru/lib\libctru.a(gfx.o)
                0x0000000000105f3c                gfxSetScreenFormat
 .text.gfxSetDoubleBuffering
                0x00000000001060c0       0x10 C:/devkitPro/libctru/lib\libctru.a(gfx.o)
                0x00000000001060c0                gfxSetDoubleBuffering
 .text.gfxInit  0x00000000001060d0      0x210 C:/devkitPro/libctru/lib\libctru.a(gfx.o)
                0x00000000001060d0                gfxInit
 .text.gfxInitDefault
                0x00000000001062e0       0x10 C:/devkitPro/libctru/lib\libctru.a(gfx.o)
                0x00000000001062e0                gfxInitDefault
 .text.gfxExit  0x00000000001062f0       0xe0 C:/devkitPro/libctru/lib\libctru.a(gfx.o)
                0x00000000001062f0                gfxExit
 .text.gfxGetFramebuffer
                0x00000000001063d0       0x60 C:/devkitPro/libctru/lib\libctru.a(gfx.o)
                0x00000000001063d0                gfxGetFramebuffer
 .text.gfxFlushBuffers
                0x0000000000106430       0xcc C:/devkitPro/libctru/lib\libctru.a(gfx.o)
                0x0000000000106430                gfxFlushBuffers
 .text.gfxConfigScreen
                0x00000000001064fc       0xf8 C:/devkitPro/libctru/lib\libctru.a(gfx.o)
                0x00000000001064fc                gfxConfigScreen
 .text.gfxSwapBuffersGpu
                0x00000000001065f4       0x20 C:/devkitPro/libctru/lib\libctru.a(gfx.o)
                0x00000000001065f4                gfxSwapBuffersGpu
 .text.shaderInstanceInit
                0x0000000000106614      0x1ec C:/devkitPro/libctru/lib\libctru.a(shaderProgram.o)
                0x0000000000106614                shaderInstanceInit
 .text.shaderInstanceFree
                0x0000000000106800       0x34 C:/devkitPro/libctru/lib\libctru.a(shaderProgram.o)
                0x0000000000106800                shaderInstanceFree
 .text.shaderInstanceGetUniformLocation
                0x0000000000106834       0x18 C:/devkitPro/libctru/lib\libctru.a(shaderProgram.o)
                0x0000000000106834                shaderInstanceGetUniformLocation
 .text.shaderProgramInit
                0x000000000010684c       0x18 C:/devkitPro/libctru/lib\libctru.a(shaderProgram.o)
                0x000000000010684c                shaderProgramInit
 .text.shaderProgramFree
                0x0000000000106864       0x2c C:/devkitPro/libctru/lib\libctru.a(shaderProgram.o)
                0x0000000000106864                shaderProgramFree
 .text.shaderProgramSetVsh
                0x0000000000106890       0x6c C:/devkitPro/libctru/lib\libctru.a(shaderProgram.o)
                0x0000000000106890                shaderProgramSetVsh
 .text.shaderProgramConfigure
                0x00000000001068fc      0x8d4 C:/devkitPro/libctru/lib\libctru.a(shaderProgram.o)
                0x00000000001068fc                shaderProgramConfigure
 .text.DVLE_GenerateOutmap.part.0
                0x00000000001071d0      0x1f8 C:/devkitPro/libctru/lib\libctru.a(shbin.o)
 .text.DVLB_ParseFile
                0x00000000001073c8      0x1cc C:/devkitPro/libctru/lib\libctru.a(shbin.o)
                0x00000000001073c8                DVLB_ParseFile
 .text.DVLB_Free
                0x0000000000107594       0x38 C:/devkitPro/libctru/lib\libctru.a(shbin.o)
                0x0000000000107594                DVLB_Free
 .text.DVLE_GetUniformRegister
                0x00000000001075cc       0x78 C:/devkitPro/libctru/lib\libctru.a(shbin.o)
                0x00000000001075cc                DVLE_GetUniformRegister
 .text.submitGxCommand
                0x0000000000107644       0x38 C:/devkitPro/libctru/lib\libctru.a(gx.o)
 .text.GX_BindQueue
                0x000000000010767c       0x10 C:/devkitPro/libctru/lib\libctru.a(gx.o)
                0x000000000010767c                GX_BindQueue
 .text.GX_ProcessCommandList
                0x000000000010768c       0x50 C:/devkitPro/libctru/lib\libctru.a(gx.o)
                0x000000000010768c                GX_ProcessCommandList
 .text.GX_MemoryFill
                0x00000000001076dc       0x54 C:/devkitPro/libctru/lib\libctru.a(gx.o)
                0x00000000001076dc                GX_MemoryFill
 .text.GX_DisplayTransfer
                0x0000000000107730       0x48 C:/devkitPro/libctru/lib\libctru.a(gx.o)
                0x0000000000107730                GX_DisplayTransfer
 .text.gxCmdQueueDoCommands.part.0
                0x0000000000107778       0x74 C:/devkitPro/libctru/lib\libctru.a(gxqueue.o)
 .text.gxCmdQueueInterrupt
                0x00000000001077ec       0xc8 C:/devkitPro/libctru/lib\libctru.a(gxqueue.o)
                0x00000000001077ec                gxCmdQueueInterrupt
 .text.gxCmdQueueClear
                0x00000000001078b4       0x4c C:/devkitPro/libctru/lib\libctru.a(gxqueue.o)
                0x00000000001078b4                gxCmdQueueClear
 .text.gxCmdQueueAdd
                0x0000000000107900       0xf8 C:/devkitPro/libctru/lib\libctru.a(gxqueue.o)
                0x0000000000107900                gxCmdQueueAdd
 .text.gxCmdQueueRun
                0x00000000001079f8       0x80 C:/devkitPro/libctru/lib\libctru.a(gxqueue.o)
                0x00000000001079f8                gxCmdQueueRun
 .text.gxCmdQueueStop
                0x0000000000107a78       0x60 C:/devkitPro/libctru/lib\libctru.a(gxqueue.o)
                0x0000000000107a78                gxCmdQueueStop
 .text.gxCmdQueueWait
                0x0000000000107ad8       0x84 C:/devkitPro/libctru/lib\libctru.a(gxqueue.o)
                0x0000000000107ad8                gxCmdQueueWait
 .text.GPUCMD_Add
                0x0000000000107b5c      0x138 C:/devkitPro/libctru/lib\libctru.a(gpu.o)
                0x0000000000107b5c                GPUCMD_Add
 .text.GPUCMD_Split
                0x0000000000107c94       0xb0 C:/devkitPro/libctru/lib\libctru.a(gpu.o)
                0x0000000000107c94                GPUCMD_Split
 .text.f32tof16
                0x0000000000107d44       0x34 C:/devkitPro/libctru/lib\libctru.a(gpu.o)
                0x0000000000107d44                f32tof16
 .text.f32tof24
                0x0000000000107d78       0x34 C:/devkitPro/libctru/lib\libctru.a(gpu.o)
                0x0000000000107d78                f32tof24
 .text.f32tof31
                0x0000000000107dac       0x38 C:/devkitPro/libctru/lib\libctru.a(gpu.o)
                0x0000000000107dac                f32tof31
 .text.gspInit  0x0000000000107de4       0x74 C:/devkitPro/libctru/lib\libctru.a(gspgpu.o)
                0x0000000000107de4                gspInit
 .text.gspExit  0x0000000000107e58       0x3c C:/devkitPro/libctru/lib\libctru.a(gspgpu.o)
                0x0000000000107e58                gspExit
 .text.gspSetEventCallback
                0x0000000000107e94       0x34 C:/devkitPro/libctru/lib\libctru.a(gspgpu.o)
                0x0000000000107e94                gspSetEventCallback
 .text.gspInitEventHandler
                0x0000000000107ec8       0xa0 C:/devkitPro/libctru/lib\libctru.a(gspgpu.o)
                0x0000000000107ec8                gspInitEventHandler
 .text.gspExitEventHandler
                0x0000000000107f68       0x40 C:/devkitPro/libctru/lib\libctru.a(gspgpu.o)
                0x0000000000107f68                gspExitEventHandler
 .text.gspWaitForEvent
                0x0000000000107fa8       0x44 C:/devkitPro/libctru/lib\libctru.a(gspgpu.o)
                0x0000000000107fa8                gspWaitForEvent
 .text.gspWaitForAnyEvent
                0x0000000000107fec       0x64 C:/devkitPro/libctru/lib\libctru.a(gspgpu.o)
                0x0000000000107fec                gspWaitForAnyEvent
 .text.gspEventThreadMain
                0x0000000000108050      0x178 C:/devkitPro/libctru/lib\libctru.a(gspgpu.o)
 .text.gspSubmitGxCommand
                0x00000000001081c8      0x120 C:/devkitPro/libctru/lib\libctru.a(gspgpu.o)
                0x00000000001081c8                gspSubmitGxCommand
 .text.GSPGPU_SetBufferSwap
                0x00000000001082e8       0x6c C:/devkitPro/libctru/lib\libctru.a(gspgpu.o)
                0x00000000001082e8                GSPGPU_SetBufferSwap
 .text.GSPGPU_FlushDataCache
                0x0000000000108354       0x4c C:/devkitPro/libctru/lib\libctru.a(gspgpu.o)
                0x0000000000108354                GSPGPU_FlushDataCache
 .text.GSPGPU_SetLcdForceBlack
                0x00000000001083a0       0x34 C:/devkitPro/libctru/lib\libctru.a(gspgpu.o)
                0x00000000001083a0                GSPGPU_SetLcdForceBlack
 .text.GSPGPU_RegisterInterruptRelayQueue
                0x00000000001083d4       0x64 C:/devkitPro/libctru/lib\libctru.a(gspgpu.o)
                0x00000000001083d4                GSPGPU_RegisterInterruptRelayQueue
 .text.GSPGPU_UnregisterInterruptRelayQueue
                0x0000000000108438       0x2c C:/devkitPro/libctru/lib\libctru.a(gspgpu.o)
                0x0000000000108438                GSPGPU_UnregisterInterruptRelayQueue
 .text.GSPGPU_AcquireRight
                0x0000000000108464       0x48 C:/devkitPro/libctru/lib\libctru.a(gspgpu.o)
                0x0000000000108464                GSPGPU_AcquireRight
 .text.GSPGPU_ReleaseRight
                0x00000000001084ac       0x2c C:/devkitPro/libctru/lib\libctru.a(gspgpu.o)
                0x00000000001084ac                GSPGPU_ReleaseRight
 .text.GSPGPU_ImportDisplayCaptureInfo
                0x00000000001084d8       0x80 C:/devkitPro/libctru/lib\libctru.a(gspgpu.o)
                0x00000000001084d8                GSPGPU_ImportDisplayCaptureInfo
 .text.GSPGPU_SaveVramSysArea
                0x0000000000108558       0x2c C:/devkitPro/libctru/lib\libctru.a(gspgpu.o)
                0x0000000000108558                GSPGPU_SaveVramSysArea
 .text.GSPGPU_RestoreVramSysArea
                0x0000000000108584       0x2c C:/devkitPro/libctru/lib\libctru.a(gspgpu.o)
                0x0000000000108584                GSPGPU_RestoreVramSysArea
 .text._aptDebug
                0x00000000001085b0        0x4 C:/devkitPro/libctru/lib\libctru.a(apt.o)
                0x00000000001085b0                _aptDebug
 .text.aptSendCommand
                0x00000000001085b4      0x170 C:/devkitPro/libctru/lib\libctru.a(apt.o)
                0x00000000001085b4                aptSendCommand
 .text.aptExitProcess
                0x0000000000108724       0x3c C:/devkitPro/libctru/lib\libctru.a(apt.o)
 .text.aptHook  0x0000000000108760       0x34 C:/devkitPro/libctru/lib\libctru.a(apt.o)
                0x0000000000108760                aptHook
 .text.aptUnhook
                0x0000000000108794       0x2c C:/devkitPro/libctru/lib\libctru.a(apt.o)
                0x0000000000108794                aptUnhook
 .text.APT_InquireNotification
                0x00000000001087c0       0x4c C:/devkitPro/libctru/lib\libctru.a(apt.o)
                0x00000000001087c0                APT_InquireNotification
 .text.aptEventHandler
                0x000000000010880c      0x198 C:/devkitPro/libctru/lib\libctru.a(apt.o)
 .text.APT_AppletUtility
                0x00000000001089a4       0x74 C:/devkitPro/libctru/lib\libctru.a(apt.o)
                0x00000000001089a4                APT_AppletUtility
 .text.aptSetSleepAllowed
                0x0000000000108a18       0xb0 C:/devkitPro/libctru/lib\libctru.a(apt.o)
                0x0000000000108a18                aptSetSleepAllowed
 .text.APT_GlanceParameter
                0x0000000000108ac8       0xb0 C:/devkitPro/libctru/lib\libctru.a(apt.o)
                0x0000000000108ac8                APT_GlanceParameter
 .text.APT_ReceiveParameter
                0x0000000000108b78       0xc4 C:/devkitPro/libctru/lib\libctru.a(apt.o)
                0x0000000000108b78                APT_ReceiveParameter
 .text.aptReceiveParameter.constprop.0
                0x0000000000108c3c       0xbc C:/devkitPro/libctru/lib\libctru.a(apt.o)
 .text.aptScreenTransfer
                0x0000000000108cf8      0x1e0 C:/devkitPro/libctru/lib\libctru.a(apt.o)
 .text.aptWaitForWakeUp
                0x0000000000108ed8      0x210 C:/devkitPro/libctru/lib\libctru.a(apt.o)
 .text.APT_CancelParameter
                0x00000000001090e8       0x70 C:/devkitPro/libctru/lib\libctru.a(apt.o)
                0x00000000001090e8                APT_CancelParameter
 .text.aptInit  0x0000000000109158      0x25c C:/devkitPro/libctru/lib\libctru.a(apt.o)
                0x0000000000109158                aptInit
 .text.aptClearParamQueue
                0x00000000001093b4       0x88 C:/devkitPro/libctru/lib\libctru.a(apt.o)
 .text.aptMainLoop
                0x000000000010943c      0x208 C:/devkitPro/libctru/lib\libctru.a(apt.o)
                0x000000000010943c                aptMainLoop
 *fill*         0x0000000000109644        0x4 
 .text.aptExit  0x0000000000109648      0x23c C:/devkitPro/libctru/lib\libctru.a(apt.o)
                0x0000000000109648                aptExit
 .text.APT_CheckNew3DS
                0x0000000000109884       0x7c C:/devkitPro/libctru/lib\libctru.a(apt.o)
                0x0000000000109884                APT_CheckNew3DS
 .text.hidCheckSectionUpdateTime.part.0
                0x0000000000109900       0x28 C:/devkitPro/libctru/lib\libctru.a(hid.o)
 .text.hidExit  0x0000000000109928       0xd0 C:/devkitPro/libctru/lib\libctru.a(hid.o)
                0x0000000000109928                hidExit
 .text.hidScanInput
                0x00000000001099f8      0x210 C:/devkitPro/libctru/lib\libctru.a(hid.o)
                0x00000000001099f8                hidScanInput
 .text.hidKeysDown
                0x0000000000109c08       0x10 C:/devkitPro/libctru/lib\libctru.a(hid.o)
                0x0000000000109c08                hidKeysDown
 .text.hidKeysUp
                0x0000000000109c18       0x10 C:/devkitPro/libctru/lib\libctru.a(hid.o)
                0x0000000000109c18                hidKeysUp
 .text.HIDUSER_GetHandles
                0x0000000000109c28       0x90 C:/devkitPro/libctru/lib\libctru.a(hid.o)
                0x0000000000109c28                HIDUSER_GetHandles
 .text.hidInit  0x0000000000109cb8      0x1a4 C:/devkitPro/libctru/lib\libctru.a(hid.o)
                0x0000000000109cb8                hidInit
 .text.ptmSysmInit
                0x0000000000109e5c       0x74 C:/devkitPro/libctru/lib\libctru.a(ptmsysm.o)
                0x0000000000109e5c                ptmSysmInit
 .text.ptmSysmExit
                0x0000000000109ed0       0x3c C:/devkitPro/libctru/lib\libctru.a(ptmsysm.o)
                0x0000000000109ed0                ptmSysmExit
 .text.PTMSYSM_ConfigureNew3DSCPU
                0x0000000000109f0c       0x34 C:/devkitPro/libctru/lib\libctru.a(ptmsysm.o)
                0x0000000000109f0c                PTMSYSM_ConfigureNew3DSCPU
 .text.rbtree_init
                0x0000000000109f40       0x14 C:/devkitPro/libctru/lib\libctru.a(rbtree_init.o)
                0x0000000000109f40                rbtree_init
 .text.do_insert
                0x0000000000109f54      0x18c C:/devkitPro/libctru/lib\libctru.a(rbtree_insert.o)
 .text.rbtree_insert
                0x000000000010a0e0        0x8 C:/devkitPro/libctru/lib\libctru.a(rbtree_insert.o)
                0x000000000010a0e0                rbtree_insert
 .text.rbtree_rotate
                0x000000000010a0e8       0x90 C:/devkitPro/libctru/lib\libctru.a(rbtree_rotate.o)
                0x000000000010a0e8                rbtree_rotate
 .text.rbtree_remove
                0x000000000010a178      0x330 C:/devkitPro/libctru/lib\libctru.a(rbtree_remove.o)
                0x000000000010a178                rbtree_remove
 .text.rbtree_find
                0x000000000010a4a8       0x74 C:/devkitPro/libctru/lib\libctru.a(rbtree_find.o)
                0x000000000010a4a8                rbtree_find
 .text.__libctru_init
                0x000000000010a51c       0x38 C:/devkitPro/libctru/lib\libctru.a(initSystem.o)
                0x000000000010a51c                __libctru_init
 .text.__libctru_nanosleep
                0x000000000010a554       0x38 C:/devkitPro/libctru/lib\libctru.a(syscalls.o)
 .text.__ctru_get_reent
                0x000000000010a58c       0x30 C:/devkitPro/libctru/lib\libctru.a(syscalls.o)
 .text.__system_initSyscalls
                0x000000000010a5bc       0xfc C:/devkitPro/libctru/lib\libctru.a(syscalls.o)
                0x000000000010a5bc                __system_initSyscalls
 .text.__system_allocateHeaps
                0x000000000010a6b8      0x104 C:/devkitPro/libctru/lib\libctru.a(allocateHeaps.o)
                0x000000000010a6b8                __system_allocateHeaps
 .text.__system_initArgv
                0x000000000010a7bc       0xf0 C:/devkitPro/libctru/lib\libctru.a(initArgv.o)
                0x000000000010a7bc                __system_initArgv
 .text.svcControlMemory
                0x000000000010a8ac       0x20 C:/devkitPro/libctru/lib\libctru.a(svc.o)
                0x000000000010a8ac                svcControlMemory
 .text.svcExitProcess
                0x000000000010a8cc        0x8 C:/devkitPro/libctru/lib\libctru.a(svc.o)
                0x000000000010a8cc                svcExitProcess
 .text.svcCreateThread
                0x000000000010a8d4       0x20 C:/devkitPro/libctru/lib\libctru.a(svc.o)
                0x000000000010a8d4                svcCreateThread
 .text.svcExitThread
                0x000000000010a8f4        0x8 C:/devkitPro/libctru/lib\libctru.a(svc.o)
                0x000000000010a8f4                svcExitThread
 .text.svcSleepThread
                0x000000000010a8fc        0x8 C:/devkitPro/libctru/lib\libctru.a(svc.o)
                0x000000000010a8fc                svcSleepThread
 .text.svcReleaseMutex
                0x000000000010a904        0x8 C:/devkitPro/libctru/lib\libctru.a(svc.o)
                0x000000000010a904                svcReleaseMutex
 .text.svcCreateEvent
                0x000000000010a90c       0x14 C:/devkitPro/libctru/lib\libctru.a(svc.o)
                0x000000000010a90c                svcCreateEvent
 .text.svcSignalEvent
                0x000000000010a920        0x8 C:/devkitPro/libctru/lib\libctru.a(svc.o)
                0x000000000010a920                svcSignalEvent
 .text.svcClearEvent
                0x000000000010a928        0x8 C:/devkitPro/libctru/lib\libctru.a(svc.o)
                0x000000000010a928                svcClearEvent
 .text.svcMapMemoryBlock
                0x000000000010a930        0x8 C:/devkitPro/libctru/lib\libctru.a(svc.o)
                0x000000000010a930                svcMapMemoryBlock
 .text.svcUnmapMemoryBlock
                0x000000000010a938        0x8 C:/devkitPro/libctru/lib\libctru.a(svc.o)
                0x000000000010a938                svcUnmapMemoryBlock
 .text.svcCreateAddressArbiter
                0x000000000010a940       0x14 C:/devkitPro/libctru/lib\libctru.a(svc.o)
                0x000000000010a940                svcCreateAddressArbiter
 .text.svcArbitrateAddress
                0x000000000010a954       0x18 C:/devkitPro/libctru/lib\libctru.a(svc.o)
                0x000000000010a954                svcArbitrateAddress
 .text.svcCloseHandle
                0x000000000010a96c        0x8 C:/devkitPro/libctru/lib\libctru.a(svc.o)
                0x000000000010a96c                svcCloseHandle
 .text.svcWaitSynchronization
                0x000000000010a974        0x8 C:/devkitPro/libctru/lib\libctru.a(svc.o)
                0x000000000010a974                svcWaitSynchronization
 .text.svcWaitSynchronizationN
                0x000000000010a97c       0x28 C:/devkitPro/libctru/lib\libctru.a(svc.o)
                0x000000000010a97c                svcWaitSynchronizationN
 .text.svcDuplicateHandle
                0x000000000010a9a4       0x14 C:/devkitPro/libctru/lib\libctru.a(svc.o)
                0x000000000010a9a4                svcDuplicateHandle
 .text.svcGetSystemTick
                0x000000000010a9b8        0x8 C:/devkitPro/libctru/lib\libctru.a(svc.o)
                0x000000000010a9b8                svcGetSystemTick
 .text.svcGetSystemInfo
                0x000000000010a9c0       0x18 C:/devkitPro/libctru/lib\libctru.a(svc.o)
                0x000000000010a9c0                svcGetSystemInfo
 .text.svcConnectToPort
                0x000000000010a9d8       0x14 C:/devkitPro/libctru/lib\libctru.a(svc.o)
                0x000000000010a9d8                svcConnectToPort
 .text.svcSendSyncRequest
                0x000000000010a9ec        0x8 C:/devkitPro/libctru/lib\libctru.a(svc.o)
                0x000000000010a9ec                svcSendSyncRequest
 .text.svcBreak
                0x000000000010a9f4        0x8 C:/devkitPro/libctru/lib\libctru.a(svc.o)
                0x000000000010a9f4                svcBreak
 .text._ZL21addrMapNodeComparatorPK11rbtree_nodeS1_
                0x000000000010a9fc       0x24 C:/devkitPro/libctru/lib\libctru.a(mappable.o)
 .text._ZL21addrMapNodeDestructorP11rbtree_node
                0x000000000010aa20        0x4 C:/devkitPro/libctru/lib\libctru.a(mappable.o)
 .text.mappableAlloc
                0x000000000010aa24       0xe4 C:/devkitPro/libctru/lib\libctru.a(mappable.o)
                0x000000000010aa24                mappableAlloc
 .text.mappableFree
                0x000000000010ab08       0x50 C:/devkitPro/libctru/lib\libctru.a(mappable.o)
                0x000000000010ab08                mappableFree
 .text.LightLock_Unlock.part.1
                0x000000000010ab58       0x38 C:/devkitPro/libctru/lib\libctru.a(synchronization.o)
 .text.__sync_init
                0x000000000010ab90        0xc C:/devkitPro/libctru/lib\libctru.a(synchronization.o)
                0x000000000010ab90                __sync_init
 .text.__sync_fini
                0x000000000010ab9c       0x18 C:/devkitPro/libctru/lib\libctru.a(synchronization.o)
                0x000000000010ab9c                __sync_fini
 .text.__sync_get_arbiter
                0x000000000010abb4       0x10 C:/devkitPro/libctru/lib\libctru.a(synchronization.o)
                0x000000000010abb4                __sync_get_arbiter
 .text.LightLock_Init
                0x000000000010abc4       0x18 C:/devkitPro/libctru/lib\libctru.a(synchronization.o)
                0x000000000010abc4                LightLock_Init
 .text.LightLock_Lock
                0x000000000010abdc       0x9c C:/devkitPro/libctru/lib\libctru.a(synchronization.o)
                0x000000000010abdc                LightLock_Lock
 .text.LightLock_TryLock
                0x000000000010ac78       0x34 C:/devkitPro/libctru/lib\libctru.a(synchronization.o)
                0x000000000010ac78                LightLock_TryLock
 .text.LightLock_Unlock
                0x000000000010acac       0x20 C:/devkitPro/libctru/lib\libctru.a(synchronization.o)
                0x000000000010acac                LightLock_Unlock
 .text.RecursiveLock_Init
                0x000000000010accc       0x24 C:/devkitPro/libctru/lib\libctru.a(synchronization.o)
                0x000000000010accc                RecursiveLock_Init
 .text.RecursiveLock_Lock
                0x000000000010acf0       0x30 C:/devkitPro/libctru/lib\libctru.a(synchronization.o)
                0x000000000010acf0                RecursiveLock_Lock
 .text.RecursiveLock_TryLock
                0x000000000010ad20       0x58 C:/devkitPro/libctru/lib\libctru.a(synchronization.o)
                0x000000000010ad20                RecursiveLock_TryLock
 .text.RecursiveLock_Unlock
                0x000000000010ad78       0x38 C:/devkitPro/libctru/lib\libctru.a(synchronization.o)
                0x000000000010ad78                RecursiveLock_Unlock
 .text.LightEvent_Init
                0x000000000010adb0       0x38 C:/devkitPro/libctru/lib\libctru.a(synchronization.o)
                0x000000000010adb0                LightEvent_Init
 .text.LightEvent_Clear
                0x000000000010ade8       0x7c C:/devkitPro/libctru/lib\libctru.a(synchronization.o)
                0x000000000010ade8                LightEvent_Clear
 .text.LightEvent_Signal
                0x000000000010ae64       0xdc C:/devkitPro/libctru/lib\libctru.a(synchronization.o)
                0x000000000010ae64                LightEvent_Signal
 .text.LightEvent_Wait
                0x000000000010af40       0xc0 C:/devkitPro/libctru/lib\libctru.a(synchronization.o)
                0x000000000010af40                LightEvent_Wait
 .text.srvExit  0x000000000010b000       0x58 C:/devkitPro/libctru/lib\libctru.a(srv.o)
                0x000000000010b000                srvExit
 .text.srvRegisterClient
                0x000000000010b058       0x38 C:/devkitPro/libctru/lib\libctru.a(srv.o)
                0x000000000010b058                srvRegisterClient
 .text.srvInit  0x000000000010b090       0xc8 C:/devkitPro/libctru/lib\libctru.a(srv.o)
                0x000000000010b090                srvInit
 .text.srvGetServiceHandleDirect
                0x000000000010b158       0x80 C:/devkitPro/libctru/lib\libctru.a(srv.o)
                0x000000000010b158                srvGetServiceHandleDirect
 .text.srvGetServiceHandle
                0x000000000010b1d8       0x38 C:/devkitPro/libctru/lib\libctru.a(srv.o)
                0x000000000010b1d8                srvGetServiceHandle
 .text.threadFree.part.0
                0x000000000010b210       0x1c C:/devkitPro/libctru/lib\libctru.a(thread.o)
 .text.threadCreate
                0x000000000010b22c      0x194 C:/devkitPro/libctru/lib\libctru.a(thread.o)
                0x000000000010b22c                threadCreate
 .text.threadJoin
                0x000000000010b3c0       0x24 C:/devkitPro/libctru/lib\libctru.a(thread.o)
                0x000000000010b3c0                threadJoin
 .text.threadExit
                0x000000000010b3e4       0x68 C:/devkitPro/libctru/lib\libctru.a(thread.o)
                0x000000000010b3e4                threadExit
 .text._thread_begin
                0x000000000010b44c       0x48 C:/devkitPro/libctru/lib\libctru.a(thread.o)
 .text.irrstScanInput
                0x000000000010b494       0xac C:/devkitPro/libctru/lib\libctru.a(irrst.o)
                0x000000000010b494                irrstScanInput
 .text.irrstKeysHeld
                0x000000000010b540       0x24 C:/devkitPro/libctru/lib\libctru.a(irrst.o)
                0x000000000010b540                irrstKeysHeld
 .text.IRRST_GetHandles
                0x000000000010b564       0x50 C:/devkitPro/libctru/lib\libctru.a(irrst.o)
                0x000000000010b564                IRRST_GetHandles
 .text.irrstInit
                0x000000000010b5b4      0x154 C:/devkitPro/libctru/lib\libctru.a(irrst.o)
                0x000000000010b5b4                irrstInit
 .text.IRRST_Shutdown
                0x000000000010b708       0x2c C:/devkitPro/libctru/lib\libctru.a(irrst.o)
                0x000000000010b708                IRRST_Shutdown
 .text.irrstExit
                0x000000000010b734       0xac C:/devkitPro/libctru/lib\libctru.a(irrst.o)
                0x000000000010b734                irrstExit
 .text.srvPmGetSessionHandle
                0x000000000010b7e0        0xc C:/devkitPro/libctru/lib\libctru.a(srvpm.o)
                0x000000000010b7e0                srvPmGetSessionHandle
 .text.rbtree_node_next
                0x000000000010b7ec       0x78 C:/devkitPro/libctru/lib\libctru.a(rbtree_iterator.o)
                0x000000000010b7ec                rbtree_node_next
 .text.__appInit
                0x000000000010b864       0x1c C:/devkitPro/libctru/lib\libctru.a(appInit.o)
                0x000000000010b864                __appInit
 .text.__appExit
                0x000000000010b880       0x1c C:/devkitPro/libctru/lib\libctru.a(appExit.o)
                0x000000000010b880                __appExit
 .text.__libctru_exit
                0x000000000010b89c       0xa0 C:/devkitPro/libctru/lib\libctru.a(ctru_exit.o)
                0x000000000010b89c                __libctru_exit
 .text.envGetHandle
                0x000000000010b93c       0x80 C:/devkitPro/libctru/lib\libctru.a(env.o)
                0x000000000010b93c                envGetHandle
 .text.envDestroyHandles
                0x000000000010b9bc       0x4c C:/devkitPro/libctru/lib\libctru.a(env.o)
                0x000000000010b9bc                envDestroyHandles
 .text.sdmc_link
                0x000000000010ba08       0x10 C:/devkitPro/libctru/lib\libctru.a(sdmc_dev.o)
 .text.sdmc_dirreset
                0x000000000010ba18       0x10 C:/devkitPro/libctru/lib\libctru.a(sdmc_dev.o)
 .text.sdmc_chmod
                0x000000000010ba28       0x10 C:/devkitPro/libctru/lib\libctru.a(sdmc_dev.o)
 .text.error_cmp
                0x000000000010ba38       0x24 C:/devkitPro/libctru/lib\libctru.a(sdmc_dev.o)
 .text.sdmc_translate_error
                0x000000000010ba5c       0x50 C:/devkitPro/libctru/lib\libctru.a(sdmc_dev.o)
 .text.sdmc_fsync
                0x000000000010baac       0x34 C:/devkitPro/libctru/lib\libctru.a(sdmc_dev.o)
 .text.sdmc_ftruncate
                0x000000000010bae0       0x54 C:/devkitPro/libctru/lib\libctru.a(sdmc_dev.o)
 .text.sdmc_statvfs
                0x000000000010bb34       0xb8 C:/devkitPro/libctru/lib\libctru.a(sdmc_dev.o)
 .text.sdmc_dirclose
                0x000000000010bbec       0x38 C:/devkitPro/libctru/lib\libctru.a(sdmc_dev.o)
 .text.sdmc_dirnext
                0x000000000010bc24      0x12c C:/devkitPro/libctru/lib\libctru.a(sdmc_dev.o)
 .text.sdmc_close
                0x000000000010bd50       0x34 C:/devkitPro/libctru/lib\libctru.a(sdmc_dev.o)
 .text.sdmc_fstat
                0x000000000010bd84       0x74 C:/devkitPro/libctru/lib\libctru.a(sdmc_dev.o)
 .text.sdmc_seek
                0x000000000010bdf8       0xd8 C:/devkitPro/libctru/lib\libctru.a(sdmc_dev.o)
 .text.sdmc_read
                0x000000000010bed0       0x84 C:/devkitPro/libctru/lib\libctru.a(sdmc_dev.o)
 .text.sdmc_write
                0x000000000010bf54       0xc0 C:/devkitPro/libctru/lib\libctru.a(sdmc_dev.o)
 .text.sdmc_utf16path
                0x000000000010c014      0x1b0 C:/devkitPro/libctru/lib\libctru.a(sdmc_dev.o)
 .text.sdmc_rmdir
                0x000000000010c1c4       0x74 C:/devkitPro/libctru/lib\libctru.a(sdmc_dev.o)
 .text.sdmc_diropen
                0x000000000010c238       0xa4 C:/devkitPro/libctru/lib\libctru.a(sdmc_dev.o)
 .text.sdmc_chdir
                0x000000000010c2dc       0xb0 C:/devkitPro/libctru/lib\libctru.a(sdmc_dev.o)
 .text.sdmc_mkdir
                0x000000000010c38c       0x94 C:/devkitPro/libctru/lib\libctru.a(sdmc_dev.o)
 .text.sdmc_rename
                0x000000000010c420      0x108 C:/devkitPro/libctru/lib\libctru.a(sdmc_dev.o)
 .text.sdmc_unlink
                0x000000000010c528       0x74 C:/devkitPro/libctru/lib\libctru.a(sdmc_dev.o)
 .text.sdmc_stat
                0x000000000010c59c      0x108 C:/devkitPro/libctru/lib\libctru.a(sdmc_dev.o)
 .text.sdmc_open
                0x000000000010c6a4      0x198 C:/devkitPro/libctru/lib\libctru.a(sdmc_dev.o)
 .text.sdmc_fchmod
                0x000000000010c83c       0x10 C:/devkitPro/libctru/lib\libctru.a(sdmc_dev.o)
 .text.sdmcInit
                0x000000000010c84c      0x168 C:/devkitPro/libctru/lib\libctru.a(sdmc_dev.o)
                0x000000000010c84c                sdmcInit
 .text.sdmcExit
                0x000000000010c9b4       0x60 C:/devkitPro/libctru/lib\libctru.a(sdmc_dev.o)
                0x000000000010c9b4                sdmcExit
 .text.fsSessionForArchive.part.0
                0x000000000010ca14       0x28 C:/devkitPro/libctru/lib\libctru.a(fs.o)
 .text.fsInit   0x000000000010ca3c       0xc4 C:/devkitPro/libctru/lib\libctru.a(fs.o)
                0x000000000010ca3c                fsInit
 .text.fsExit   0x000000000010cb00       0x3c C:/devkitPro/libctru/lib\libctru.a(fs.o)
                0x000000000010cb00                fsExit
 .text.fsExemptFromSession
                0x000000000010cb3c       0x64 C:/devkitPro/libctru/lib\libctru.a(fs.o)
                0x000000000010cb3c                fsExemptFromSession
 .text.fsUnexemptFromSession
                0x000000000010cba0       0x54 C:/devkitPro/libctru/lib\libctru.a(fs.o)
                0x000000000010cba0                fsUnexemptFromSession
 .text.FSUSER_OpenFile
                0x000000000010cbf4       0xbc C:/devkitPro/libctru/lib\libctru.a(fs.o)
                0x000000000010cbf4                FSUSER_OpenFile
 .text.FSUSER_DeleteFile
                0x000000000010ccb0       0xa4 C:/devkitPro/libctru/lib\libctru.a(fs.o)
                0x000000000010ccb0                FSUSER_DeleteFile
 .text.FSUSER_RenameFile
                0x000000000010cd54       0xdc C:/devkitPro/libctru/lib\libctru.a(fs.o)
                0x000000000010cd54                FSUSER_RenameFile
 .text.FSUSER_DeleteDirectory
                0x000000000010ce30       0xa4 C:/devkitPro/libctru/lib\libctru.a(fs.o)
                0x000000000010ce30                FSUSER_DeleteDirectory
 .text.FSUSER_CreateFile
                0x000000000010ced4       0xbc C:/devkitPro/libctru/lib\libctru.a(fs.o)
                0x000000000010ced4                FSUSER_CreateFile
 .text.FSUSER_CreateDirectory
                0x000000000010cf90       0xac C:/devkitPro/libctru/lib\libctru.a(fs.o)
                0x000000000010cf90                FSUSER_CreateDirectory
 .text.FSUSER_RenameDirectory
                0x000000000010d03c       0xdc C:/devkitPro/libctru/lib\libctru.a(fs.o)
                0x000000000010d03c                FSUSER_RenameDirectory
 .text.FSUSER_OpenDirectory
                0x000000000010d118       0xa0 C:/devkitPro/libctru/lib\libctru.a(fs.o)
                0x000000000010d118                FSUSER_OpenDirectory
 .text.FSUSER_OpenArchive
                0x000000000010d1b8       0x98 C:/devkitPro/libctru/lib\libctru.a(fs.o)
                0x000000000010d1b8                FSUSER_OpenArchive
 .text.FSUSER_CloseArchive
                0x000000000010d250       0x70 C:/devkitPro/libctru/lib\libctru.a(fs.o)
                0x000000000010d250                FSUSER_CloseArchive
 .text.FSUSER_GetSdmcArchiveResource
                0x000000000010d2c0       0x78 C:/devkitPro/libctru/lib\libctru.a(fs.o)
                0x000000000010d2c0                FSUSER_GetSdmcArchiveResource
 .text.FSUSER_IsSdmcWritable
                0x000000000010d338       0x64 C:/devkitPro/libctru/lib\libctru.a(fs.o)
                0x000000000010d338                FSUSER_IsSdmcWritable
 .text.FSFILE_Read
                0x000000000010d39c       0x58 C:/devkitPro/libctru/lib\libctru.a(fs.o)
                0x000000000010d39c                FSFILE_Read
 .text.FSFILE_Write
                0x000000000010d3f4       0x64 C:/devkitPro/libctru/lib\libctru.a(fs.o)
                0x000000000010d3f4                FSFILE_Write
 .text.FSFILE_GetSize
                0x000000000010d458       0x38 C:/devkitPro/libctru/lib\libctru.a(fs.o)
                0x000000000010d458                FSFILE_GetSize
 .text.FSFILE_SetSize
                0x000000000010d490       0x28 C:/devkitPro/libctru/lib\libctru.a(fs.o)
                0x000000000010d490                FSFILE_SetSize
 .text.FSFILE_Close
                0x000000000010d4b8       0x3c C:/devkitPro/libctru/lib\libctru.a(fs.o)
                0x000000000010d4b8                FSFILE_Close
 .text.FSFILE_Flush
                0x000000000010d4f4       0x24 C:/devkitPro/libctru/lib\libctru.a(fs.o)
                0x000000000010d4f4                FSFILE_Flush
 .text.FSDIR_Read
                0x000000000010d518       0x54 C:/devkitPro/libctru/lib\libctru.a(fs.o)
                0x000000000010d518                FSDIR_Read
 .text.FSDIR_Close
                0x000000000010d56c       0x3c C:/devkitPro/libctru/lib\libctru.a(fs.o)
                0x000000000010d56c                FSDIR_Close
 .text.utf8_to_utf16
                0x000000000010d5a8       0xc0 C:/devkitPro/libctru/lib\libctru.a(utf8_to_utf16.o)
                0x000000000010d5a8                utf8_to_utf16
 .text.decode_utf8
                0x000000000010d668      0x138 C:/devkitPro/libctru/lib\libctru.a(decode_utf8.o)
                0x000000000010d668                decode_utf8
 .text.utf16_to_utf8
                0x000000000010d7a0       0xe8 C:/devkitPro/libctru/lib\libctru.a(utf16_to_utf8.o)
                0x000000000010d7a0                utf16_to_utf8
 .text.__aeabi_read_tp
                0x000000000010d888        0xc C:/devkitPro/libctru/lib\libctru.a(readtp.o)
                0x000000000010d888                __aeabi_read_tp
 .text.encode_utf16
                0x000000000010d894       0x68 C:/devkitPro/libctru/lib\libctru.a(encode_utf16.o)
                0x000000000010d894                encode_utf16
 .text.encode_utf8
                0x000000000010d8fc      0x104 C:/devkitPro/libctru/lib\libctru.a(encode_utf8.o)
                0x000000000010d8fc                encode_utf8
 .text.decode_utf16
                0x000000000010da00       0x60 C:/devkitPro/libctru/lib\libctru.a(decode_utf16.o)
                0x000000000010da00                decode_utf16
 .text.__fixdfdi
                0x000000000010da60       0x2c c:/devkitpro/devkitarm/bin/../lib/gcc/arm-none-eabi/8.3.0/armv6k/fpu\libgcc.a(_fixdfdi.o)
                0x000000000010da60                __fixdfdi
                0x000000000010da60                __aeabi_d2lz
 *fill*         0x000000000010da8c        0x4 
 .text.__fixunsdfdi
                0x000000000010da90       0x40 c:/devkitpro/devkitarm/bin/../lib/gcc/arm-none-eabi/8.3.0/armv6k/fpu\libgcc.a(_fixunsdfdi.o)
                0x000000000010da90                __fixunsdfdi
                0x000000000010da90                __aeabi_d2ulz
 .text.__udivmoddi4
                0x000000000010dad0      0x128 c:/devkitpro/devkitarm/bin/../lib/gcc/arm-none-eabi/8.3.0/armv6k/fpu\libgcc.a(_udivmoddi4.o)
                0x000000000010dad0                __udivmoddi4
 .text.bsearch  0x000000000010dbf8       0x7c c:/devkitpro/devkitarm/bin/../lib/gcc/arm-none-eabi/8.3.0/../../../../arm-none-eabi/lib/armv6k/fpu\libg.a(lib_a-bsearch.o)
                0x000000000010dbf8                bsearch
 .text.calloc   0x000000000010dc74       0x20 c:/devkitpro/devkitarm/bin/../lib/gcc/arm-none-eabi/8.3.0/../../../../arm-none-eabi/lib/armv6k/fpu\libg.a(lib_a-calloc.o)
                0x000000000010dc74                calloc
 .text._calloc_r
                0x000000000010dc94       0x94 c:/devkitpro/devkitarm/bin/../lib/gcc/arm-none-eabi/8.3.0/../../../../arm-none-eabi/lib/armv6k/fpu\libg.a(lib_a-callocr.o)
                0x000000000010dc94                _calloc_r
 .text.__libc_fini_array
                0x000000000010dd28       0x40 c:/devkitpro/devkitarm/bin/../lib/gcc/arm-none-eabi/8.3.0/../../../../arm-none-eabi/lib/armv6k/fpu\libg.a(lib_a-fini.o)
                0x000000000010dd28                __libc_fini_array
 .text.__libc_init_array
                0x000000000010dd68       0x7c c:/devkitpro/devkitarm/bin/../lib/gcc/arm-none-eabi/8.3.0/../../../../arm-none-eabi/lib/armv6k/fpu\libg.a(lib_a-init.o)
                0x000000000010dd68                __libc_init_array
 .text.memalign
                0x000000000010dde4       0x20 c:/devkitpro/devkitarm/bin/../lib/gcc/arm-none-eabi/8.3.0/../../../../arm-none-eabi/lib/armv6k/fpu\libg.a(lib_a-malign.o)
                0x000000000010dde4                memalign
 .text._memalign_r
                0x000000000010de04      0x14c c:/devkitpro/devkitarm/bin/../lib/gcc/arm-none-eabi/8.3.0/../../../../arm-none-eabi/lib/armv6k/fpu\libg.a(lib_a-malignr.o)
                0x000000000010de04                _memalign_r
 .text.malloc   0x000000000010df50       0x18 c:/devkitpro/devkitarm/bin/../lib/gcc/arm-none-eabi/8.3.0/../../../../arm-none-eabi/lib/armv6k/fpu\libg.a(lib_a-malloc.o)
                0x000000000010df50                malloc
 .text.free     0x000000000010df68       0x18 c:/devkitpro/devkitarm/bin/../lib/gcc/arm-none-eabi/8.3.0/../../../../arm-none-eabi/lib/armv6k/fpu\libg.a(lib_a-malloc.o)
                0x000000000010df68                free
 .text._malloc_r
                0x000000000010df80      0x7d8 c:/devkitpro/devkitarm/bin/../lib/gcc/arm-none-eabi/8.3.0/../../../../arm-none-eabi/lib/armv6k/fpu\libg.a(lib_a-mallocr.o)
                0x000000000010df80                _malloc_r
 .text.memchr   0x000000000010e758      0x100 c:/devkitpro/devkitarm/bin/../lib/gcc/arm-none-eabi/8.3.0/../../../../arm-none-eabi/lib/armv6k/fpu\libg.a(lib_a-memchr-stub.o)
                0x000000000010e758                memchr
 .text.memcpy   0x000000000010e858      0x118 c:/devkitpro/devkitarm/bin/../lib/gcc/arm-none-eabi/8.3.0/../../../../arm-none-eabi/lib/armv6k/fpu\libg.a(lib_a-memcpy-stub.o)
                0x000000000010e858                memcpy
 .text.memset   0x000000000010e970      0x114 c:/devkitpro/devkitarm/bin/../lib/gcc/arm-none-eabi/8.3.0/../../../../arm-none-eabi/lib/armv6k/fpu\libg.a(lib_a-memset.o)
                0x000000000010e970                memset
 .text.__malloc_lock
                0x000000000010ea84        0xc c:/devkitpro/devkitarm/bin/../lib/gcc/arm-none-eabi/8.3.0/../../../../arm-none-eabi/lib/armv6k/fpu\libg.a(lib_a-mlock.o)
                0x000000000010ea84                __malloc_lock
 .text.__malloc_unlock
                0x000000000010ea90        0xc c:/devkitpro/devkitarm/bin/../lib/gcc/arm-none-eabi/8.3.0/../../../../arm-none-eabi/lib/armv6k/fpu\libg.a(lib_a-mlock.o)
                0x000000000010ea90                __malloc_unlock
 .text.setvbuf  0x000000000010ea9c      0x25c c:/devkitpro/devkitarm/bin/../lib/gcc/arm-none-eabi/8.3.0/../../../../arm-none-eabi/lib/armv6k/fpu\libg.a(lib_a-setvbuf.o)
                0x000000000010ea9c                setvbuf
 .text.sscanf   0x000000000010ecf8       0x74 c:/devkitpro/devkitarm/bin/../lib/gcc/arm-none-eabi/8.3.0/../../../../arm-none-eabi/lib/armv6k/fpu\libg.a(lib_a-sscanf.o)
                0x000000000010ecf8                sscanf
 .text.__sread  0x000000000010ed6c       0x3c c:/devkitpro/devkitarm/bin/../lib/gcc/arm-none-eabi/8.3.0/../../../../arm-none-eabi/lib/armv6k/fpu\libg.a(lib_a-stdio.o)
                0x000000000010ed6c                __sread
 .text.__seofread
                0x000000000010eda8        0x8 c:/devkitpro/devkitarm/bin/../lib/gcc/arm-none-eabi/8.3.0/../../../../arm-none-eabi/lib/armv6k/fpu\libg.a(lib_a-stdio.o)
                0x000000000010eda8                __seofread
 .text.__swrite
                0x000000000010edb0       0x68 c:/devkitpro/devkitarm/bin/../lib/gcc/arm-none-eabi/8.3.0/../../../../arm-none-eabi/lib/armv6k/fpu\libg.a(lib_a-stdio.o)
                0x000000000010edb0                __swrite
 .text.__sseek  0x000000000010ee18       0x48 c:/devkitpro/devkitarm/bin/../lib/gcc/arm-none-eabi/8.3.0/../../../../arm-none-eabi/lib/armv6k/fpu\libg.a(lib_a-stdio.o)
                0x000000000010ee18                __sseek
 .text.__sclose
                0x000000000010ee60        0x8 c:/devkitpro/devkitarm/bin/../lib/gcc/arm-none-eabi/8.3.0/../../../../arm-none-eabi/lib/armv6k/fpu\libg.a(lib_a-stdio.o)
                0x000000000010ee60                __sclose
 .text.strlen   0x000000000010ee68       0x5c c:/devkitpro/devkitarm/bin/../lib/gcc/arm-none-eabi/8.3.0/../../../../arm-none-eabi/lib/armv6k/fpu\libg.a(lib_a-strlen-stub.o)
                0x000000000010ee68                strlen
 .text.strncat  0x000000000010eec4       0x98 c:/devkitpro/devkitarm/bin/../lib/gcc/arm-none-eabi/8.3.0/../../../../arm-none-eabi/lib/armv6k/fpu\libg.a(lib_a-strncat.o)
                0x000000000010eec4                strncat
 .text.strncpy  0x000000000010ef5c       0xe0 c:/devkitpro/devkitarm/bin/../lib/gcc/arm-none-eabi/8.3.0/../../../../arm-none-eabi/lib/armv6k/fpu\libg.a(lib_a-strncpy.o)
                0x000000000010ef5c                strncpy
 .text.strnlen  0x000000000010f03c       0x5c c:/devkitpro/devkitarm/bin/../lib/gcc/arm-none-eabi/8.3.0/../../../../arm-none-eabi/lib/armv6k/fpu\libg.a(lib_a-strnlen.o)
                0x000000000010f03c                strnlen
 .text.get_arg  0x000000000010f098       0x48 c:/devkitpro/devkitarm/bin/../lib/gcc/arm-none-eabi/8.3.0/../../../../arm-none-eabi/lib/armv6k/fpu\libg.a(lib_a-svfscanf.o)
 .text.__ssvfscanf_r
                0x000000000010f0e0     0x2acc c:/devkitpro/devkitarm/bin/../lib/gcc/arm-none-eabi/8.3.0/../../../../arm-none-eabi/lib/armv6k/fpu\libg.a(lib_a-svfscanf.o)
                0x000000000010f0e0                __ssvfscanf_r
 .text._wcrtomb_r
                0x0000000000111bac       0x54 c:/devkitpro/devkitarm/bin/../lib/gcc/arm-none-eabi/8.3.0/../../../../arm-none-eabi/lib/armv6k/fpu\libg.a(lib_a-wcrtomb.o)
                0x0000000000111bac                _wcrtomb_r
 .text._wcsrtombs_r
                0x0000000000111c00       0x20 c:/devkitpro/devkitarm/bin/../lib/gcc/arm-none-eabi/8.3.0/../../../../arm-none-eabi/lib/armv6k/fpu\libg.a(lib_a-wcsrtombs.o)
                0x0000000000111c00                _wcsrtombs_r
 .text.__sflush_r
                0x0000000000111c20      0x270 c:/devkitpro/devkitarm/bin/../lib/gcc/arm-none-eabi/8.3.0/../../../../arm-none-eabi/lib/armv6k/fpu\libg.a(lib_a-fflush.o)
                0x0000000000111c20                __sflush_r
 .text._fflush_r
                0x0000000000111e90       0x94 c:/devkitpro/devkitarm/bin/../lib/gcc/arm-none-eabi/8.3.0/../../../../arm-none-eabi/lib/armv6k/fpu\libg.a(lib_a-fflush.o)
                0x0000000000111e90                _fflush_r
 .text.std      0x0000000000111f24       0x78 c:/devkitpro/devkitarm/bin/../lib/gcc/arm-none-eabi/8.3.0/../../../../arm-none-eabi/lib/armv6k/fpu\libg.a(lib_a-findfp.o)
 .text._cleanup_r
                0x0000000000111f9c        0xc c:/devkitpro/devkitarm/bin/../lib/gcc/arm-none-eabi/8.3.0/../../../../arm-none-eabi/lib/armv6k/fpu\libg.a(lib_a-findfp.o)
                0x0000000000111f9c                _cleanup_r
 .text.__sinit  0x0000000000111fa8       0x8c c:/devkitpro/devkitarm/bin/../lib/gcc/arm-none-eabi/8.3.0/../../../../arm-none-eabi/lib/armv6k/fpu\libg.a(lib_a-findfp.o)
                0x0000000000111fa8                __sinit
 .text.__sfp_lock_acquire
                0x0000000000112034        0xc c:/devkitpro/devkitarm/bin/../lib/gcc/arm-none-eabi/8.3.0/../../../../arm-none-eabi/lib/armv6k/fpu\libg.a(lib_a-findfp.o)
                0x0000000000112034                __sfp_lock_acquire
 .text.__sfp_lock_release
                0x0000000000112040        0xc c:/devkitpro/devkitarm/bin/../lib/gcc/arm-none-eabi/8.3.0/../../../../arm-none-eabi/lib/armv6k/fpu\libg.a(lib_a-findfp.o)
                0x0000000000112040                __sfp_lock_release
 .text._malloc_trim_r
                0x000000000011204c       0xf8 c:/devkitpro/devkitarm/bin/../lib/gcc/arm-none-eabi/8.3.0/../../../../arm-none-eabi/lib/armv6k/fpu\libg.a(lib_a-freer.o)
                0x000000000011204c                _malloc_trim_r
 .text._free_r  0x0000000000112144      0x2e4 c:/devkitpro/devkitarm/bin/../lib/gcc/arm-none-eabi/8.3.0/../../../../arm-none-eabi/lib/armv6k/fpu\libg.a(lib_a-freer.o)
                0x0000000000112144                _free_r
 .text._fwalk_reent
                0x0000000000112428       0x80 c:/devkitpro/devkitarm/bin/../lib/gcc/arm-none-eabi/8.3.0/../../../../arm-none-eabi/lib/armv6k/fpu\libg.a(lib_a-fwalk.o)
                0x0000000000112428                _fwalk_reent
 .text.iswspace
                0x00000000001124a8        0x8 c:/devkitpro/devkitarm/bin/../lib/gcc/arm-none-eabi/8.3.0/../../../../arm-none-eabi/lib/armv6k/fpu\libg.a(lib_a-iswspace.o)
                0x00000000001124a8                iswspace
 .text._localeconv_r
                0x00000000001124b0        0xc c:/devkitpro/devkitarm/bin/../lib/gcc/arm-none-eabi/8.3.0/../../../../arm-none-eabi/lib/armv6k/fpu\libg.a(lib_a-localeconv.o)
                0x00000000001124b0                _localeconv_r
 .text.__locale_mb_cur_max
                0x00000000001124bc       0x10 c:/devkitpro/devkitarm/bin/../lib/gcc/arm-none-eabi/8.3.0/../../../../arm-none-eabi/lib/armv6k/fpu\libg.a(lib_a-locale.o)
                0x00000000001124bc                __locale_mb_cur_max
 .text.__swhatbuf_r
                0x00000000001124cc       0x94 c:/devkitpro/devkitarm/bin/../lib/gcc/arm-none-eabi/8.3.0/../../../../arm-none-eabi/lib/armv6k/fpu\libg.a(lib_a-makebuf.o)
                0x00000000001124cc                __swhatbuf_r
 .text._mbrtowc_r
                0x0000000000112560       0x60 c:/devkitpro/devkitarm/bin/../lib/gcc/arm-none-eabi/8.3.0/../../../../arm-none-eabi/lib/armv6k/fpu\libg.a(lib_a-mbrtowc.o)
                0x0000000000112560                _mbrtowc_r
 .text.__utf8_mbtowc
                0x00000000001125c0      0x2fc c:/devkitpro/devkitarm/bin/../lib/gcc/arm-none-eabi/8.3.0/../../../../arm-none-eabi/lib/armv6k/fpu\libg.a(lib_a-mbtowc_r.o)
                0x00000000001125c0                __utf8_mbtowc
 .text.memmove  0x00000000001128bc      0x154 c:/devkitpro/devkitarm/bin/../lib/gcc/arm-none-eabi/8.3.0/../../../../arm-none-eabi/lib/armv6k/fpu\libg.a(lib_a-memmove.o)
                0x00000000001128bc                memmove
 .text.realloc  0x0000000000112a10       0x20 c:/devkitpro/devkitarm/bin/../lib/gcc/arm-none-eabi/8.3.0/../../../../arm-none-eabi/lib/armv6k/fpu\libg.a(lib_a-realloc.o)
                0x0000000000112a10                realloc
 .text._realloc_r
                0x0000000000112a30      0x4bc c:/devkitpro/devkitarm/bin/../lib/gcc/arm-none-eabi/8.3.0/../../../../arm-none-eabi/lib/armv6k/fpu\libg.a(lib_a-reallocr.o)
                0x0000000000112a30                _realloc_r
 .text.__sccl   0x0000000000112eec       0xcc c:/devkitpro/devkitarm/bin/../lib/gcc/arm-none-eabi/8.3.0/../../../../arm-none-eabi/lib/armv6k/fpu\libg.a(lib_a-sccl.o)
                0x0000000000112eec                __sccl
 .text.nanf     0x0000000000112fb8        0xc c:/devkitpro/devkitarm/bin/../lib/gcc/arm-none-eabi/8.3.0/../../../../arm-none-eabi/lib/armv6k/fpu\libg.a(lib_a-sf_nan.o)
                0x0000000000112fb8                nanf
 .text.sprintf  0x0000000000112fc4       0x64 c:/devkitpro/devkitarm/bin/../lib/gcc/arm-none-eabi/8.3.0/../../../../arm-none-eabi/lib/armv6k/fpu\libg.a(lib_a-sprintf.o)
                0x0000000000112fc4                sprintf
 .text.stpncpy  0x0000000000113028      0x100 c:/devkitpro/devkitarm/bin/../lib/gcc/arm-none-eabi/8.3.0/../../../../arm-none-eabi/lib/armv6k/fpu\libg.a(lib_a-stpncpy.o)
                0x0000000000113028                stpncpy
 .text.strchr   0x0000000000113128      0x180 c:/devkitpro/devkitarm/bin/../lib/gcc/arm-none-eabi/8.3.0/../../../../arm-none-eabi/lib/armv6k/fpu\libg.a(lib_a-strchr.o)
                0x0000000000113128                strchr
 .text.strncmp  0x00000000001132a8      0x10c c:/devkitpro/devkitarm/bin/../lib/gcc/arm-none-eabi/8.3.0/../../../../arm-none-eabi/lib/armv6k/fpu\libg.a(lib_a-strncmp.o)
                0x00000000001132a8                strncmp
 .text.sulp     0x00000000001133b4       0x54 c:/devkitpro/devkitarm/bin/../lib/gcc/arm-none-eabi/8.3.0/../../../../arm-none-eabi/lib/armv6k/fpu\libg.a(lib_a-strtod.o)
 .text._strtod_l
                0x0000000000113408     0x13c4 c:/devkitpro/devkitarm/bin/../lib/gcc/arm-none-eabi/8.3.0/../../../../arm-none-eabi/lib/armv6k/fpu\libg.a(lib_a-strtod.o)
                0x0000000000113408                _strtod_l
 .text._strtod_r
                0x00000000001147cc        0xc c:/devkitpro/devkitarm/bin/../lib/gcc/arm-none-eabi/8.3.0/../../../../arm-none-eabi/lib/armv6k/fpu\libg.a(lib_a-strtod.o)
                0x00000000001147cc                _strtod_r
 .text._strtoll_l.isra.0
                0x00000000001147d8      0x25c c:/devkitpro/devkitarm/bin/../lib/gcc/arm-none-eabi/8.3.0/../../../../arm-none-eabi/lib/armv6k/fpu\libg.a(lib_a-strtoll.o)
 .text._strtoll_r
                0x0000000000114a34        0x4 c:/devkitpro/devkitarm/bin/../lib/gcc/arm-none-eabi/8.3.0/../../../../arm-none-eabi/lib/armv6k/fpu\libg.a(lib_a-strtoll.o)
                0x0000000000114a34                _strtoll_r
 .text._strtol_l.isra.0
                0x0000000000114a38      0x1bc c:/devkitpro/devkitarm/bin/../lib/gcc/arm-none-eabi/8.3.0/../../../../arm-none-eabi/lib/armv6k/fpu\libg.a(lib_a-strtol.o)
 .text._strtol_r
                0x0000000000114bf4        0x4 c:/devkitpro/devkitarm/bin/../lib/gcc/arm-none-eabi/8.3.0/../../../../arm-none-eabi/lib/armv6k/fpu\libg.a(lib_a-strtol.o)
                0x0000000000114bf4                _strtol_r
 .text._strtoull_l.isra.0
                0x0000000000114bf8      0x25c c:/devkitpro/devkitarm/bin/../lib/gcc/arm-none-eabi/8.3.0/../../../../arm-none-eabi/lib/armv6k/fpu\libg.a(lib_a-strtoull.o)
 .text._strtoull_r
                0x0000000000114e54        0x4 c:/devkitpro/devkitarm/bin/../lib/gcc/arm-none-eabi/8.3.0/../../../../arm-none-eabi/lib/armv6k/fpu\libg.a(lib_a-strtoull.o)
                0x0000000000114e54                _strtoull_r
 .text._strtoul_l.isra.0
                0x0000000000114e58      0x1d0 c:/devkitpro/devkitarm/bin/../lib/gcc/arm-none-eabi/8.3.0/../../../../arm-none-eabi/lib/armv6k/fpu\libg.a(lib_a-strtoul.o)
 .text._strtoul_r
                0x0000000000115028        0x4 c:/devkitpro/devkitarm/bin/../lib/gcc/arm-none-eabi/8.3.0/../../../../arm-none-eabi/lib/armv6k/fpu\libg.a(lib_a-strtoul.o)
                0x0000000000115028                _strtoul_r
 .text.__ssprint_r
                0x000000000011502c      0x188 c:/devkitpro/devkitarm/bin/../lib/gcc/arm-none-eabi/8.3.0/../../../../arm-none-eabi/lib/armv6k/fpu\libg.a(lib_a-svfiprintf.o)
                0x000000000011502c                __ssprint_r
 .text._sungetc_r
                0x00000000001151b4       0xe4 c:/devkitpro/devkitarm/bin/../lib/gcc/arm-none-eabi/8.3.0/../../../../arm-none-eabi/lib/armv6k/fpu\libg.a(lib_a-svfiscanf.o)
                0x00000000001151b4                _sungetc_r
 .text.__ssrefill_r
                0x0000000000115298       0x6c c:/devkitpro/devkitarm/bin/../lib/gcc/arm-none-eabi/8.3.0/../../../../arm-none-eabi/lib/armv6k/fpu\libg.a(lib_a-svfiscanf.o)
                0x0000000000115298                __ssrefill_r
 .text._sfread_r
                0x0000000000115304       0xc8 c:/devkitpro/devkitarm/bin/../lib/gcc/arm-none-eabi/8.3.0/../../../../arm-none-eabi/lib/armv6k/fpu\libg.a(lib_a-svfiscanf.o)
                0x0000000000115304                _sfread_r
 .text.get_arg  0x00000000001153cc      0x620 c:/devkitpro/devkitarm/bin/../lib/gcc/arm-none-eabi/8.3.0/../../../../arm-none-eabi/lib/armv6k/fpu\libg.a(lib_a-svfprintf.o)
 *fill*         0x00000000001159ec        0x4 
 .text._svfprintf_r
                0x00000000001159f0     0x35c0 c:/devkitpro/devkitarm/bin/../lib/gcc/arm-none-eabi/8.3.0/../../../../arm-none-eabi/lib/armv6k/fpu\libg.a(lib_a-svfprintf.o)
                0x00000000001159f0                _svfprintf_r
 .text.__submore
                0x0000000000118fb0       0xa4 c:/devkitpro/devkitarm/bin/../lib/gcc/arm-none-eabi/8.3.0/../../../../arm-none-eabi/lib/armv6k/fpu\libg.a(lib_a-ungetc.o)
                0x0000000000118fb0                __submore
 .text._wcsnrtombs_l
                0x0000000000119054      0x184 c:/devkitpro/devkitarm/bin/../lib/gcc/arm-none-eabi/8.3.0/../../../../arm-none-eabi/lib/armv6k/fpu\libg.a(lib_a-wcsnrtombs.o)
                0x0000000000119054                _wcsnrtombs_l
 .text._wcsnrtombs_r
                0x00000000001191d8       0x4c c:/devkitpro/devkitarm/bin/../lib/gcc/arm-none-eabi/8.3.0/../../../../arm-none-eabi/lib/armv6k/fpu\libg.a(lib_a-wcsnrtombs.o)
                0x00000000001191d8                _wcsnrtombs_r
 .text.__utf8_wctomb
                0x0000000000119224       0xe8 c:/devkitpro/devkitarm/bin/../lib/gcc/arm-none-eabi/8.3.0/../../../../arm-none-eabi/lib/armv6k/fpu\libg.a(lib_a-wctomb_r.o)
                0x0000000000119224                __utf8_wctomb
 .text.quorem   0x000000000011930c      0x1c8 c:/devkitpro/devkitarm/bin/../lib/gcc/arm-none-eabi/8.3.0/../../../../arm-none-eabi/lib/armv6k/fpu\libg.a(lib_a-dtoa.o)
 *fill*         0x00000000001194d4        0x4 
 .text._dtoa_r  0x00000000001194d8     0x12ec c:/devkitpro/devkitarm/bin/../lib/gcc/arm-none-eabi/8.3.0/../../../../arm-none-eabi/lib/armv6k/fpu\libg.a(lib_a-dtoa.o)
                0x00000000001194d8                _dtoa_r
 .text._fclose_r
                0x000000000011a7c4      0x160 c:/devkitpro/devkitarm/bin/../lib/gcc/arm-none-eabi/8.3.0/../../../../arm-none-eabi/lib/armv6k/fpu\libg.a(lib_a-fclose.o)
                0x000000000011a7c4                _fclose_r
 .text.rshift   0x000000000011a924       0xec c:/devkitpro/devkitarm/bin/../lib/gcc/arm-none-eabi/8.3.0/../../../../arm-none-eabi/lib/armv6k/fpu\libg.a(lib_a-gdtoa-gethex.o)
 .text.__gethex
                0x000000000011aa10      0x828 c:/devkitpro/devkitarm/bin/../lib/gcc/arm-none-eabi/8.3.0/../../../../arm-none-eabi/lib/armv6k/fpu\libg.a(lib_a-gdtoa-gethex.o)
                0x000000000011aa10                __gethex
 .text.__match  0x000000000011b238       0x60 c:/devkitpro/devkitarm/bin/../lib/gcc/arm-none-eabi/8.3.0/../../../../arm-none-eabi/lib/armv6k/fpu\libg.a(lib_a-gdtoa-hexnan.o)
                0x000000000011b238                __match
 .text.__hexnan
                0x000000000011b298      0x254 c:/devkitpro/devkitarm/bin/../lib/gcc/arm-none-eabi/8.3.0/../../../../arm-none-eabi/lib/armv6k/fpu\libg.a(lib_a-gdtoa-hexnan.o)
                0x000000000011b298                __hexnan
 .text.iswspace_l
                0x000000000011b4ec       0x3c c:/devkitpro/devkitarm/bin/../lib/gcc/arm-none-eabi/8.3.0/../../../../arm-none-eabi/lib/armv6k/fpu\libg.a(lib_a-iswspace_l.o)
                0x000000000011b4ec                iswspace_l
 .text.__jp2uc  0x000000000011b528      0x1e0 c:/devkitpro/devkitarm/bin/../lib/gcc/arm-none-eabi/8.3.0/../../../../arm-none-eabi/lib/armv6k/fpu\libg.a(lib_a-jp2uc.o)
 .text._jp2uc_l
                0x000000000011b708       0x94 c:/devkitpro/devkitarm/bin/../lib/gcc/arm-none-eabi/8.3.0/../../../../arm-none-eabi/lib/armv6k/fpu\libg.a(lib_a-jp2uc.o)
                0x000000000011b708                _jp2uc_l
 .text._Balloc  0x000000000011b79c       0x88 c:/devkitpro/devkitarm/bin/../lib/gcc/arm-none-eabi/8.3.0/../../../../arm-none-eabi/lib/armv6k/fpu\libg.a(lib_a-mprec.o)
                0x000000000011b79c                _Balloc
 .text._Bfree   0x000000000011b824       0x1c c:/devkitpro/devkitarm/bin/../lib/gcc/arm-none-eabi/8.3.0/../../../../arm-none-eabi/lib/armv6k/fpu\libg.a(lib_a-mprec.o)
                0x000000000011b824                _Bfree
 .text.__multadd
                0x000000000011b840       0xe0 c:/devkitpro/devkitarm/bin/../lib/gcc/arm-none-eabi/8.3.0/../../../../arm-none-eabi/lib/armv6k/fpu\libg.a(lib_a-mprec.o)
                0x000000000011b840                __multadd
 .text.__s2b    0x000000000011b920       0xe4 c:/devkitpro/devkitarm/bin/../lib/gcc/arm-none-eabi/8.3.0/../../../../arm-none-eabi/lib/armv6k/fpu\libg.a(lib_a-mprec.o)
                0x000000000011b920                __s2b
 .text.__hi0bits
                0x000000000011ba04       0x58 c:/devkitpro/devkitarm/bin/../lib/gcc/arm-none-eabi/8.3.0/../../../../arm-none-eabi/lib/armv6k/fpu\libg.a(lib_a-mprec.o)
                0x000000000011ba04                __hi0bits
 .text.__lo0bits
                0x000000000011ba5c       0x9c c:/devkitpro/devkitarm/bin/../lib/gcc/arm-none-eabi/8.3.0/../../../../arm-none-eabi/lib/armv6k/fpu\libg.a(lib_a-mprec.o)
                0x000000000011ba5c                __lo0bits
 .text.__i2b    0x000000000011baf8       0x20 c:/devkitpro/devkitarm/bin/../lib/gcc/arm-none-eabi/8.3.0/../../../../arm-none-eabi/lib/armv6k/fpu\libg.a(lib_a-mprec.o)
                0x000000000011baf8                __i2b
 .text.__multiply
                0x000000000011bb18      0x1c4 c:/devkitpro/devkitarm/bin/../lib/gcc/arm-none-eabi/8.3.0/../../../../arm-none-eabi/lib/armv6k/fpu\libg.a(lib_a-mprec.o)
                0x000000000011bb18                __multiply
 .text.__pow5mult
                0x000000000011bcdc      0x100 c:/devkitpro/devkitarm/bin/../lib/gcc/arm-none-eabi/8.3.0/../../../../arm-none-eabi/lib/armv6k/fpu\libg.a(lib_a-mprec.o)
                0x000000000011bcdc                __pow5mult
 .text.__lshift
                0x000000000011bddc       0xf4 c:/devkitpro/devkitarm/bin/../lib/gcc/arm-none-eabi/8.3.0/../../../../arm-none-eabi/lib/armv6k/fpu\libg.a(lib_a-mprec.o)
                0x000000000011bddc                __lshift
 .text.__mcmp   0x000000000011bed0       0x5c c:/devkitpro/devkitarm/bin/../lib/gcc/arm-none-eabi/8.3.0/../../../../arm-none-eabi/lib/armv6k/fpu\libg.a(lib_a-mprec.o)
                0x000000000011bed0                __mcmp
 .text.__mdiff  0x000000000011bf2c      0x168 c:/devkitpro/devkitarm/bin/../lib/gcc/arm-none-eabi/8.3.0/../../../../arm-none-eabi/lib/armv6k/fpu\libg.a(lib_a-mprec.o)
                0x000000000011bf2c                __mdiff
 .text.__ulp    0x000000000011c094       0x74 c:/devkitpro/devkitarm/bin/../lib/gcc/arm-none-eabi/8.3.0/../../../../arm-none-eabi/lib/armv6k/fpu\libg.a(lib_a-mprec.o)
                0x000000000011c094                __ulp
 .text.__b2d    0x000000000011c108       0xd4 c:/devkitpro/devkitarm/bin/../lib/gcc/arm-none-eabi/8.3.0/../../../../arm-none-eabi/lib/armv6k/fpu\libg.a(lib_a-mprec.o)
                0x000000000011c108                __b2d
 .text.__d2b    0x000000000011c1dc      0x100 c:/devkitpro/devkitarm/bin/../lib/gcc/arm-none-eabi/8.3.0/../../../../arm-none-eabi/lib/armv6k/fpu\libg.a(lib_a-mprec.o)
                0x000000000011c1dc                __d2b
 .text.__ratio  0x000000000011c2dc       0x84 c:/devkitpro/devkitarm/bin/../lib/gcc/arm-none-eabi/8.3.0/../../../../arm-none-eabi/lib/armv6k/fpu\libg.a(lib_a-mprec.o)
                0x000000000011c2dc                __ratio
 .text.__copybits
                0x000000000011c360       0x6c c:/devkitpro/devkitarm/bin/../lib/gcc/arm-none-eabi/8.3.0/../../../../arm-none-eabi/lib/armv6k/fpu\libg.a(lib_a-mprec.o)
                0x000000000011c360                __copybits
 .text.__any_on
                0x000000000011c3cc       0x78 c:/devkitpro/devkitarm/bin/../lib/gcc/arm-none-eabi/8.3.0/../../../../arm-none-eabi/lib/armv6k/fpu\libg.a(lib_a-mprec.o)
                0x000000000011c3cc                __any_on
 *fill*         0x000000000011c444        0x4 
 .text.frexp    0x000000000011c448       0xa8 c:/devkitpro/devkitarm/bin/../lib/gcc/arm-none-eabi/8.3.0/../../../../arm-none-eabi/lib/armv6k/fpu\libg.a(lib_a-s_frexp.o)
                0x000000000011c448                frexp
 .text.nan      0x000000000011c4f0       0x10 c:/devkitpro/devkitarm/bin/../lib/gcc/arm-none-eabi/8.3.0/../../../../arm-none-eabi/lib/armv6k/fpu\libg.a(lib_a-s_nan.o)
                0x000000000011c4f0                nan
 .text.category
                0x000000000011c500       0x84 c:/devkitpro/devkitarm/bin/../lib/gcc/arm-none-eabi/8.3.0/../../../../arm-none-eabi/lib/armv6k/fpu\libg.a(lib_a-categories.o)
                0x000000000011c500                category
 .text.null_write
                0x000000000011c584        0x8 c:/devkitpro/devkitarm/bin/../lib/gcc/arm-none-eabi/8.3.0/../../../../arm-none-eabi/lib/armv6k/fpu\libsysbase.a(iosupport.o)
 .text.setDefaultDevice
                0x000000000011c58c       0x18 c:/devkitpro/devkitarm/bin/../lib/gcc/arm-none-eabi/8.3.0/../../../../arm-none-eabi/lib/armv6k/fpu\libsysbase.a(iosupport.o)
                0x000000000011c58c                setDefaultDevice
 .text.FindDevice
                0x000000000011c5a4       0xc8 c:/devkitpro/devkitarm/bin/../lib/gcc/arm-none-eabi/8.3.0/../../../../arm-none-eabi/lib/armv6k/fpu\libsysbase.a(iosupport.o)
                0x000000000011c5a4                FindDevice
 .text.RemoveDevice
                0x000000000011c66c       0x28 c:/devkitpro/devkitarm/bin/../lib/gcc/arm-none-eabi/8.3.0/../../../../arm-none-eabi/lib/armv6k/fpu\libsysbase.a(iosupport.o)
                0x000000000011c66c                RemoveDevice
 .text.AddDevice
                0x000000000011c694       0x9c c:/devkitpro/devkitarm/bin/../lib/gcc/arm-none-eabi/8.3.0/../../../../arm-none-eabi/lib/armv6k/fpu\libsysbase.a(iosupport.o)
                0x000000000011c694                AddDevice
 .text._close_r
                0x000000000011c730       0x84 c:/devkitpro/devkitarm/bin/../lib/gcc/arm-none-eabi/8.3.0/../../../../arm-none-eabi/lib/armv6k/fpu\libsysbase.a(close.o)
                0x000000000011c730                _close_r
 .text._fstat_r
                0x000000000011c7b4       0x74 c:/devkitpro/devkitarm/bin/../lib/gcc/arm-none-eabi/8.3.0/../../../../arm-none-eabi/lib/armv6k/fpu\libsysbase.a(fstat.o)
                0x000000000011c7b4                _fstat_r
 .text._lseek_r
                0x000000000011c828       0x84 c:/devkitpro/devkitarm/bin/../lib/gcc/arm-none-eabi/8.3.0/../../../../arm-none-eabi/lib/armv6k/fpu\libsysbase.a(lseek.o)
                0x000000000011c828                _lseek_r
 .text._read_r  0x000000000011c8ac       0x80 c:/devkitpro/devkitarm/bin/../lib/gcc/arm-none-eabi/8.3.0/../../../../arm-none-eabi/lib/armv6k/fpu\libsysbase.a(read.o)
                0x000000000011c8ac                _read_r
 .text._sbrk_r  0x000000000011c92c       0x70 c:/devkitpro/devkitarm/bin/../lib/gcc/arm-none-eabi/8.3.0/../../../../arm-none-eabi/lib/armv6k/fpu\libsysbase.a(sbrk.o)
                0x000000000011c92c                _sbrk_r
 .text._write_r
                0x000000000011c99c       0x80 c:/devkitpro/devkitarm/bin/../lib/gcc/arm-none-eabi/8.3.0/../../../../arm-none-eabi/lib/armv6k/fpu\libsysbase.a(write.o)
                0x000000000011c99c                _write_r
 .text._concatenate_path
                0x000000000011ca1c      0x1cc c:/devkitpro/devkitarm/bin/../lib/gcc/arm-none-eabi/8.3.0/../../../../arm-none-eabi/lib/armv6k/fpu\libsysbase.a(chdir.o)
                0x000000000011ca1c                _concatenate_path
 .text.chdir    0x000000000011cbe8      0x15c c:/devkitpro/devkitarm/bin/../lib/gcc/arm-none-eabi/8.3.0/../../../../arm-none-eabi/lib/armv6k/fpu\libsysbase.a(chdir.o)
                0x000000000011cbe8                chdir
 .text.__flockfile
                0x000000000011cd44        0x8 c:/devkitpro/devkitarm/bin/../lib/gcc/arm-none-eabi/8.3.0/../../../../arm-none-eabi/lib/armv6k/fpu\libsysbase.a(flock.o)
                0x000000000011cd44                __flockfile
 .text.__funlockfile
                0x000000000011cd4c        0x8 c:/devkitpro/devkitarm/bin/../lib/gcc/arm-none-eabi/8.3.0/../../../../arm-none-eabi/lib/armv6k/fpu\libsysbase.a(flock.o)
                0x000000000011cd4c                __funlockfile
 .text.__libc_lock_acquire
                0x000000000011cd54       0x18 c:/devkitpro/devkitarm/bin/../lib/gcc/arm-none-eabi/8.3.0/../../../../arm-none-eabi/lib/armv6k/fpu\libsysbase.a(syscall_support.o)
                0x000000000011cd54                __libc_lock_acquire
 .text.__libc_lock_release
                0x000000000011cd6c       0x18 c:/devkitpro/devkitarm/bin/../lib/gcc/arm-none-eabi/8.3.0/../../../../arm-none-eabi/lib/armv6k/fpu\libsysbase.a(syscall_support.o)
                0x000000000011cd6c                __libc_lock_release
 .text.__libc_lock_init_recursive
                0x000000000011cd84       0x18 c:/devkitpro/devkitarm/bin/../lib/gcc/arm-none-eabi/8.3.0/../../../../arm-none-eabi/lib/armv6k/fpu\libsysbase.a(syscall_support.o)
                0x000000000011cd84                __libc_lock_init_recursive
 .text.__libc_lock_acquire_recursive
                0x000000000011cd9c       0x18 c:/devkitpro/devkitarm/bin/../lib/gcc/arm-none-eabi/8.3.0/../../../../arm-none-eabi/lib/armv6k/fpu\libsysbase.a(syscall_support.o)
                0x000000000011cd9c                __libc_lock_acquire_recursive
 .text.__libc_lock_release_recursive
                0x000000000011cdb4       0x18 c:/devkitpro/devkitarm/bin/../lib/gcc/arm-none-eabi/8.3.0/../../../../arm-none-eabi/lib/armv6k/fpu\libsysbase.a(syscall_support.o)
                0x000000000011cdb4                __libc_lock_release_recursive
 .text.__libc_lock_close_recursive
                0x000000000011cdcc       0x18 c:/devkitpro/devkitarm/bin/../lib/gcc/arm-none-eabi/8.3.0/../../../../arm-none-eabi/lib/armv6k/fpu\libsysbase.a(syscall_support.o)
                0x000000000011cdcc                __libc_lock_close_recursive
 .text.__release_handle
                0x000000000011cde4       0x8c c:/devkitpro/devkitarm/bin/../lib/gcc/arm-none-eabi/8.3.0/../../../../arm-none-eabi/lib/armv6k/fpu\libsysbase.a(handle_manager.o)
                0x000000000011cde4                __release_handle
 .text.__get_handle
                0x000000000011ce70       0x18 c:/devkitpro/devkitarm/bin/../lib/gcc/arm-none-eabi/8.3.0/../../../../arm-none-eabi/lib/armv6k/fpu\libsysbase.a(handle_manager.o)
                0x000000000011ce70                __get_handle
 .text.__getreent
                0x000000000011ce88       0x28 c:/devkitpro/devkitarm/bin/../lib/gcc/arm-none-eabi/8.3.0/../../../../arm-none-eabi/lib/armv6k/fpu\libsysbase.a(getreent.o)
                0x000000000011ce88                __getreent
 .text.strrchr  0x000000000011ceb0       0x44 c:/devkitpro/devkitarm/bin/../lib/gcc/arm-none-eabi/8.3.0/../../../../arm-none-eabi/lib/armv6k/fpu\libg.a(lib_a-strrchr.o)
                0x000000000011ceb0                strrchr
 *(.glue_7)
 .glue_7        0x000000000011cef4        0x0 linker stubs
 *(.glue_7t)
 .glue_7t       0x000000000011cef4        0x0 linker stubs
 *(.stub)
 *(.gnu.warning)
 *(.gnu.linkonce.t*)
                0x000000000011cef4                . = ALIGN (0x4)
 *(.fini)
 .fini          0x000000000011cef4        0xc c:/devkitpro/devkitarm/bin/../lib/gcc/arm-none-eabi/8.3.0/armv6k/fpu/crti.o
                0x000000000011cef4                _fini
 .fini          0x000000000011cf00        0xc c:/devkitpro/devkitarm/bin/../lib/gcc/arm-none-eabi/8.3.0/armv6k/fpu/crtn.o
                0x000000000011cf0c                . = ALIGN (0x4)
