Archive member included to satisfy reference by file (symbol)

C:/devkitPro/libctru/lib\libcitro2d.a(base.o)
                              main.o (C2D_Init)
C:/devkitPro/libctru/lib\libcitro2d.a(render2d.shbin.o)
                              C:/devkitPro/libctru/lib\libcitro2d.a(base.o) (render2d_shbin_size)
C:/devkitPro/libctru/lib\libcitro3d.a(base.o)
                              main.o (C3D_Init)
C:/devkitPro/libctru/lib\libcitro3d.a(renderqueue.o)
                              main.o (C3D_FrameBegin)
C:/devkitPro/libctru/lib\libcitro3d.a(texture.o)
                              C:/devkitPro/libctru/lib\libcitro2d.a(base.o) (C3D_TexBind)
C:/devkitPro/libctru/lib\libcitro3d.a(framebuffer.o)
                              C:/devkitPro/libctru/lib\libcitro3d.a(renderqueue.o) (C3D_CalcColorBufSize)
C:/devkitPro/libctru/lib\libcitro3d.a(texenv.o)
                              C:/devkitPro/libctru/lib\libcitro2d.a(base.o) (C3D_GetTexEnv)
C:/devkitPro/libctru/lib\libcitro3d.a(proctex.o)
                              C:/devkitPro/libctru/lib\libcitro2d.a(base.o) (C3D_ProcTexInit)
C:/devkitPro/libctru/lib\libcitro3d.a(buffers.o)
                              C:/devkitPro/libctru/lib\libcitro2d.a(base.o) (BufInfo_Init)
C:/devkitPro/libctru/lib\libcitro3d.a(drawArrays.o)
                              C:/devkitPro/libctru/lib\libcitro2d.a(base.o) (C3D_DrawArrays)
C:/devkitPro/libctru/lib\libcitro3d.a(effect.o)
                              C:/devkitPro/libctru/lib\libcitro3d.a(base.o) (C3D_DepthMap)
C:/devkitPro/libctru/lib\libcitro3d.a(attribs.o)
                              C:/devkitPro/libctru/lib\libcitro2d.a(base.o) (AttrInfo_Init)
C:/devkitPro/libctru/lib\libcitro3d.a(immediate.o)
                              C:/devkitPro/libctru/lib\libcitro3d.a(base.o) (C3D_ImmSendAttrib)
C:/devkitPro/libctru/lib\libcitro3d.a(uniforms.o)
                              C:/devkitPro/libctru/lib\libcitro3d.a(base.o) (C3D_UpdateUniforms)
C:/devkitPro/libctru/lib\libcitro3d.a(mtx_ortho.o)
                              C:/devkitPro/libctru/lib\libcitro2d.a(base.o) (Mtx_Ortho)
C:/devkitPro/libctru/lib\libcitro3d.a(mtx_orthotilt.o)
                              C:/devkitPro/libctru/lib\libcitro2d.a(base.o) (Mtx_OrthoTilt)
C:/devkitPro/libctru/lib\libctru.a(vram.o)
                              C:/devkitPro/libctru/lib\libcitro3d.a(renderqueue.o) (vramAlloc)
C:/devkitPro/libctru/lib\libctru.a(linear.o)
                              C:/devkitPro/libctru/lib\libcitro2d.a(base.o) (linearAlloc)
C:/devkitPro/libctru/lib\libctru.a(mem_pool.o)
                              C:/devkitPro/libctru/lib\libctru.a(vram.o) (MemPool::Allocate(MemChunk&, unsigned long, int))
C:/devkitPro/libctru/lib\libctru.a(os.o)
                              C:/devkitPro/libctru/lib\libcitro3d.a(texture.o) (osConvertVirtToPhys)
C:/devkitPro/libctru/lib\libctru.a(console.o)
                              main.o (consoleInit)
C:/devkitPro/libctru/lib\libctru.a(gfx.o)
                              C:/devkitPro/libctru/lib\libcitro3d.a(renderqueue.o) (gfxIs3D)
C:/devkitPro/libctru/lib\libctru.a(shaderProgram.o)
                              C:/devkitPro/libctru/lib\libcitro2d.a(base.o) (shaderInstanceGetUniformLocation)
C:/devkitPro/libctru/lib\libctru.a(shbin.o)
                              C:/devkitPro/libctru/lib\libcitro2d.a(base.o) (DVLB_ParseFile)
C:/devkitPro/libctru/lib\libctru.a(gx.o)
                              C:/devkitPro/libctru/lib\libctru.a(gfx.o) (gxCmdBuf)
C:/devkitPro/libctru/lib\libctru.a(gxqueue.o)
                              C:/devkitPro/libctru/lib\libcitro3d.a(renderqueue.o) (gxCmdQueueClear)
C:/devkitPro/libctru/lib\libctru.a(gpu.o)
                              C:/devkitPro/libctru/lib\libcitro3d.a(base.o) (gpuCmdBufOffset)
C:/devkitPro/libctru/lib\libctru.a(gspgpu.o)
                              C:/devkitPro/libctru/lib\libctru.a(gfx.o) (gspInit)
C:/devkitPro/libctru/lib\libctru.a(apt.o)
                              C:/devkitPro/libctru/lib\libcitro3d.a(base.o) (aptHook)
C:/devkitPro/libctru/lib\libctru.a(hid.o)
                              main.o (hidScanInput)
C:/devkitPro/libctru/lib\libctru.a(ptmsysm.o)
                              C:/devkitPro/libctru/lib\libctru.a(os.o) (ptmSysmInit)
C:/devkitPro/libctru/lib\libctru.a(rbtree_init.o)
                              C:/devkitPro/libctru/lib\libctru.a(vram.o) (rbtree_init)
C:/devkitPro/libctru/lib\libctru.a(rbtree_insert.o)
                              C:/devkitPro/libctru/lib\libctru.a(vram.o) (rbtree_insert)
C:/devkitPro/libctru/lib\libctru.a(rbtree_rotate.o)
                              C:/devkitPro/libctru/lib\libctru.a(rbtree_insert.o) (rbtree_rotate)
C:/devkitPro/libctru/lib\libctru.a(rbtree_remove.o)
                              C:/devkitPro/libctru/lib\libctru.a(vram.o) (rbtree_remove)
C:/devkitPro/libctru/lib\libctru.a(rbtree_find.o)
                              C:/devkitPro/libctru/lib\libctru.a(vram.o) (rbtree_find)
C:/devkitPro/libctru/lib\libctru.a(initSystem.o)
[...]
Memory Configuration

Name             Origin             Length             Attributes
*default*        0x0000000000000000 0xffffffffffffffff

Linker script and memory map

                0x0000000000100000                PROVIDE (__start__ = 0x100000)
                0x0000000000100000                . = __start__

.text           0x0000000000100000    0x2146c
 *(.crt0)
 .crt0          0x0000000000100000       0x94 c:/devkitpro/devkitarm/bin/../lib/gcc/arm-none-eabi/8.3.0/../../../../arm-none-eabi/lib/armv6k/fpu/3dsx_crt0.o
                0x0000000000100000                _start
                0x0000000000100008                __service_ptr
                0x000000000010000c                __apt_appid
                0x0000000000100010                __heap_size
                0x0000000000100014                __linear_heap_size
                0x0000000000100018                __system_arglist
                0x000000000010001c                __system_runflags
 *(.init)
 .init          0x0000000000100094        0xc c:/devkitpro/devkitarm/bin/../lib/gcc/arm-none-eabi/8.3.0/armv6k/fpu/crti.o
                0x0000000000100094                _init
 .init          0x00000000001000a0        0xc c:/devkitpro/devkitarm/bin/../lib/gcc/arm-none-eabi/8.3.0/armv6k/fpu/crtn.o
                0x00000000001000ac                . = ALIGN (0x4)
 *(.text)
 .text          0x00000000001000ac       0x64 C:/devkitPro/libctru/lib\libctru.a(stack_adjust.o)
                0x00000000001000ac                initSystem
                0x00000000001000f0                __ctru_exit
 .text          0x0000000000100110      0x240 c:/devkitpro/devkitarm/bin/../lib/gcc/arm-none-eabi/8.3.0/armv6k/fpu\libgcc.a(_divsi3.o)
                0x0000000000100110                __divsi3
                0x0000000000100110                __aeabi_idiv
                0x0000000000100330                __aeabi_idivmod
 .text          0x0000000000100350        0x4 c:/devkitpro/devkitarm/bin/../lib/gcc/arm-none-eabi/8.3.0/armv6k/fpu\libgcc.a(_dvmd_tls.o)
                0x0000000000100350                __aeabi_idiv0
                0x0000000000100350                __aeabi_ldiv0
 .text          0x0000000000100354      0x3c0 c:/devkitpro/devkitarm/bin/../lib/gcc/arm-none-eabi/8.3.0/armv6k/fpu\libgcc.a(_arm_addsubdf3.o)
                0x0000000000100354                __aeabi_drsub
                0x000000000010035c                __aeabi_dsub
                0x000000000010035c                __subdf3
                0x0000000000100360                __aeabi_dadd
                0x0000000000100360                __adddf3
                0x000000000010060c                __floatunsidf
                0x000000000010060c                __aeabi_ui2d
                0x0000000000100630                __floatsidf
                0x0000000000100630                __aeabi_i2d
                0x0000000000100658                __aeabi_f2d
                0x0000000000100658                __extendsfdf2
                0x00000000001006a0                __floatundidf
                0x00000000001006a0                __aeabi_ul2d
                0x00000000001006b4                __floatdidf
                0x00000000001006b4                __aeabi_l2d
 .text          0x0000000000100714       0x3c c:/devkitpro/devkitarm/bin/../lib/gcc/arm-none-eabi/8.3.0/armv6k/fpu\libgcc.a(_aeabi_uldivmod.o)
                0x0000000000100714                __aeabi_uldivmod
 *fill*         0x0000000000100750       0x10 
 .text          0x0000000000100760      0x390 c:/devkitpro/devkitarm/bin/../lib/gcc/arm-none-eabi/8.3.0/../../../../arm-none-eabi/lib/armv6k/fpu\libg.a(lib_a-strcmp.o)
                0x0000000000100768                strcmp
 .text          0x0000000000100af0      0x20c c:/devkitpro/devkitarm/bin/../lib/gcc/arm-none-eabi/8.3.0/armv6k/fpu\libgcc.a(_udivsi3.o)
                0x0000000000100af0                __aeabi_uidiv
                0x0000000000100af0                __udivsi3
                0x0000000000100cdc                __aeabi_uidivmod
 *(.text.*)
 .text.deregister_tm_clones
                0x0000000000100cfc       0x2c c:/devkitpro/devkitarm/bin/../lib/gcc/arm-none-eabi/8.3.0/armv6k/fpu/crtbegin.o
 .text.register_tm_clones
                0x0000000000100d28       0x38 c:/devkitpro/devkitarm/bin/../lib/gcc/arm-none-eabi/8.3.0/armv6k/fpu/crtbegin.o
 .text.__do_global_dtors_aux
                0x0000000000100d60       0x44 c:/devkitpro/devkitarm/bin/../lib/gcc/arm-none-eabi/8.3.0/armv6k/fpu/crtbegin.o
 .text.frame_dummy
                0x0000000000100da4       0x34 c:/devkitpro/devkitarm/bin/../lib/gcc/arm-none-eabi/8.3.0/armv6k/fpu/crtbegin.o
 .text.DrawPlayer
                0x0000000000100dd8       0x30 main.o
                0x0000000000100dd8                DrawPlayer
 .text.startup.main
                0x0000000000100e08      0x278 main.o
                0x0000000000100e08                main
 .text.C2D_Init
                0x0000000000101080      0x32c C:/devkitPro/libctru/lib\libcitro2d.a(base.o)
                0x0000000000101080                C2D_Init
 .text.C2D_Fini
                0x00000000001013ac       0x48 C:/devkitPro/libctru/lib\libcitro2d.a(base.o)
                0x00000000001013ac                C2D_Fini
 .text.C2D_Prepare
                0x00000000001013f4       0xc8 C:/devkitPro/libctru/lib\libcitro2d.a(base.o)
                0x00000000001013f4                C2D_Prepare
 .text.C2D_SceneSize
                0x00000000001014bc      0x10c C:/devkitPro/libctru/lib\libcitro2d.a(base.o)
                0x00000000001014bc                C2D_SceneSize
 .text.C2D_CreateScreenTarget
                0x00000000001015c8       0x44 C:/devkitPro/libctru/lib\libcitro2d.a(base.o)
                0x00000000001015c8                C2D_CreateScreenTarget
 .text.C2Di_FlushVtxBuf
                0x000000000010160c       0x30 C:/devkitPro/libctru/lib\libcitro2d.a(base.o)
                0x000000000010160c                C2Di_FlushVtxBuf
 .text.C2Di_FrameEndHook
                0x000000000010163c       0x20 C:/devkitPro/libctru/lib\libcitro2d.a(base.o)
 .text.C2D_Flush
                0x000000000010165c       0x18 C:/devkitPro/libctru/lib\libcitro2d.a(base.o)
                0x000000000010165c                C2D_Flush
 .text.C2D_TargetClear
                0x0000000000101674       0x30 C:/devkitPro/libctru/lib\libcitro2d.a(base.o)
                0x0000000000101674                C2D_TargetClear
 .text.C2Di_Update
                0x00000000001016a4      0x218 C:/devkitPro/libctru/lib\libcitro2d.a(base.o)
                0x00000000001016a4                C2Di_Update
 .text.C2D_DrawRectangle
                0x00000000001018bc      0x1c0 C:/devkitPro/libctru/lib\libcitro2d.a(base.o)
                0x00000000001018bc                C2D_DrawRectangle
 .text.C3Di_SplitFrame.part.1
                0x0000000000101a7c       0xc4 C:/devkitPro/libctru/lib\libcitro3d.a(base.o)
 .text.C3Di_LightEnvUpdate
                0x0000000000101b40        0x4 C:/devkitPro/libctru/lib\libcitro3d.a(base.o)
                0x0000000000101b40                C3Di_LightEnvUpdate
 .text.C3Di_LightEnvDirty
                0x0000000000101b44        0x4 C:/devkitPro/libctru/lib\libcitro3d.a(base.o)
                0x0000000000101b44                C3Di_LightEnvDirty
 .text.C3Di_AptEventHook
                0x0000000000101b48       0xac C:/devkitPro/libctru/lib\libcitro3d.a(base.o)
 .text.C3Di_GasUpdate
                0x0000000000101bf4        0x4 C:/devkitPro/libctru/lib\libcitro3d.a(base.o)
                0x0000000000101bf4                C3Di_GasUpdate
 .text.C3D_Init
                0x0000000000101bf8      0x21c C:/devkitPro/libctru/lib\libcitro3d.a(base.o)
                0x0000000000101bf8                C3D_Init
 .text.C3D_SetViewport
                0x0000000000101e14       0x98 C:/devkitPro/libctru/lib\libcitro3d.a(base.o)
                0x0000000000101e14                C3D_SetViewport
 .text.C3Di_UpdateContext
                0x0000000000101eac      0x50c C:/devkitPro/libctru/lib\libcitro3d.a(base.o)
                0x0000000000101eac                C3Di_UpdateContext
 .text.C3Di_SplitFrame
                0x00000000001023b8       0x20 C:/devkitPro/libctru/lib\libcitro3d.a(base.o)
                0x00000000001023b8                C3Di_SplitFrame
 .text.C3D_GetCmdBufUsage
                0x00000000001023d8       0x10 C:/devkitPro/libctru/lib\libcitro3d.a(base.o)
                0x00000000001023d8                C3D_GetCmdBufUsage
 .text.C3D_Fini
                0x00000000001023e8       0x64 C:/devkitPro/libctru/lib\libcitro3d.a(base.o)
                0x00000000001023e8                C3D_Fini
 .text.C3D_BindProgram
                0x000000000010244c      0x114 C:/devkitPro/libctru/lib\libcitro3d.a(base.o)
                0x000000000010244c                C3D_BindProgram
 .text.C3Di_RenderQueueInit
                0x0000000000102560       0x54 C:/devkitPro/libctru/lib\libcitro3d.a(renderqueue.o)
 .text.C3Di_RenderTargetDestroy
                0x00000000001025b4       0x80 C:/devkitPro/libctru/lib\libcitro3d.a(renderqueue.o)
 .text.onVBlank1
                0x0000000000102634       0xac C:/devkitPro/libctru/lib\libcitro3d.a(renderqueue.o)
 .text.onVBlank0
                0x00000000001026e0      0x13c C:/devkitPro/libctru/lib\libcitro3d.a(renderqueue.o)
 .text.C3Di_RenderTargetNew
                0x000000000010281c        0xc C:/devkitPro/libctru/lib\libcitro3d.a(renderqueue.o)
 .text.C3Di_WaitAndClearQueue
                0x0000000000102828       0x7c C:/devkitPro/libctru/lib\libcitro3d.a(renderqueue.o)
 .text.onQueueFinish
                0x00000000001028a4       0xc0 C:/devkitPro/libctru/lib\libcitro3d.a(renderqueue.o)
 .text.C3D_FrameSplit.part.6
                0x0000000000102964       0x44 C:/devkitPro/libctru/lib\libcitro3d.a(renderqueue.o)
 .text.C3D_FrameSync
                0x00000000001029a8       0x30 C:/devkitPro/libctru/lib\libcitro3d.a(renderqueue.o)
                0x00000000001029a8                C3D_FrameSync
 .text.C3Di_RenderQueueExit
                0x00000000001029d8       0xa0 C:/devkitPro/libctru/lib\libcitro3d.a(renderqueue.o)
                0x00000000001029d8                C3Di_RenderQueueExit
 .text.C3Di_RenderQueueWaitDone
                0x0000000000102a78       0x20 C:/devkitPro/libctru/lib\libcitro3d.a(renderqueue.o)
                0x0000000000102a78                C3Di_RenderQueueWaitDone
 .text.C3D_FrameBegin
                0x0000000000102a98       0x7c C:/devkitPro/libctru/lib\libcitro3d.a(renderqueue.o)
                0x0000000000102a98                C3D_FrameBegin
 .text.C3D_FrameDrawOn
                0x0000000000102b14       0x48 C:/devkitPro/libctru/lib\libcitro3d.a(renderqueue.o)
                0x0000000000102b14                C3D_FrameDrawOn
 .text.C3D_FrameSplit
                0x0000000000102b5c       0x18 C:/devkitPro/libctru/lib\libcitro3d.a(renderqueue.o)
                0x0000000000102b5c                C3D_FrameSplit
 .text.C3D_FrameEnd
                0x0000000000102b74      0x164 C:/devkitPro/libctru/lib\libcitro3d.a(renderqueue.o)
                0x0000000000102b74                C3D_FrameEnd
 .text.C3D_FrameEndHook
                0x0000000000102cd8       0x1c C:/devkitPro/libctru/lib\libcitro3d.a(renderqueue.o)
                0x0000000000102cd8                C3D_FrameEndHook
 .text.C3D_GetDrawingTime
                0x0000000000102cf4       0x18 C:/devkitPro/libctru/lib\libcitro3d.a(renderqueue.o)
                0x0000000000102cf4                C3D_GetDrawingTime
 .text.C3D_GetProcessingTime
                0x0000000000102d0c       0x18 C:/devkitPro/libctru/lib\libcitro3d.a(renderqueue.o)
                0x0000000000102d0c                C3D_GetProcessingTime
 .text.C3D_RenderTargetCreate
                0x0000000000102d24      0x17c C:/devkitPro/libctru/lib\libcitro3d.a(renderqueue.o)
                0x0000000000102d24                C3D_RenderTargetCreate
 .text.C3D_RenderTargetSetOutput
                0x0000000000102ea0       0x4c C:/devkitPro/libctru/lib\libcitro3d.a(renderqueue.o)
                0x0000000000102ea0                C3D_RenderTargetSetOutput
 .text.C3D_TexBind
                0x0000000000102eec       0x48 C:/devkitPro/libctru/lib\libcitro3d.a(texture.o)
                0x0000000000102eec                C3D_TexBind
 .text.C3Di_SetTex
                0x0000000000102f34      0x174 C:/devkitPro/libctru/lib\libcitro3d.a(texture.o)
                0x0000000000102f34                C3Di_SetTex
 .text.C3D_CalcColorBufSize
                0x00000000001030a8       0x1c C:/devkitPro/libctru/lib\libcitro3d.a(framebuffer.o)
                0x00000000001030a8                C3D_CalcColorBufSize
 .text.C3D_CalcDepthBufSize
                0x00000000001030c4       0x1c C:/devkitPro/libctru/lib\libcitro3d.a(framebuffer.o)
                0x00000000001030c4                C3D_CalcDepthBufSize
 .text.C3D_SetFrameBuf
                0x00000000001030e0       0x44 C:/devkitPro/libctru/lib\libcitro3d.a(framebuffer.o)
                0x00000000001030e0                C3D_SetFrameBuf
 .text.C3Di_FrameBufBind
                0x0000000000103124      0x168 C:/devkitPro/libctru/lib\libcitro3d.a(framebuffer.o)
                0x0000000000103124                C3Di_FrameBufBind
 .text.C3D_FrameBufClear
                0x000000000010328c       0xc8 C:/devkitPro/libctru/lib\libcitro3d.a(framebuffer.o)
                0x000000000010328c                C3D_FrameBufClear
 .text.C3D_FrameBufTransfer
                0x0000000000103354       0x48 C:/devkitPro/libctru/lib\libcitro3d.a(framebuffer.o)
                0x0000000000103354                C3D_FrameBufTransfer
 .text.C3D_GetTexEnv
                0x000000000010339c       0x34 C:/devkitPro/libctru/lib\libcitro3d.a(texenv.o)
                0x000000000010339c                C3D_GetTexEnv
 .text.C3Di_TexEnvBind
                0x00000000001033d0       0x24 C:/devkitPro/libctru/lib\libcitro3d.a(texenv.o)
                0x00000000001033d0                C3Di_TexEnvBind
 .text.C3D_ProcTexInit
                0x00000000001033f4       0x6c C:/devkitPro/libctru/lib\libcitro3d.a(proctex.o)
                0x00000000001033f4                C3D_ProcTexInit
 .text.C3D_ProcTexBind
                0x0000000000103460       0x50 C:/devkitPro/libctru/lib\libcitro3d.a(proctex.o)
                0x0000000000103460                C3D_ProcTexBind
 .text.C3D_ProcTexLutBind
                0x00000000001034b0       0x60 C:/devkitPro/libctru/lib\libcitro3d.a(proctex.o)
                0x00000000001034b0                C3D_ProcTexLutBind
 .text.ProcTexLut_FromArray
                0x0000000000103510       0xa4 C:/devkitPro/libctru/lib\libcitro3d.a(proctex.o)
                0x0000000000103510                ProcTexLut_FromArray
 .text.C3Di_ProcTexUpdate
                0x00000000001035b4      0x174 C:/devkitPro/libctru/lib\libcitro3d.a(proctex.o)
                0x00000000001035b4                C3Di_ProcTexUpdate
 .text.C3Di_ProcTexDirty
                0x0000000000103728       0x68 C:/devkitPro/libctru/lib\libcitro3d.a(proctex.o)
                0x0000000000103728                C3Di_ProcTexDirty
 .text.BufInfo_Init
                0x0000000000103790       0x24 C:/devkitPro/libctru/lib\libcitro3d.a(buffers.o)
                0x0000000000103790                BufInfo_Init
 .text.BufInfo_Add
                0x00000000001037b4       0x84 C:/devkitPro/libctru/lib\libcitro3d.a(buffers.o)
                0x00000000001037b4                BufInfo_Add
 .text.C3D_SetBufInfo
                0x0000000000103838       0x40 C:/devkitPro/libctru/lib\libcitro3d.a(buffers.o)
                0x0000000000103838                C3D_SetBufInfo
 .text.C3Di_BufInfoBind
                0x0000000000103878       0x48 C:/devkitPro/libctru/lib\libcitro3d.a(buffers.o)
                0x0000000000103878                C3Di_BufInfoBind
 .text.C3D_DrawArrays
                0x00000000001038c0      0x148 C:/devkitPro/libctru/lib\libcitro3d.a(drawArrays.o)
                0x00000000001038c0                C3D_DrawArrays
 .text.C3D_DepthMap
                0x0000000000103a08       0x40 C:/devkitPro/libctru/lib\libcitro3d.a(effect.o)
                0x0000000000103a08                C3D_DepthMap
 .text.C3D_CullFace
                0x0000000000103a48       0x1c C:/devkitPro/libctru/lib\libcitro3d.a(effect.o)
                0x0000000000103a48                C3D_CullFace
 .text.C3D_StencilTest
                0x0000000000103a64       0x40 C:/devkitPro/libctru/lib\libcitro3d.a(effect.o)
                0x0000000000103a64                C3D_StencilTest
 .text.C3D_StencilOp
                0x0000000000103aa4       0x24 C:/devkitPro/libctru/lib\libcitro3d.a(effect.o)
                0x0000000000103aa4                C3D_StencilOp
 .text.C3D_BlendingColor
                0x0000000000103ac8       0x1c C:/devkitPro/libctru/lib\libcitro3d.a(effect.o)
                0x0000000000103ac8                C3D_BlendingColor
 .text.C3D_EarlyDepthTest
                0x0000000000103ae4       0x24 C:/devkitPro/libctru/lib\libcitro3d.a(effect.o)
                0x0000000000103ae4                C3D_EarlyDepthTest
 .text.C3D_DepthTest
                0x0000000000103b08       0x2c C:/devkitPro/libctru/lib\libcitro3d.a(effect.o)
                0x0000000000103b08                C3D_DepthTest
 .text.C3D_AlphaTest
                0x0000000000103b34       0x2c C:/devkitPro/libctru/lib\libcitro3d.a(effect.o)
                0x0000000000103b34                C3D_AlphaTest
 .text.C3D_AlphaBlend
                0x0000000000103b60       0x50 C:/devkitPro/libctru/lib\libcitro3d.a(effect.o)
                0x0000000000103b60                C3D_AlphaBlend
 .text.C3D_FragOpMode
                0x0000000000103bb0       0x30 C:/devkitPro/libctru/lib\libcitro3d.a(effect.o)
                0x0000000000103bb0                C3D_FragOpMode
 .text.C3D_FragOpShadow
                0x0000000000103be0       0x44 C:/devkitPro/libctru/lib\libcitro3d.a(effect.o)
                0x0000000000103be0                C3D_FragOpShadow
 .text.C3Di_EffectBind
                0x0000000000103c24      0x1ac C:/devkitPro/libctru/lib\libcitro3d.a(effect.o)
                0x0000000000103c24                C3Di_EffectBind
 .text.AttrInfo_Init
                0x0000000000103dd0       0x28 C:/devkitPro/libctru/lib\libcitro3d.a(attribs.o)
                0x0000000000103dd0                AttrInfo_Init
 .text.AttrInfo_AddLoader
                0x0000000000103df8       0xa0 C:/devkitPro/libctru/lib\libcitro3d.a(attribs.o)
                0x0000000000103df8                AttrInfo_AddLoader
 .text.C3D_SetAttrInfo
                0x0000000000103e98       0x54 C:/devkitPro/libctru/lib\libcitro3d.a(attribs.o)
                0x0000000000103e98                C3D_SetAttrInfo
 .text.C3Di_AttrInfoBind
                0x0000000000103eec       0x80 C:/devkitPro/libctru/lib\libcitro3d.a(attribs.o)
                0x0000000000103eec                C3Di_AttrInfoBind
 .text.C3D_ImmSendAttrib
                0x0000000000103f6c       0xa4 C:/devkitPro/libctru/lib\libcitro3d.a(immediate.o)
                0x0000000000103f6c                C3D_ImmSendAttrib
 .text.C3D_UpdateUniforms
                0x0000000000104010      0x2b8 C:/devkitPro/libctru/lib\libcitro3d.a(uniforms.o)
                0x0000000000104010                C3D_UpdateUniforms
 .text.C3Di_DirtyUniforms
                0x00000000001042c8       0xc0 C:/devkitPro/libctru/lib\libcitro3d.a(uniforms.o)
                0x00000000001042c8                C3Di_DirtyUniforms
 .text.C3Di_LoadShaderUniforms
                0x0000000000104388       0xe0 C:/devkitPro/libctru/lib\libcitro3d.a(uniforms.o)
                0x0000000000104388                C3Di_LoadShaderUniforms
 .text.C3Di_ClearShaderUniforms
                0x0000000000104468       0x28 C:/devkitPro/libctru/lib\libcitro3d.a(uniforms.o)
                0x0000000000104468                C3Di_ClearShaderUniforms
 .text.Mtx_Ortho
                0x0000000000104490       0xcc C:/devkitPro/libctru/lib\libcitro3d.a(mtx_ortho.o)
                0x0000000000104490                Mtx_Ortho
 .text.Mtx_OrthoTilt
                0x000000000010455c       0xcc C:/devkitPro/libctru/lib\libcitro3d.a(mtx_orthotilt.o)
                0x000000000010455c                Mtx_OrthoTilt
 .text._ZL21addrMapNodeComparatorPK11rbtree_nodeS1_
                0x0000000000104628       0x24 C:/devkitPro/libctru/lib\libctru.a(vram.o)
 .text._ZL21addrMapNodeDestructorP11rbtree_node
                0x000000000010464c        0x4 C:/devkitPro/libctru/lib\libctru.a(vram.o)
 .text.vramMemAlign
                0x0000000000104650      0x110 C:/devkitPro/libctru/lib\libctru.a(vram.o)
                0x0000000000104650                vramMemAlign
 .text.vramAlloc
                0x0000000000104760        0x8 C:/devkitPro/libctru/lib\libctru.a(vram.o)
                0x0000000000104760                vramAlloc
 .text.vramFree
                0x0000000000104768       0x50 C:/devkitPro/libctru/lib\libctru.a(vram.o)
                0x0000000000104768                vramFree
 .text._ZL21addrMapNodeComparatorPK11rbtree_nodeS1_
                0x00000000001047b8       0x24 C:/devkitPro/libctru/lib\libctru.a(linear.o)
 .text._ZL21addrMapNodeDestructorP11rbtree_node
                0x00000000001047dc        0x4 C:/devkitPro/libctru/lib\libctru.a(linear.o)
 .text.linearMemAlign
                0x00000000001047e0      0x11c C:/devkitPro/libctru/lib\libctru.a(linear.o)
                0x00000000001047e0                linearMemAlign
 .text.linearAlloc
                0x00000000001048fc        0x8 C:/devkitPro/libctru/lib\libctru.a(linear.o)
                0x00000000001048fc                linearAlloc
 .text.linearFree
                0x0000000000104904       0x50 C:/devkitPro/libctru/lib\libctru.a(linear.o)
                0x0000000000104904                linearFree
 .text._ZN7MemPool13CoalesceRightEP8MemBlock
                0x0000000000104954       0x90 C:/devkitPro/libctru/lib\libctru.a(mem_pool.o)
                0x0000000000104954                MemPool::CoalesceRight(MemBlock*)
 .text._ZN7MemPool8AllocateER8MemChunkmi
                0x00000000001049e4      0x174 C:/devkitPro/libctru/lib\libctru.a(mem_pool.o)
                0x00000000001049e4                MemPool::Allocate(MemChunk&, unsigned long, int)
 .text._ZN7MemPool10DeallocateERK8MemChunk
                0x0000000000104b58       0xfc C:/devkitPro/libctru/lib\libctru.a(mem_pool.o)
                0x0000000000104b58                MemPool::Deallocate(MemChunk const&)
 .text.getSysTime
                0x0000000000104c54       0x58 C:/devkitPro/libctru/lib\libctru.a(os.o)
 .text.__ctru_speedup_config.part.0
                0x0000000000104cac       0x28 C:/devkitPro/libctru/lib\libctru.a(os.o)
 .text.osConvertVirtToPhys
                0x0000000000104cd4       0x4c C:/devkitPro/libctru/lib\libctru.a(os.o)
                0x0000000000104cd4                osConvertVirtToPhys
 .text.osGetMemRegionUsed
                0x0000000000104d20       0x24 C:/devkitPro/libctru/lib\libctru.a(os.o)
                0x0000000000104d20                osGetMemRegionUsed
 *fill*         0x0000000000104d44        0x4 
 .text.__libctru_gtod
                0x0000000000104d48      0x128 C:/devkitPro/libctru/lib\libctru.a(os.o)
                0x0000000000104d48                __libctru_gtod
 .text.osTickCounterRead
                0x0000000000104e70       0x38 C:/devkitPro/libctru/lib\libctru.a(os.o)
                0x0000000000104e70                osTickCounterRead
 .text.__ctru_speedup_config
                0x0000000000104ea8       0x18 C:/devkitPro/libctru/lib\libctru.a(os.o)
                0x0000000000104ea8                __ctru_speedup_config
 .text.consoleDrawChar
                0x0000000000104ec0      0x1b8 C:/devkitPro/libctru/lib\libctru.a(console.o)
                0x0000000000104ec0                consoleDrawChar
 .text.consolePrintChar
                0x0000000000105078      0x124 C:/devkitPro/libctru/lib\libctru.a(console.o)
                0x0000000000105078                consolePrintChar
 .text.consoleCls
                0x000000000010519c      0x164 C:/devkitPro/libctru/lib\libctru.a(console.o)
 .text.consoleInit
                0x0000000000105300      0x104 C:/devkitPro/libctru/lib\libctru.a(console.o)
                0x0000000000105300                consoleInit
 .text.consoleClearLine
                0x0000000000105404      0x114 C:/devkitPro/libctru/lib\libctru.a(console.o)
 .text.newRow   0x0000000000105518       0xc4 C:/devkitPro/libctru/lib\libctru.a(console.o)
 .text.con_write
                0x00000000001055dc      0x7b8 C:/devkitPro/libctru/lib\libctru.a(console.o)
                0x00000000001055dc                con_write
 .text.gfxSetFramebufferInfo.part.0
                0x0000000000105d94       0x8c C:/devkitPro/libctru/lib\libctru.a(gfx.o)
 .text.gfxSetFramebufferInfo
                0x0000000000105e20       0x6c C:/devkitPro/libctru/lib\libctru.a(gfx.o)
 .text.gfxGetFramebuffer.part.1
                0x0000000000105e8c       0x58 C:/devkitPro/libctru/lib\libctru.a(gfx.o)
 .text.gfxIs3D  0x0000000000105ee4       0x10 C:/devkitPro/libctru/lib\libctru.a(gfx.o)
                0x0000000000105ee4                gfxIs3D
 .text.__get_bytes_per_pixel
                0x0000000000105ef4       0x18 C:/devkitPro/libctru/lib\libctru.a(gfx.o)
                0x0000000000105ef4                __get_bytes_per_pixel
 .text.gfxSetScreenFormat
                0x0000000000105f0c      0x184 C:/devkitPro/libctru/lib\libctru.a(gfx.o)
                0x0000000000105f0c                gfxSetScreenFormat
 .text.gfxSetDoubleBuffering
                0x0000000000106090       0x10 C:/devkitPro/libctru/lib\libctru.a(gfx.o)
                0x0000000000106090                gfxSetDoubleBuffering
 .text.gfxInit  0x00000000001060a0      0x210 C:/devkitPro/libctru/lib\libctru.a(gfx.o)
                0x00000000001060a0                gfxInit
 .text.gfxInitDefault
                0x00000000001062b0       0x10 C:/devkitPro/libctru/lib\libctru.a(gfx.o)
                0x00000000001062b0                gfxInitDefault
 .text.gfxExit  0x00000000001062c0       0xe0 C:/devkitPro/libctru/lib\libctru.a(gfx.o)
                0x00000000001062c0                gfxExit
 .text.gfxGetFramebuffer
                0x00000000001063a0       0x60 C:/devkitPro/libctru/lib\libctru.a(gfx.o)
                0x00000000001063a0                gfxGetFramebuffer
 .text.gfxFlushBuffers
                0x0000000000106400       0xcc C:/devkitPro/libctru/lib\libctru.a(gfx.o)
                0x0000000000106400                gfxFlushBuffers
 .text.gfxConfigScreen
                0x00000000001064cc       0xf8 C:/devkitPro/libctru/lib\libctru.a(gfx.o)
                0x00000000001064cc                gfxConfigScreen
 .text.gfxSwapBuffersGpu
                0x00000000001065c4       0x20 C:/devkitPro/libctru/lib\libctru.a(gfx.o)
                0x00000000001065c4                gfxSwapBuffersGpu
 .text.shaderInstanceInit
                0x00000000001065e4      0x1ec C:/devkitPro/libctru/lib\libctru.a(shaderProgram.o)
                0x00000000001065e4                shaderInstanceInit
 .text.shaderInstanceFree
                0x00000000001067d0       0x34 C:/devkitPro/libctru/lib\libctru.a(shaderProgram.o)
                0x00000000001067d0                shaderInstanceFree
 .text.shaderInstanceGetUniformLocation
                0x0000000000106804       0x18 C:/devkitPro/libctru/lib\libctru.a(shaderProgram.o)
                0x0000000000106804                shaderInstanceGetUniformLocation
 .text.shaderProgramInit
                0x000000000010681c       0x18 C:/devkitPro/libctru/lib\libctru.a(shaderProgram.o)
                0x000000000010681c                shaderProgramInit
 .text.shaderProgramFree
                0x0000000000106834       0x2c C:/devkitPro/libctru/lib\libctru.a(shaderProgram.o)
                0x0000000000106834                shaderProgramFree
 .text.shaderProgramSetVsh
                0x0000000000106860       0x6c C:/devkitPro/libctru/lib\libctru.a(shaderProgram.o)
                0x0000000000106860                shaderProgramSetVsh
 .text.shaderProgramConfigure
                0x00000000001068cc      0x8d4 C:/devkitPro/libctru/lib\libctru.a(shaderProgram.o)
                0x00000000001068cc                shaderProgramConfigure
 .text.DVLE_GenerateOutmap.part.0
                0x00000000001071a0      0x1f8 C:/devkitPro/libctru/lib\libctru.a(shbin.o)
 .text.DVLB_ParseFile
                0x0000000000107398      0x1cc C:/devkitPro/libctru/lib\libctru.a(shbin.o)
                0x0000000000107398                DVLB_ParseFile
 .text.DVLB_Free
                0x0000000000107564       0x38 C:/devkitPro/libctru/lib\libctru.a(shbin.o)
                0x0000000000107564                DVLB_Free
 .text.DVLE_GetUniformRegister
                0x000000000010759c       0x78 C:/devkitPro/libctru/lib\libctru.a(shbin.o)
                0x000000000010759c                DVLE_GetUniformRegister
 .text.submitGxCommand
                0x0000000000107614       0x38 C:/devkitPro/libctru/lib\libctru.a(gx.o)
 .text.GX_BindQueue
                0x000000000010764c       0x10 C:/devkitPro/libctru/lib\libctru.a(gx.o)
                0x000000000010764c                GX_BindQueue
 .text.GX_ProcessCommandList
                0x000000000010765c       0x50 C:/devkitPro/libctru/lib\libctru.a(gx.o)
                0x000000000010765c                GX_ProcessCommandList
 .text.GX_MemoryFill
                0x00000000001076ac       0x54 C:/devkitPro/libctru/lib\libctru.a(gx.o)
                0x00000000001076ac                GX_MemoryFill
 .text.GX_DisplayTransfer
                0x0000000000107700       0x48 C:/devkitPro/libctru/lib\libctru.a(gx.o)
                0x0000000000107700                GX_DisplayTransfer
 .text.gxCmdQueueDoCommands.part.0
                0x0000000000107748       0x74 C:/devkitPro/libctru/lib\libctru.a(gxqueue.o)
 .text.gxCmdQueueInterrupt
                0x00000000001077bc       0xc8 C:/devkitPro/libctru/lib\libctru.a(gxqueue.o)
                0x00000000001077bc                gxCmdQueueInterrupt
 .text.gxCmdQueueClear
                0x0000000000107884       0x4c C:/devkitPro/libctru/lib\libctru.a(gxqueue.o)
                0x0000000000107884                gxCmdQueueClear
 .text.gxCmdQueueAdd
                0x00000000001078d0       0xf8 C:/devkitPro/libctru/lib\libctru.a(gxqueue.o)
                0x00000000001078d0                gxCmdQueueAdd
 .text.gxCmdQueueRun
                0x00000000001079c8       0x80 C:/devkitPro/libctru/lib\libctru.a(gxqueue.o)
                0x00000000001079c8                gxCmdQueueRun
 .text.gxCmdQueueStop
                0x0000000000107a48       0x60 C:/devkitPro/libctru/lib\libctru.a(gxqueue.o)
                0x0000000000107a48                gxCmdQueueStop
 .text.gxCmdQueueWait
                0x0000000000107aa8       0x84 C:/devkitPro/libctru/lib\libctru.a(gxqueue.o)
                0x0000000000107aa8                gxCmdQueueWait
 .text.GPUCMD_Add
                0x0000000000107b2c      0x138 C:/devkitPro/libctru/lib\libctru.a(gpu.o)
                0x0000000000107b2c                GPUCMD_Add
 .text.GPUCMD_Split
                0x0000000000107c64       0xb0 C:/devkitPro/libctru/lib\libctru.a(gpu.o)
                0x0000000000107c64                GPUCMD_Split
 .text.f32tof16
                0x0000000000107d14       0x34 C:/devkitPro/libctru/lib\libctru.a(gpu.o)
                0x0000000000107d14                f32tof16
 .text.f32tof24
                0x0000000000107d48       0x34 C:/devkitPro/libctru/lib\libctru.a(gpu.o)
                0x0000000000107d48                f32tof24
 .text.f32tof31
                0x0000000000107d7c       0x38 C:/devkitPro/libctru/lib\libctru.a(gpu.o)
                0x0000000000107d7c                f32tof31
 .text.gspInit  0x0000000000107db4       0x74 C:/devkitPro/libctru/lib\libctru.a(gspgpu.o)
                0x0000000000107db4                gspInit
 .text.gspExit  0x0000000000107e28       0x3c C:/devkitPro/libctru/lib\libctru.a(gspgpu.o)
                0x0000000000107e28                gspExit
 .text.gspSetEventCallback
                0x0000000000107e64       0x34 C:/devkitPro/libctru/lib\libctru.a(gspgpu.o)
                0x0000000000107e64                gspSetEventCallback
 .text.gspInitEventHandler
                0x0000000000107e98       0xa0 C:/devkitPro/libctru/lib\libctru.a(gspgpu.o)
                0x0000000000107e98                gspInitEventHandler
 .text.gspExitEventHandler
                0x0000000000107f38       0x40 C:/devkitPro/libctru/lib\libctru.a(gspgpu.o)
                0x0000000000107f38                gspExitEventHandler
 .text.gspWaitForEvent
                0x0000000000107f78       0x44 C:/devkitPro/libctru/lib\libctru.a(gspgpu.o)
                0x0000000000107f78                gspWaitForEvent
 .text.gspWaitForAnyEvent
                0x0000000000107fbc       0x64 C:/devkitPro/libctru/lib\libctru.a(gspgpu.o)
                0x0000000000107fbc                gspWaitForAnyEvent
 .text.gspEventThreadMain
                0x0000000000108020      0x178 C:/devkitPro/libctru/lib\libctru.a(gspgpu.o)
 .text.gspSubmitGxCommand
                0x0000000000108198      0x120 C:/devkitPro/libctru/lib\libctru.a(gspgpu.o)
                0x0000000000108198                gspSubmitGxCommand
 .text.GSPGPU_SetBufferSwap
                0x00000000001082b8       0x6c C:/devkitPro/libctru/lib\libctru.a(gspgpu.o)
                0x00000000001082b8                GSPGPU_SetBufferSwap
 .text.GSPGPU_FlushDataCache
                0x0000000000108324       0x4c C:/devkitPro/libctru/lib\libctru.a(gspgpu.o)
                0x0000000000108324                GSPGPU_FlushDataCache
 .text.GSPGPU_SetLcdForceBlack
                0x0000000000108370       0x34 C:/devkitPro/libctru/lib\libctru.a(gspgpu.o)
                0x0000000000108370                GSPGPU_SetLcdForceBlack
 .text.GSPGPU_RegisterInterruptRelayQueue
                0x00000000001083a4       0x64 C:/devkitPro/libctru/lib\libctru.a(gspgpu.o)
                0x00000000001083a4                GSPGPU_RegisterInterruptRelayQueue
 .text.GSPGPU_UnregisterInterruptRelayQueue
                0x0000000000108408       0x2c C:/devkitPro/libctru/lib\libctru.a(gspgpu.o)
                0x0000000000108408                GSPGPU_UnregisterInterruptRelayQueue
 .text.GSPGPU_AcquireRight
                0x0000000000108434       0x48 C:/devkitPro/libctru/lib\libctru.a(gspgpu.o)
                0x0000000000108434                GSPGPU_AcquireRight
 .text.GSPGPU_ReleaseRight
                0x000000000010847c       0x2c C:/devkitPro/libctru/lib\libctru.a(gspgpu.o)
                0x000000000010847c                GSPGPU_ReleaseRight
 .text.GSPGPU_ImportDisplayCaptureInfo
                0x00000000001084a8       0x80 C:/devkitPro/libctru/lib\libctru.a(gspgpu.o)
                0x00000000001084a8                GSPGPU_ImportDisplayCaptureInfo
 .text.GSPGPU_SaveVramSysArea
                0x0000000000108528       0x2c C:/devkitPro/libctru/lib\libctru.a(gspgpu.o)
                0x0000000000108528                GSPGPU_SaveVramSysArea
 .text.GSPGPU_RestoreVramSysArea
                0x0000000000108554       0x2c C:/devkitPro/libctru/lib\libctru.a(gspgpu.o)
                0x0000000000108554                GSPGPU_RestoreVramSysArea
 .text._aptDebug
                0x0000000000108580        0x4 C:/devkitPro/libctru/lib\libctru.a(apt.o)
                0x0000000000108580                _aptDebug
 .text.aptSendCommand
                0x0000000000108584      0x170 C:/devkitPro/libctru/lib\libctru.a(apt.o)
                0x0000000000108584                aptSendCommand
 .text.aptExitProcess
                0x00000000001086f4       0x3c C:/devkitPro/libctru/lib\libctru.a(apt.o)
 .text.aptHook  0x0000000000108730       0x34 C:/devkitPro/libctru/lib\libctru.a(apt.o)
                0x0000000000108730                aptHook
 .text.aptUnhook
                0x0000000000108764       0x2c C:/devkitPro/libctru/lib\libctru.a(apt.o)
                0x0000000000108764                aptUnhook
 .text.APT_InquireNotification
                0x0000000000108790       0x4c C:/devkitPro/libctru/lib\libctru.a(apt.o)
                0x0000000000108790                APT_InquireNotification
 .text.aptEventHandler
                0x00000000001087dc      0x198 C:/devkitPro/libctru/lib\libctru.a(apt.o)
 .text.APT_AppletUtility
                0x0000000000108974       0x74 C:/devkitPro/libctru/lib\libctru.a(apt.o)
                0x0000000000108974                APT_AppletUtility
 .text.aptSetSleepAllowed
                0x00000000001089e8       0xb0 C:/devkitPro/libctru/lib\libctru.a(apt.o)
                0x00000000001089e8                aptSetSleepAllowed
 .text.APT_GlanceParameter
                0x0000000000108a98       0xb0 C:/devkitPro/libctru/lib\libctru.a(apt.o)
                0x0000000000108a98                APT_GlanceParameter
 .text.APT_ReceiveParameter
                0x0000000000108b48       0xc4 C:/devkitPro/libctru/lib\libctru.a(apt.o)
                0x0000000000108b48                APT_ReceiveParameter
 .text.aptReceiveParameter.constprop.0
                0x0000000000108c0c       0xbc C:/devkitPro/libctru/lib\libctru.a(apt.o)
 .text.aptScreenTransfer
                0x0000000000108cc8      0x1e0 C:/devkitPro/libctru/lib\libctru.a(apt.o)
 .text.aptWaitForWakeUp
                0x0000000000108ea8      0x210 C:/devkitPro/libctru/lib\libctru.a(apt.o)
 .text.APT_CancelParameter
                0x00000000001090b8       0x70 C:/devkitPro/libctru/lib\libctru.a(apt.o)
                0x00000000001090b8                APT_CancelParameter
 .text.aptInit  0x0000000000109128      0x25c C:/devkitPro/libctru/lib\libctru.a(apt.o)
                0x0000000000109128                aptInit
 .text.aptClearParamQueue
                0x0000000000109384       0x88 C:/devkitPro/libctru/lib\libctru.a(apt.o)
 .text.aptMainLoop
                0x000000000010940c      0x208 C:/devkitPro/libctru/lib\libctru.a(apt.o)
                0x000000000010940c                aptMainLoop
 *fill*         0x0000000000109614        0x4 
 .text.aptExit  0x0000000000109618      0x23c C:/devkitPro/libctru/lib\libctru.a(apt.o)
                0x0000000000109618                aptExit
 .text.APT_CheckNew3DS
                0x0000000000109854       0x7c C:/devkitPro/libctru/lib\libctru.a(apt.o)
                0x0000000000109854                APT_CheckNew3DS
 .text.hidCheckSectionUpdateTime.part.0
                0x00000000001098d0       0x28 C:/devkitPro/libctru/lib\libctru.a(hid.o)
 .text.hidExit  0x00000000001098f8       0xd0 C:/devkitPro/libctru/lib\libctru.a(hid.o)
                0x00000000001098f8                hidExit
 .text.hidScanInput
                0x00000000001099c8      0x210 C:/devkitPro/libctru/lib\libctru.a(hid.o)
                0x00000000001099c8                hidScanInput
 .text.hidKeysDown
                0x0000000000109bd8       0x10 C:/devkitPro/libctru/lib\libctru.a(hid.o)
                0x0000000000109bd8                hidKeysDown
 .text.hidKeysUp
                0x0000000000109be8       0x10 C:/devkitPro/libctru/lib\libctru.a(hid.o)
                0x0000000000109be8                hidKeysUp
 .text.HIDUSER_GetHandles
                0x0000000000109bf8       0x90 C:/devkitPro/libctru/lib\libctru.a(hid.o)
                0x0000000000109bf8                HIDUSER_GetHandles
 .text.hidInit  0x0000000000109c88      0x1a4 C:/devkitPro/libctru/lib\libctru.a(hid.o)
                0x0000000000109c88                hidInit
 .text.ptmSysmInit
                0x0000000000109e2c       0x74 C:/devkitPro/libctru/lib\libctru.a(ptmsysm.o)
                0x0000000000109e2c                ptmSysmInit
 .text.ptmSysmExit
                0x0000000000109ea0       0x3c C:/devkitPro/libctru/lib\libctru.a(ptmsysm.o)
                0x0000000000109ea0                ptmSysmExit
 .text.PTMSYSM_ConfigureNew3DSCPU
                0x0000000000109edc       0x34 C:/devkitPro/libctru/lib\libctru.a(ptmsysm.o)
                0x0000000000109edc                PTMSYSM_ConfigureNew3DSCPU
 .text.rbtree_init
                0x0000000000109f10       0x14 C:/devkitPro/libctru/lib\libctru.a(rbtree_init.o)
                0x0000000000109f10                rbtree_init
 .text.do_insert
                0x0000000000109f24      0x18c C:/devkitPro/libctru/lib\libctru.a(rbtree_insert.o)
 .text.rbtree_insert
                0x000000000010a0b0        0x8 C:/devkitPro/libctru/lib\libctru.a(rbtree_insert.o)
                0x000000000010a0b0                rbtree_insert
 .text.rbtree_rotate
                0x000000000010a0b8       0x90 C:/devkitPro/libctru/lib\libctru.a(rbtree_rotate.o)
                0x000000000010a0b8                rbtree_rotate
 .text.rbtree_remove
                0x000000000010a148      0x330 C:/devkitPro/libctru/lib\libctru.a(rbtree_remove.o)
                0x000000000010a148                rbtree_remove
 .text.rbtree_find
                0x000000000010a478       0x74 C:/devkitPro/libctru/lib\libctru.a(rbtree_find.o)
                0x000000000010a478                rbtree_find
 .text.__libctru_init
                0x000000000010a4ec       0x38 C:/devkitPro/libctru/lib\libctru.a(initSystem.o)
                0x000000000010a4ec                __libctru_init
 .text.__libctru_nanosleep
                0x000000000010a524       0x38 C:/devkitPro/libctru/lib\libctru.a(syscalls.o)
 .text.__ctru_get_reent
                0x000000000010a55c       0x30 C:/devkitPro/libctru/lib\libctru.a(syscalls.o)
 .text.__system_initSyscalls
                0x000000000010a58c       0xfc C:/devkitPro/libctru/lib\libctru.a(syscalls.o)
                0x000000000010a58c                __system_initSyscalls
 .text.__system_allocateHeaps
                0x000000000010a688      0x104 C:/devkitPro/libctru/lib\libctru.a(allocateHeaps.o)
                0x000000000010a688                __system_allocateHeaps
 .text.__system_initArgv
                0x000000000010a78c       0xf0 C:/devkitPro/libctru/lib\libctru.a(initArgv.o)
                0x000000000010a78c                __system_initArgv
 .text.svcControlMemory
                0x000000000010a87c       0x20 C:/devkitPro/libctru/lib\libctru.a(svc.o)
                0x000000000010a87c                svcControlMemory
 .text.svcExitProcess
                0x000000000010a89c        0x8 C:/devkitPro/libctru/lib\libctru.a(svc.o)
                0x000000000010a89c                svcExitProcess
 .text.svcCreateThread
                0x000000000010a8a4       0x20 C:/devkitPro/libctru/lib\libctru.a(svc.o)
                0x000000000010a8a4                svcCreateThread
 .text.svcExitThread
                0x000000000010a8c4        0x8 C:/devkitPro/libctru/lib\libctru.a(svc.o)
                0x000000000010a8c4                svcExitThread
 .text.svcSleepThread
                0x000000000010a8cc        0x8 C:/devkitPro/libctru/lib\libctru.a(svc.o)
                0x000000000010a8cc                svcSleepThread
 .text.svcReleaseMutex
                0x000000000010a8d4        0x8 C:/devkitPro/libctru/lib\libctru.a(svc.o)
                0x000000000010a8d4                svcReleaseMutex
 .text.svcCreateEvent
                0x000000000010a8dc       0x14 C:/devkitPro/libctru/lib\libctru.a(svc.o)
                0x000000000010a8dc                svcCreateEvent
 .text.svcSignalEvent
                0x000000000010a8f0        0x8 C:/devkitPro/libctru/lib\libctru.a(svc.o)
                0x000000000010a8f0                svcSignalEvent
 .text.svcClearEvent
                0x000000000010a8f8        0x8 C:/devkitPro/libctru/lib\libctru.a(svc.o)
                0x000000000010a8f8                svcClearEvent
 .text.svcMapMemoryBlock
                0x000000000010a900        0x8 C:/devkitPro/libctru/lib\libctru.a(svc.o)
                0x000000000010a900                svcMapMemoryBlock
 .text.svcUnmapMemoryBlock
                0x000000000010a908        0x8 C:/devkitPro/libctru/lib\libctru.a(svc.o)
                0x000000000010a908                svcUnmapMemoryBlock
 .text.svcCreateAddressArbiter
                0x000000000010a910       0x14 C:/devkitPro/libctru/lib\libctru.a(svc.o)
                0x000000000010a910                svcCreateAddressArbiter
 .text.svcArbitrateAddress
                0x000000000010a924       0x18 C:/devkitPro/libctru/lib\libctru.a(svc.o)
                0x000000000010a924                svcArbitrateAddress
 .text.svcCloseHandle
                0x000000000010a93c        0x8 C:/devkitPro/libctru/lib\libctru.a(svc.o)
                0x000000000010a93c                svcCloseHandle
 .text.svcWaitSynchronization
                0x000000000010a944        0x8 C:/devkitPro/libctru/lib\libctru.a(svc.o)
                0x000000000010a944                svcWaitSynchronization
 .text.svcWaitSynchronizationN
                0x000000000010a94c       0x28 C:/devkitPro/libctru/lib\libctru.a(svc.o)
                0x000000000010a94c                svcWaitSynchronizationN
 .text.svcDuplicateHandle
                0x000000000010a974       0x14 C:/devkitPro/libctru/lib\libctru.a(svc.o)
                0x000000000010a974                svcDuplicateHandle
 .text.svcGetSystemTick
                0x000000000010a988        0x8 C:/devkitPro/libctru/lib\libctru.a(svc.o)
                0x000000000010a988                svcGetSystemTick
 .text.svcGetSystemInfo
                0x000000000010a990       0x18 C:/devkitPro/libctru/lib\libctru.a(svc.o)
                0x000000000010a990                svcGetSystemInfo
 .text.svcConnectToPort
                0x000000000010a9a8       0x14 C:/devkitPro/libctru/lib\libctru.a(svc.o)
                0x000000000010a9a8                svcConnectToPort
 .text.svcSendSyncRequest
                0x000000000010a9bc        0x8 C:/devkitPro/libctru/lib\libctru.a(svc.o)
                0x000000000010a9bc                svcSendSyncRequest
 .text.svcBreak
                0x000000000010a9c4        0x8 C:/devkitPro/libctru/lib\libctru.a(svc.o)
                0x000000000010a9c4                svcBreak
 .text._ZL21addrMapNodeComparatorPK11rbtree_nodeS1_
                0x000000000010a9cc       0x24 C:/devkitPro/libctru/lib\libctru.a(mappable.o)
 .text._ZL21addrMapNodeDestructorP11rbtree_node
                0x000000000010a9f0        0x4 C:/devkitPro/libctru/lib\libctru.a(mappable.o)
 .text.mappableAlloc
                0x000000000010a9f4       0xe4 C:/devkitPro/libctru/lib\libctru.a(mappable.o)
                0x000000000010a9f4                mappableAlloc
 .text.mappableFree
                0x000000000010aad8       0x50 C:/devkitPro/libctru/lib\libctru.a(mappable.o)
                0x000000000010aad8                mappableFree
 .text.LightLock_Unlock.part.1
                0x000000000010ab28       0x38 C:/devkitPro/libctru/lib\libctru.a(synchronization.o)
 .text.__sync_init
                0x000000000010ab60        0xc C:/devkitPro/libctru/lib\libctru.a(synchronization.o)
                0x000000000010ab60                __sync_init
 .text.__sync_fini
                0x000000000010ab6c       0x18 C:/devkitPro/libctru/lib\libctru.a(synchronization.o)
                0x000000000010ab6c                __sync_fini
 .text.__sync_get_arbiter
                0x000000000010ab84       0x10 C:/devkitPro/libctru/lib\libctru.a(synchronization.o)
                0x000000000010ab84                __sync_get_arbiter
 .text.LightLock_Init
                0x000000000010ab94       0x18 C:/devkitPro/libctru/lib\libctru.a(synchronization.o)
                0x000000000010ab94                LightLock_Init
 .text.LightLock_Lock
                0x000000000010abac       0x9c C:/devkitPro/libctru/lib\libctru.a(synchronization.o)
                0x000000000010abac                LightLock_Lock
 .text.LightLock_TryLock
                0x000000000010ac48       0x34 C:/devkitPro/libctru/lib\libctru.a(synchronization.o)
                0x000000000010ac48                LightLock_TryLock
 .text.LightLock_Unlock
                0x000000000010ac7c       0x20 C:/devkitPro/libctru/lib\libctru.a(synchronization.o)
                0x000000000010ac7c                LightLock_Unlock
 .text.RecursiveLock_Init
                0x000000000010ac9c       0x24 C:/devkitPro/libctru/lib\libctru.a(synchronization.o)
                0x000000000010ac9c                RecursiveLock_Init
 .text.RecursiveLock_Lock
                0x000000000010acc0       0x30 C:/devkitPro/libctru/lib\libctru.a(synchronization.o)
                0x000000000010acc0                RecursiveLock_Lock
 .text.RecursiveLock_TryLock
                0x000000000010acf0       0x58 C:/devkitPro/libctru/lib\libctru.a(synchronization.o)
                0x000000000010acf0                RecursiveLock_TryLock
 .text.RecursiveLock_Unlock
                0x000000000010ad48       0x38 C:/devkitPro/libctru/lib\libctru.a(synchronization.o)
                0x000000000010ad48                RecursiveLock_Unlock
 .text.LightEvent_Init
                0x000000000010ad80       0x38 C:/devkitPro/libctru/lib\libctru.a(synchronization.o)
                0x000000000010ad80                LightEvent_Init
 .text.LightEvent_Clear
                0x000000000010adb8       0x7c C:/devkitPro/libctru/lib\libctru.a(synchronization.o)
                0x000000000010adb8                LightEvent_Clear
 .text.LightEvent_Signal
                0x000000000010ae34       0xdc C:/devkitPro/libctru/lib\libctru.a(synchronization.o)
                0x000000000010ae34                LightEvent_Signal
 .text.LightEvent_Wait
                0x000000000010af10       0xc0 C:/devkitPro/libctru/lib\libctru.a(synchronization.o)
                0x000000000010af10                LightEvent_Wait
 .text.srvExit  0x000000000010afd0       0x58 C:/devkitPro/libctru/lib\libctru.a(srv.o)
                0x000000000010afd0                srvExit
 .text.srvRegisterClient
                0x000000000010b028       0x38 C:/devkitPro/libctru/lib\libctru.a(srv.o)
                0x000000000010b028                srvRegisterClient
 .text.srvInit  0x000000000010b060       0xc8 C:/devkitPro/libctru/lib\libctru.a(srv.o)
                0x000000000010b060                srvInit
 .text.srvGetServiceHandleDirect
                0x000000000010b128       0x80 C:/devkitPro/libctru/lib\libctru.a(srv.o)
                0x000000000010b128                srvGetServiceHandleDirect
 .text.srvGetServiceHandle
                0x000000000010b1a8       0x38 C:/devkitPro/libctru/lib\libctru.a(srv.o)
                0x000000000010b1a8                srvGetServiceHandle
 .text.threadFree.part.0
                0x000000000010b1e0       0x1c C:/devkitPro/libctru/lib\libctru.a(thread.o)
 .text.threadCreate
                0x000000000010b1fc      0x194 C:/devkitPro/libctru/lib\libctru.a(thread.o)
                0x000000000010b1fc                threadCreate
 .text.threadJoin
                0x000000000010b390       0x24 C:/devkitPro/libctru/lib\libctru.a(thread.o)
                0x000000000010b390                threadJoin
 .text.threadExit
                0x000000000010b3b4       0x68 C:/devkitPro/libctru/lib\libctru.a(thread.o)
                0x000000000010b3b4                threadExit
 .text._thread_begin
                0x000000000010b41c       0x48 C:/devkitPro/libctru/lib\libctru.a(thread.o)
 .text.irrstScanInput
                0x000000000010b464       0xac C:/devkitPro/libctru/lib\libctru.a(irrst.o)
                0x000000000010b464                irrstScanInput
 .text.irrstKeysHeld
                0x000000000010b510       0x24 C:/devkitPro/libctru/lib\libctru.a(irrst.o)
                0x000000000010b510                irrstKeysHeld
 .text.IRRST_GetHandles
                0x000000000010b534       0x50 C:/devkitPro/libctru/lib\libctru.a(irrst.o)
                0x000000000010b534                IRRST_GetHandles
 .text.irrstInit
                0x000000000010b584      0x154 C:/devkitPro/libctru/lib\libctru.a(irrst.o)
                0x000000000010b584                irrstInit
 .text.IRRST_Shutdown
                0x000000000010b6d8       0x2c C:/devkitPro/libctru/lib\libctru.a(irrst.o)
                0x000000000010b6d8                IRRST_Shutdown
 .text.irrstExit
                0x000000000010b704       0xac C:/devkitPro/libctru/lib\libctru.a(irrst.o)
                0x000000000010b704                irrstExit
 .text.srvPmGetSessionHandle
                0x000000000010b7b0        0xc C:/devkitPro/libctru/lib\libctru.a(srvpm.o)
                0x000000000010b7b0                srvPmGetSessionHandle
 .text.rbtree_node_next
                0x000000000010b7bc       0x78 C:/devkitPro/libctru/lib\libctru.a(rbtree_iterator.o)
                0x000000000010b7bc                rbtree_node_next
 .text.__appInit
                0x000000000010b834       0x1c C:/devkitPro/libctru/lib\libctru.a(appInit.o)
                0x000000000010b834                __appInit
 .text.__appExit
                0x000000000010b850       0x1c C:/devkitPro/libctru/lib\libctru.a(appExit.o)
                0x000000000010b850                __appExit
 .text.__libctru_exit
                0x000000000010b86c       0xa0 C:/devkitPro/libctru/lib\libctru.a(ctru_exit.o)
                0x000000000010b86c                __libctru_exit
 .text.envGetHandle
                0x000000000010b90c       0x80 C:/devkitPro/libctru/lib\libctru.a(env.o)
                0x000000000010b90c                envGetHandle
 .text.envDestroyHandles
                0x000000000010b98c       0x4c C:/devkitPro/libctru/lib\libctru.a(env.o)
                0x000000000010b98c                envDestroyHandles
 .text.sdmc_link
                0x000000000010b9d8       0x10 C:/devkitPro/libctru/lib\libctru.a(sdmc_dev.o)
 .text.sdmc_dirreset
                0x000000000010b9e8       0x10 C:/devkitPro/libctru/lib\libctru.a(sdmc_dev.o)
 .text.sdmc_chmod
                0x000000000010b9f8       0x10 C:/devkitPro/libctru/lib\libctru.a(sdmc_dev.o)
 .text.error_cmp
                0x000000000010ba08       0x24 C:/devkitPro/libctru/lib\libctru.a(sdmc_dev.o)
 .text.sdmc_translate_error
                0x000000000010ba2c       0x50 C:/devkitPro/libctru/lib\libctru.a(sdmc_dev.o)
 .text.sdmc_fsync
                0x000000000010ba7c       0x34 C:/devkitPro/libctru/lib\libctru.a(sdmc_dev.o)
 .text.sdmc_ftruncate
                0x000000000010bab0       0x54 C:/devkitPro/libctru/lib\libctru.a(sdmc_dev.o)
 .text.sdmc_statvfs
                0x000000000010bb04       0xb8 C:/devkitPro/libctru/lib\libctru.a(sdmc_dev.o)
 .text.sdmc_dirclose
                0x000000000010bbbc       0x38 C:/devkitPro/libctru/lib\libctru.a(sdmc_dev.o)
 .text.sdmc_dirnext
                0x000000000010bbf4      0x12c C:/devkitPro/libctru/lib\libctru.a(sdmc_dev.o)
 .text.sdmc_close
                0x000000000010bd20       0x34 C:/devkitPro/libctru/lib\libctru.a(sdmc_dev.o)
 .text.sdmc_fstat
                0x000000000010bd54       0x74 C:/devkitPro/libctru/lib\libctru.a(sdmc_dev.o)
 .text.sdmc_seek
                0x000000000010bdc8       0xd8 C:/devkitPro/libctru/lib\libctru.a(sdmc_dev.o)
 .text.sdmc_read
                0x000000000010bea0       0x84 C:/devkitPro/libctru/lib\libctru.a(sdmc_dev.o)
 .text.sdmc_write
                0x000000000010bf24       0xc0 C:/devkitPro/libctru/lib\libctru.a(sdmc_dev.o)
 .text.sdmc_utf16path
                0x000000000010bfe4      0x1b0 C:/devkitPro/libctru/lib\libctru.a(sdmc_dev.o)
 .text.sdmc_rmdir
                0x000000000010c194       0x74 C:/devkitPro/libctru/lib\libctru.a(sdmc_dev.o)
 .text.sdmc_diropen
                0x000000000010c208       0xa4 C:/devkitPro/libctru/lib\libctru.a(sdmc_dev.o)
 .text.sdmc_chdir
                0x000000000010c2ac       0xb0 C:/devkitPro/libctru/lib\libctru.a(sdmc_dev.o)
 .text.sdmc_mkdir
                0x000000000010c35c       0x94 C:/devkitPro/libctru/lib\libctru.a(sdmc_dev.o)
 .text.sdmc_rename
                0x000000000010c3f0      0x108 C:/devkitPro/libctru/lib\libctru.a(sdmc_dev.o)
 .text.sdmc_unlink
                0x000000000010c4f8       0x74 C:/devkitPro/libctru/lib\libctru.a(sdmc_dev.o)
 .text.sdmc_stat
                0x000000000010c56c      0x108 C:/devkitPro/libctru/lib\libctru.a(sdmc_dev.o)
 .text.sdmc_open
                0x000000000010c674      0x198 C:/devkitPro/libctru/lib\libctru.a(sdmc_dev.o)
 .text.sdmc_fchmod
                0x000000000010c80c       0x10 C:/devkitPro/libctru/lib\libctru.a(sdmc_dev.o)
 .text.sdmcInit
                0x000000000010c81c      0x168 C:/devkitPro/libctru/lib\libctru.a(sdmc_dev.o)
                0x000000000010c81c                sdmcInit
 .text.sdmcExit
                0x000000000010c984       0x60 C:/devkitPro/libctru/lib\libctru.a(sdmc_dev.o)
                0x000000000010c984                sdmcExit
 .text.fsSessionForArchive.part.0
                0x000000000010c9e4       0x28 C:/devkitPro/libctru/lib\libctru.a(fs.o)
 .text.fsInit   0x000000000010ca0c       0xc4 C:/devkitPro/libctru/lib\libctru.a(fs.o)
                0x000000000010ca0c                fsInit
 .text.fsExit   0x000000000010cad0       0x3c C:/devkitPro/libctru/lib\libctru.a(fs.o)
                0x000000000010cad0                fsExit
 .text.fsExemptFromSession
                0x000000000010cb0c       0x64 C:/devkitPro/libctru/lib\libctru.a(fs.o)
                0x000000000010cb0c                fsExemptFromSession
 .text.fsUnexemptFromSession
                0x000000000010cb70       0x54 C:/devkitPro/libctru/lib\libctru.a(fs.o)
                0x000000000010cb70                fsUnexemptFromSession
 .text.FSUSER_OpenFile
                0x000000000010cbc4       0xbc C:/devkitPro/libctru/lib\libctru.a(fs.o)
                0x000000000010cbc4                FSUSER_OpenFile
 .text.FSUSER_DeleteFile
                0x000000000010cc80       0xa4 C:/devkitPro/libctru/lib\libctru.a(fs.o)
                0x000000000010cc80                FSUSER_DeleteFile
 .text.FSUSER_RenameFile
                0x000000000010cd24       0xdc C:/devkitPro/libctru/lib\libctru.a(fs.o)
                0x000000000010cd24                FSUSER_RenameFile
 .text.FSUSER_DeleteDirectory
                0x000000000010ce00       0xa4 C:/devkitPro/libctru/lib\libctru.a(fs.o)
                0x000000000010ce00                FSUSER_DeleteDirectory
 .text.FSUSER_CreateFile
                0x000000000010cea4       0xbc C:/devkitPro/libctru/lib\libctru.a(fs.o)
                0x000000000010cea4                FSUSER_CreateFile
 .text.FSUSER_CreateDirectory
                0x000000000010cf60       0xac C:/devkitPro/libctru/lib\libctru.a(fs.o)
                0x000000000010cf60                FSUSER_CreateDirectory
 .text.FSUSER_RenameDirectory
                0x000000000010d00c       0xdc C:/devkitPro/libctru/lib\libctru.a(fs.o)
                0x000000000010d00c                FSUSER_RenameDirectory
 .text.FSUSER_OpenDirectory
                0x000000000010d0e8       0xa0 C:/devkitPro/libctru/lib\libctru.a(fs.o)
                0x000000000010d0e8                FSUSER_OpenDirectory
 .text.FSUSER_OpenArchive
                0x000000000010d188       0x98 C:/devkitPro/libctru/lib\libctru.a(fs.o)
                0x000000000010d188                FSUSER_OpenArchive
 .text.FSUSER_CloseArchive
                0x000000000010d220       0x70 C:/devkitPro/libctru/lib\libctru.a(fs.o)
                0x000000000010d220                FSUSER_CloseArchive
 .text.FSUSER_GetSdmcArchiveResource
                0x000000000010d290       0x78 C:/devkitPro/libctru/lib\libctru.a(fs.o)
                0x000000000010d290                FSUSER_GetSdmcArchiveResource
 .text.FSUSER_IsSdmcWritable
                0x000000000010d308       0x64 C:/devkitPro/libctru/lib\libctru.a(fs.o)
                0x000000000010d308                FSUSER_IsSdmcWritable
 .text.FSFILE_Read
                0x000000000010d36c       0x58 C:/devkitPro/libctru/lib\libctru.a(fs.o)
                0x000000000010d36c                FSFILE_Read
 .text.FSFILE_Write
                0x000000000010d3c4       0x64 C:/devkitPro/libctru/lib\libctru.a(fs.o)
                0x000000000010d3c4                FSFILE_Write
 .text.FSFILE_GetSize
                0x000000000010d428       0x38 C:/devkitPro/libctru/lib\libctru.a(fs.o)
                0x000000000010d428                FSFILE_GetSize
 .text.FSFILE_SetSize
                0x000000000010d460       0x28 C:/devkitPro/libctru/lib\libctru.a(fs.o)
                0x000000000010d460                FSFILE_SetSize
 .text.FSFILE_Close
                0x000000000010d488       0x3c C:/devkitPro/libctru/lib\libctru.a(fs.o)
                0x000000000010d488                FSFILE_Close
 .text.FSFILE_Flush
                0x000000000010d4c4       0x24 C:/devkitPro/libctru/lib\libctru.a(fs.o)
                0x000000000010d4c4                FSFILE_Flush
 .text.FSDIR_Read
                0x000000000010d4e8       0x54 C:/devkitPro/libctru/lib\libctru.a(fs.o)
                0x000000000010d4e8                FSDIR_Read
 .text.FSDIR_Close
                0x000000000010d53c       0x3c C:/devkitPro/libctru/lib\libctru.a(fs.o)
                0x000000000010d53c                FSDIR_Close
 .text.utf8_to_utf16
                0x000000000010d578       0xc0 C:/devkitPro/libctru/lib\libctru.a(utf8_to_utf16.o)
                0x000000000010d578                utf8_to_utf16
 .text.decode_utf8
                0x000000000010d638      0x138 C:/devkitPro/libctru/lib\libctru.a(decode_utf8.o)
                0x000000000010d638                decode_utf8
 .text.utf16_to_utf8
                0x000000000010d770       0xe8 C:/devkitPro/libctru/lib\libctru.a(utf16_to_utf8.o)
                0x000000000010d770                utf16_to_utf8
 .text.__aeabi_read_tp
                0x000000000010d858        0xc C:/devkitPro/libctru/lib\libctru.a(readtp.o)
                0x000000000010d858                __aeabi_read_tp
 .text.encode_utf16
                0x000000000010d864       0x68 C:/devkitPro/libctru/lib\libctru.a(encode_utf16.o)
                0x000000000010d864                encode_utf16
 .text.encode_utf8
                0x000000000010d8cc      0x104 C:/devkitPro/libctru/lib\libctru.a(encode_utf8.o)
                0x000000000010d8cc                encode_utf8
 .text.decode_utf16
                0x000000000010d9d0       0x60 C:/devkitPro/libctru/lib\libctru.a(decode_utf16.o)
                0x000000000010d9d0                decode_utf16
 .text.__fixdfdi
                0x000000000010da30       0x2c c:/devkitpro/devkitarm/bin/../lib/gcc/arm-none-eabi/8.3.0/armv6k/fpu\libgcc.a(_fixdfdi.o)
                0x000000000010da30                __fixdfdi
                0x000000000010da30                __aeabi_d2lz
 *fill*         0x000000000010da5c        0x4 
 .text.__fixunsdfdi
                0x000000000010da60       0x40 c:/devkitpro/devkitarm/bin/../lib/gcc/arm-none-eabi/8.3.0/armv6k/fpu\libgcc.a(_fixunsdfdi.o)
                0x000000000010da60                __fixunsdfdi
                0x000000000010da60                __aeabi_d2ulz
 .text.__udivmoddi4
                0x000000000010daa0      0x128 c:/devkitpro/devkitarm/bin/../lib/gcc/arm-none-eabi/8.3.0/armv6k/fpu\libgcc.a(_udivmoddi4.o)
                0x000000000010daa0                __udivmoddi4
 .text.bsearch  0x000000000010dbc8       0x7c c:/devkitpro/devkitarm/bin/../lib/gcc/arm-none-eabi/8.3.0/../../../../arm-none-eabi/lib/armv6k/fpu\libg.a(lib_a-bsearch.o)
                0x000000000010dbc8                bsearch
 .text.calloc   0x000000000010dc44       0x20 c:/devkitpro/devkitarm/bin/../lib/gcc/arm-none-eabi/8.3.0/../../../../arm-none-eabi/lib/armv6k/fpu\libg.a(lib_a-calloc.o)
                0x000000000010dc44                calloc
 .text._calloc_r
                0x000000000010dc64       0x94 c:/devkitpro/devkitarm/bin/../lib/gcc/arm-none-eabi/8.3.0/../../../../arm-none-eabi/lib/armv6k/fpu\libg.a(lib_a-callocr.o)
                0x000000000010dc64                _calloc_r
 .text.__libc_fini_array
                0x000000000010dcf8       0x40 c:/devkitpro/devkitarm/bin/../lib/gcc/arm-none-eabi/8.3.0/../../../../arm-none-eabi/lib/armv6k/fpu\libg.a(lib_a-fini.o)
                0x000000000010dcf8                __libc_fini_array
 .text.__libc_init_array
                0x000000000010dd38       0x7c c:/devkitpro/devkitarm/bin/../lib/gcc/arm-none-eabi/8.3.0/../../../../arm-none-eabi/lib/armv6k/fpu\libg.a(lib_a-init.o)
                0x000000000010dd38                __libc_init_array
 .text.memalign
                0x000000000010ddb4       0x20 c:/devkitpro/devkitarm/bin/../lib/gcc/arm-none-eabi/8.3.0/../../../../arm-none-eabi/lib/armv6k/fpu\libg.a(lib_a-malign.o)
                0x000000000010ddb4                memalign
 .text._memalign_r
                0x000000000010ddd4      0x14c c:/devkitpro/devkitarm/bin/../lib/gcc/arm-none-eabi/8.3.0/../../../../arm-none-eabi/lib/armv6k/fpu\libg.a(lib_a-malignr.o)
                0x000000000010ddd4                _memalign_r
 .text.malloc   0x000000000010df20       0x18 c:/devkitpro/devkitarm/bin/../lib/gcc/arm-none-eabi/8.3.0/../../../../arm-none-eabi/lib/armv6k/fpu\libg.a(lib_a-malloc.o)
                0x000000000010df20                malloc
 .text.free     0x000000000010df38       0x18 c:/devkitpro/devkitarm/bin/../lib/gcc/arm-none-eabi/8.3.0/../../../../arm-none-eabi/lib/armv6k/fpu\libg.a(lib_a-malloc.o)
                0x000000000010df38                free
 .text._malloc_r
                0x000000000010df50      0x7d8 c:/devkitpro/devkitarm/bin/../lib/gcc/arm-none-eabi/8.3.0/../../../../arm-none-eabi/lib/armv6k/fpu\libg.a(lib_a-mallocr.o)
                0x000000000010df50                _malloc_r
 .text.memchr   0x000000000010e728      0x100 c:/devkitpro/devkitarm/bin/../lib/gcc/arm-none-eabi/8.3.0/../../../../arm-none-eabi/lib/armv6k/fpu\libg.a(lib_a-memchr-stub.o)
                0x000000000010e728                memchr
 .text.memcpy   0x000000000010e828      0x118 c:/devkitpro/devkitarm/bin/../lib/gcc/arm-none-eabi/8.3.0/../../../../arm-none-eabi/lib/armv6k/fpu\libg.a(lib_a-memcpy-stub.o)
                0x000000000010e828                memcpy
 .text.memset   0x000000000010e940      0x114 c:/devkitpro/devkitarm/bin/../lib/gcc/arm-none-eabi/8.3.0/../../../../arm-none-eabi/lib/armv6k/fpu\libg.a(lib_a-memset.o)
                0x000000000010e940                memset
 .text.__malloc_lock
                0x000000000010ea54        0xc c:/devkitpro/devkitarm/bin/../lib/gcc/arm-none-eabi/8.3.0/../../../../arm-none-eabi/lib/armv6k/fpu\libg.a(lib_a-mlock.o)
                0x000000000010ea54                __malloc_lock
 .text.__malloc_unlock
                0x000000000010ea60        0xc c:/devkitpro/devkitarm/bin/../lib/gcc/arm-none-eabi/8.3.0/../../../../arm-none-eabi/lib/armv6k/fpu\libg.a(lib_a-mlock.o)
                0x000000000010ea60                __malloc_unlock
 .text.printf   0x000000000010ea6c       0x38 c:/devkitpro/devkitarm/bin/../lib/gcc/arm-none-eabi/8.3.0/../../../../arm-none-eabi/lib/armv6k/fpu\libg.a(lib_a-printf.o)
                0x000000000010ea6c                printf
 .text.realloc  0x000000000010eaa4       0x20 c:/devkitpro/devkitarm/bin/../lib/gcc/arm-none-eabi/8.3.0/../../../../arm-none-eabi/lib/armv6k/fpu\libg.a(lib_a-realloc.o)
                0x000000000010eaa4                realloc
 .text._realloc_r
                0x000000000010eac4      0x4bc c:/devkitpro/devkitarm/bin/../lib/gcc/arm-none-eabi/8.3.0/../../../../arm-none-eabi/lib/armv6k/fpu\libg.a(lib_a-reallocr.o)
                0x000000000010eac4                _realloc_r
 .text.setvbuf  0x000000000010ef80      0x25c c:/devkitpro/devkitarm/bin/../lib/gcc/arm-none-eabi/8.3.0/../../../../arm-none-eabi/lib/armv6k/fpu\libg.a(lib_a-setvbuf.o)
                0x000000000010ef80                setvbuf
 .text.sscanf   0x000000000010f1dc       0x74 c:/devkitpro/devkitarm/bin/../lib/gcc/arm-none-eabi/8.3.0/../../../../arm-none-eabi/lib/armv6k/fpu\libg.a(lib_a-sscanf.o)
                0x000000000010f1dc                sscanf
 .text.__sread  0x000000000010f250       0x3c c:/devkitpro/devkitarm/bin/../lib/gcc/arm-none-eabi/8.3.0/../../../../arm-none-eabi/lib/armv6k/fpu\libg.a(lib_a-stdio.o)
                0x000000000010f250                __sread
 .text.__seofread
                0x000000000010f28c        0x8 c:/devkitpro/devkitarm/bin/../lib/gcc/arm-none-eabi/8.3.0/../../../../arm-none-eabi/lib/armv6k/fpu\libg.a(lib_a-stdio.o)
                0x000000000010f28c                __seofread
 .text.__swrite
                0x000000000010f294       0x68 c:/devkitpro/devkitarm/bin/../lib/gcc/arm-none-eabi/8.3.0/../../../../arm-none-eabi/lib/armv6k/fpu\libg.a(lib_a-stdio.o)
                0x000000000010f294                __swrite
 .text.__sseek  0x000000000010f2fc       0x48 c:/devkitpro/devkitarm/bin/../lib/gcc/arm-none-eabi/8.3.0/../../../../arm-none-eabi/lib/armv6k/fpu\libg.a(lib_a-stdio.o)
                0x000000000010f2fc                __sseek
 .text.__sclose
                0x000000000010f344        0x8 c:/devkitpro/devkitarm/bin/../lib/gcc/arm-none-eabi/8.3.0/../../../../arm-none-eabi/lib/armv6k/fpu\libg.a(lib_a-stdio.o)
                0x000000000010f344                __sclose
 .text.strlen   0x000000000010f34c       0x5c c:/devkitpro/devkitarm/bin/../lib/gcc/arm-none-eabi/8.3.0/../../../../arm-none-eabi/lib/armv6k/fpu\libg.a(lib_a-strlen-stub.o)
                0x000000000010f34c                strlen
 .text.strncat  0x000000000010f3a8       0x98 c:/devkitpro/devkitarm/bin/../lib/gcc/arm-none-eabi/8.3.0/../../../../arm-none-eabi/lib/armv6k/fpu\libg.a(lib_a-strncat.o)
                0x000000000010f3a8                strncat
 .text.strncpy  0x000000000010f440       0xe0 c:/devkitpro/devkitarm/bin/../lib/gcc/arm-none-eabi/8.3.0/../../../../arm-none-eabi/lib/armv6k/fpu\libg.a(lib_a-strncpy.o)
                0x000000000010f440                strncpy
 .text.strnlen  0x000000000010f520       0x5c c:/devkitpro/devkitarm/bin/../lib/gcc/arm-none-eabi/8.3.0/../../../../arm-none-eabi/lib/armv6k/fpu\libg.a(lib_a-strnlen.o)
                0x000000000010f520                strnlen
 .text.get_arg  0x000000000010f57c       0x48 c:/devkitpro/devkitarm/bin/../lib/gcc/arm-none-eabi/8.3.0/../../../../arm-none-eabi/lib/armv6k/fpu\libg.a(lib_a-svfscanf.o)
 .text.__ssvfscanf_r
                0x000000000010f5c4     0x2acc c:/devkitpro/devkitarm/bin/../lib/gcc/arm-none-eabi/8.3.0/../../../../arm-none-eabi/lib/armv6k/fpu\libg.a(lib_a-svfscanf.o)
                0x000000000010f5c4                __ssvfscanf_r
 .text.__sprint_r
                0x0000000000112090       0x34 c:/devkitpro/devkitarm/bin/../lib/gcc/arm-none-eabi/8.3.0/../../../../arm-none-eabi/lib/armv6k/fpu\libg.a(lib_a-vfiprintf.o)
                0x0000000000112090                __sprint_r
 .text.get_arg  0x00000000001120c4      0x620 c:/devkitpro/devkitarm/bin/../lib/gcc/arm-none-eabi/8.3.0/../../../../arm-none-eabi/lib/armv6k/fpu\libg.a(lib_a-vfprintf.o)
 *fill*         0x00000000001126e4        0x4 
 .text._vfprintf_r
                0x00000000001126e8     0x373c c:/devkitpro/devkitarm/bin/../lib/gcc/arm-none-eabi/8.3.0/../../../../arm-none-eabi/lib/armv6k/fpu\libg.a(lib_a-vfprintf.o)
                0x00000000001126e8                _vfprintf_r
 .text.__sbprintf
                0x0000000000115e24       0xd0 c:/devkitpro/devkitarm/bin/../lib/gcc/arm-none-eabi/8.3.0/../../../../arm-none-eabi/lib/armv6k/fpu\libg.a(lib_a-vfprintf.o)
 .text._wcrtomb_r
                0x0000000000115ef4       0x54 c:/devkitpro/devkitarm/bin/../lib/gcc/arm-none-eabi/8.3.0/../../../../arm-none-eabi/lib/armv6k/fpu\libg.a(lib_a-wcrtomb.o)
                0x0000000000115ef4                _wcrtomb_r
 .text._wcsrtombs_r
                0x0000000000115f48       0x20 c:/devkitpro/devkitarm/bin/../lib/gcc/arm-none-eabi/8.3.0/../../../../arm-none-eabi/lib/armv6k/fpu\libg.a(lib_a-wcsrtombs.o)
                0x0000000000115f48                _wcsrtombs_r
 .text.__swsetup_r
                0x0000000000115f68      0x150 c:/devkitpro/devkitarm/bin/../lib/gcc/arm-none-eabi/8.3.0/../../../../arm-none-eabi/lib/armv6k/fpu\libg.a(lib_a-wsetup.o)
                0x0000000000115f68                __swsetup_r
 .text.quorem   0x00000000001160b8      0x1c8 c:/devkitpro/devkitarm/bin/../lib/gcc/arm-none-eabi/8.3.0/../../../../arm-none-eabi/lib/armv6k/fpu\libg.a(lib_a-dtoa.o)
 .text._dtoa_r  0x0000000000116280     0x12ec c:/devkitpro/devkitarm/bin/../lib/gcc/arm-none-eabi/8.3.0/../../../../arm-none-eabi/lib/armv6k/fpu\libg.a(lib_a-dtoa.o)
                0x0000000000116280                _dtoa_r
 .text.__sflush_r
                0x000000000011756c      0x270 c:/devkitpro/devkitarm/bin/../lib/gcc/arm-none-eabi/8.3.0/../../../../arm-none-eabi/lib/armv6k/fpu\libg.a(lib_a-fflush.o)
                0x000000000011756c                __sflush_r
 .text._fflush_r
                0x00000000001177dc       0x94 c:/devkitpro/devkitarm/bin/../lib/gcc/arm-none-eabi/8.3.0/../../../../arm-none-eabi/lib/armv6k/fpu\libg.a(lib_a-fflush.o)
                0x00000000001177dc                _fflush_r
 .text.std      0x0000000000117870       0x78 c:/devkitpro/devkitarm/bin/../lib/gcc/arm-none-eabi/8.3.0/../../../../arm-none-eabi/lib/armv6k/fpu\libg.a(lib_a-findfp.o)
 .text._cleanup_r
                0x00000000001178e8        0xc c:/devkitpro/devkitarm/bin/../lib/gcc/arm-none-eabi/8.3.0/../../../../arm-none-eabi/lib/armv6k/fpu\libg.a(lib_a-findfp.o)
                0x00000000001178e8                _cleanup_r
 .text.__sinit  0x00000000001178f4       0x8c c:/devkitpro/devkitarm/bin/../lib/gcc/arm-none-eabi/8.3.0/../../../../arm-none-eabi/lib/armv6k/fpu\libg.a(lib_a-findfp.o)
                0x00000000001178f4                __sinit
 .text.__sfp_lock_acquire
                0x0000000000117980        0xc c:/devkitpro/devkitarm/bin/../lib/gcc/arm-none-eabi/8.3.0/../../../../arm-none-eabi/lib/armv6k/fpu\libg.a(lib_a-findfp.o)
                0x0000000000117980                __sfp_lock_acquire
 .text.__sfp_lock_release
                0x000000000011798c        0xc c:/devkitpro/devkitarm/bin/../lib/gcc/arm-none-eabi/8.3.0/../../../../arm-none-eabi/lib/armv6k/fpu\libg.a(lib_a-findfp.o)
                0x000000000011798c                __sfp_lock_release
 .text._malloc_trim_r
                0x0000000000117998       0xf8 c:/devkitpro/devkitarm/bin/../lib/gcc/arm-none-eabi/8.3.0/../../../../arm-none-eabi/lib/armv6k/fpu\libg.a(lib_a-freer.o)
                0x0000000000117998                _malloc_trim_r
 .text._free_r  0x0000000000117a90      0x2e4 c:/devkitpro/devkitarm/bin/../lib/gcc/arm-none-eabi/8.3.0/../../../../arm-none-eabi/lib/armv6k/fpu\libg.a(lib_a-freer.o)
                0x0000000000117a90                _free_r
 .text.__sfvwrite_r
                0x0000000000117d74      0x4a4 c:/devkitpro/devkitarm/bin/../lib/gcc/arm-none-eabi/8.3.0/../../../../arm-none-eabi/lib/armv6k/fpu\libg.a(lib_a-fvwrite.o)
                0x0000000000117d74                __sfvwrite_r
 .text._fwalk_reent
                0x0000000000118218       0x80 c:/devkitpro/devkitarm/bin/../lib/gcc/arm-none-eabi/8.3.0/../../../../arm-none-eabi/lib/armv6k/fpu\libg.a(lib_a-fwalk.o)
                0x0000000000118218                _fwalk_reent
 .text.iswspace
                0x0000000000118298        0x8 c:/devkitpro/devkitarm/bin/../lib/gcc/arm-none-eabi/8.3.0/../../../../arm-none-eabi/lib/armv6k/fpu\libg.a(lib_a-iswspace.o)
                0x0000000000118298                iswspace
 .text._localeconv_r
                0x00000000001182a0        0xc c:/devkitpro/devkitarm/bin/../lib/gcc/arm-none-eabi/8.3.0/../../../../arm-none-eabi/lib/armv6k/fpu\libg.a(lib_a-localeconv.o)
                0x00000000001182a0                _localeconv_r
 .text.__locale_mb_cur_max
                0x00000000001182ac       0x10 c:/devkitpro/devkitarm/bin/../lib/gcc/arm-none-eabi/8.3.0/../../../../arm-none-eabi/lib/armv6k/fpu\libg.a(lib_a-locale.o)
                0x00000000001182ac                __locale_mb_cur_max
 .text.__swhatbuf_r
                0x00000000001182bc       0x94 c:/devkitpro/devkitarm/bin/../lib/gcc/arm-none-eabi/8.3.0/../../../../arm-none-eabi/lib/armv6k/fpu\libg.a(lib_a-makebuf.o)
                0x00000000001182bc                __swhatbuf_r
 .text.__smakebuf_r
                0x0000000000118350       0xf4 c:/devkitpro/devkitarm/bin/../lib/gcc/arm-none-eabi/8.3.0/../../../../arm-none-eabi/lib/armv6k/fpu\libg.a(lib_a-makebuf.o)
                0x0000000000118350                __smakebuf_r
 .text._mbrtowc_r
                0x0000000000118444       0x60 c:/devkitpro/devkitarm/bin/../lib/gcc/arm-none-eabi/8.3.0/../../../../arm-none-eabi/lib/armv6k/fpu\libg.a(lib_a-mbrtowc.o)
                0x0000000000118444                _mbrtowc_r
 .text.__utf8_mbtowc
                0x00000000001184a4      0x2fc c:/devkitpro/devkitarm/bin/../lib/gcc/arm-none-eabi/8.3.0/../../../../arm-none-eabi/lib/armv6k/fpu\libg.a(lib_a-mbtowc_r.o)
                0x00000000001184a4                __utf8_mbtowc
 .text.memmove  0x00000000001187a0      0x154 c:/devkitpro/devkitarm/bin/../lib/gcc/arm-none-eabi/8.3.0/../../../../arm-none-eabi/lib/armv6k/fpu\libg.a(lib_a-memmove.o)
                0x00000000001187a0                memmove
 .text._Balloc  0x00000000001188f4       0x88 c:/devkitpro/devkitarm/bin/../lib/gcc/arm-none-eabi/8.3.0/../../../../arm-none-eabi/lib/armv6k/fpu\libg.a(lib_a-mprec.o)
                0x00000000001188f4                _Balloc
 .text._Bfree   0x000000000011897c       0x1c c:/devkitpro/devkitarm/bin/../lib/gcc/arm-none-eabi/8.3.0/../../../../arm-none-eabi/lib/armv6k/fpu\libg.a(lib_a-mprec.o)
                0x000000000011897c                _Bfree
 .text.__multadd
                0x0000000000118998       0xe0 c:/devkitpro/devkitarm/bin/../lib/gcc/arm-none-eabi/8.3.0/../../../../arm-none-eabi/lib/armv6k/fpu\libg.a(lib_a-mprec.o)
                0x0000000000118998                __multadd
 .text.__s2b    0x0000000000118a78       0xe4 c:/devkitpro/devkitarm/bin/../lib/gcc/arm-none-eabi/8.3.0/../../../../arm-none-eabi/lib/armv6k/fpu\libg.a(lib_a-mprec.o)
                0x0000000000118a78                __s2b
 .text.__hi0bits
                0x0000000000118b5c       0x58 c:/devkitpro/devkitarm/bin/../lib/gcc/arm-none-eabi/8.3.0/../../../../arm-none-eabi/lib/armv6k/fpu\libg.a(lib_a-mprec.o)
                0x0000000000118b5c                __hi0bits
 .text.__lo0bits
                0x0000000000118bb4       0x9c c:/devkitpro/devkitarm/bin/../lib/gcc/arm-none-eabi/8.3.0/../../../../arm-none-eabi/lib/armv6k/fpu\libg.a(lib_a-mprec.o)
                0x0000000000118bb4                __lo0bits
 .text.__i2b    0x0000000000118c50       0x20 c:/devkitpro/devkitarm/bin/../lib/gcc/arm-none-eabi/8.3.0/../../../../arm-none-eabi/lib/armv6k/fpu\libg.a(lib_a-mprec.o)
                0x0000000000118c50                __i2b
 .text.__multiply
                0x0000000000118c70      0x1c4 c:/devkitpro/devkitarm/bin/../lib/gcc/arm-none-eabi/8.3.0/../../../../arm-none-eabi/lib/armv6k/fpu\libg.a(lib_a-mprec.o)
                0x0000000000118c70                __multiply
 .text.__pow5mult
                0x0000000000118e34      0x100 c:/devkitpro/devkitarm/bin/../lib/gcc/arm-none-eabi/8.3.0/../../../../arm-none-eabi/lib/armv6k/fpu\libg.a(lib_a-mprec.o)
                0x0000000000118e34                __pow5mult
 .text.__lshift
                0x0000000000118f34       0xf4 c:/devkitpro/devkitarm/bin/../lib/gcc/arm-none-eabi/8.3.0/../../../../arm-none-eabi/lib/armv6k/fpu\libg.a(lib_a-mprec.o)
                0x0000000000118f34                __lshift
 .text.__mcmp   0x0000000000119028       0x5c c:/devkitpro/devkitarm/bin/../lib/gcc/arm-none-eabi/8.3.0/../../../../arm-none-eabi/lib/armv6k/fpu\libg.a(lib_a-mprec.o)
                0x0000000000119028                __mcmp
 .text.__mdiff  0x0000000000119084      0x168 c:/devkitpro/devkitarm/bin/../lib/gcc/arm-none-eabi/8.3.0/../../../../arm-none-eabi/lib/armv6k/fpu\libg.a(lib_a-mprec.o)
                0x0000000000119084                __mdiff
 .text.__ulp    0x00000000001191ec       0x74 c:/devkitpro/devkitarm/bin/../lib/gcc/arm-none-eabi/8.3.0/../../../../arm-none-eabi/lib/armv6k/fpu\libg.a(lib_a-mprec.o)
                0x00000000001191ec                __ulp
 .text.__b2d    0x0000000000119260       0xd4 c:/devkitpro/devkitarm/bin/../lib/gcc/arm-none-eabi/8.3.0/../../../../arm-none-eabi/lib/armv6k/fpu\libg.a(lib_a-mprec.o)
                0x0000000000119260                __b2d
 .text.__d2b    0x0000000000119334      0x100 c:/devkitpro/devkitarm/bin/../lib/gcc/arm-none-eabi/8.3.0/../../../../arm-none-eabi/lib/armv6k/fpu\libg.a(lib_a-mprec.o)
                0x0000000000119334                __d2b
 .text.__ratio  0x0000000000119434       0x84 c:/devkitpro/devkitarm/bin/../lib/gcc/arm-none-eabi/8.3.0/../../../../arm-none-eabi/lib/armv6k/fpu\libg.a(lib_a-mprec.o)
                0x0000000000119434                __ratio
 .text.__copybits
                0x00000000001194b8       0x6c c:/devkitpro/devkitarm/bin/../lib/gcc/arm-none-eabi/8.3.0/../../../../arm-none-eabi/lib/armv6k/fpu\libg.a(lib_a-mprec.o)
                0x00000000001194b8                __copybits
 .text.__any_on
                0x0000000000119524       0x78 c:/devkitpro/devkitarm/bin/../lib/gcc/arm-none-eabi/8.3.0/../../../../arm-none-eabi/lib/armv6k/fpu\libg.a(lib_a-mprec.o)
                0x0000000000119524                __any_on
 .text.__sccl   0x000000000011959c       0xcc c:/devkitpro/devkitarm/bin/../lib/gcc/arm-none-eabi/8.3.0/../../../../arm-none-eabi/lib/armv6k/fpu\libg.a(lib_a-sccl.o)
                0x000000000011959c                __sccl
 .text.nanf     0x0000000000119668        0xc c:/devkitpro/devkitarm/bin/../lib/gcc/arm-none-eabi/8.3.0/../../../../arm-none-eabi/lib/armv6k/fpu\libg.a(lib_a-sf_nan.o)
                0x0000000000119668                nanf
 *fill*         0x0000000000119674        0x4 
 .text.frexp    0x0000000000119678       0xa8 c:/devkitpro/devkitarm/bin/../lib/gcc/arm-none-eabi/8.3.0/../../../../arm-none-eabi/lib/armv6k/fpu\libg.a(lib_a-s_frexp.o)
                0x0000000000119678                frexp
 .text.sprintf  0x0000000000119720       0x64 c:/devkitpro/devkitarm/bin/../lib/gcc/arm-none-eabi/8.3.0/../../../../arm-none-eabi/lib/armv6k/fpu\libg.a(lib_a-sprintf.o)
                0x0000000000119720                sprintf
 .text.stpncpy  0x0000000000119784      0x100 c:/devkitpro/devkitarm/bin/../lib/gcc/arm-none-eabi/8.3.0/../../../../arm-none-eabi/lib/armv6k/fpu\libg.a(lib_a-stpncpy.o)
                0x0000000000119784                stpncpy
 .text.strchr   0x0000000000119884      0x180 c:/devkitpro/devkitarm/bin/../lib/gcc/arm-none-eabi/8.3.0/../../../../arm-none-eabi/lib/armv6k/fpu\libg.a(lib_a-strchr.o)
                0x0000000000119884                strchr
 .text.strncmp  0x0000000000119a04      0x10c c:/devkitpro/devkitarm/bin/../lib/gcc/arm-none-eabi/8.3.0/../../../../arm-none-eabi/lib/armv6k/fpu\libg.a(lib_a-strncmp.o)
                0x0000000000119a04                strncmp
 .text.sulp     0x0000000000119b10       0x54 c:/devkitpro/devkitarm/bin/../lib/gcc/arm-none-eabi/8.3.0/../../../../arm-none-eabi/lib/armv6k/fpu\libg.a(lib_a-strtod.o)
 *fill*         0x0000000000119b64        0x4 
 .text._strtod_l
                0x0000000000119b68     0x13c4 c:/devkitpro/devkitarm/bin/../lib/gcc/arm-none-eabi/8.3.0/../../../../arm-none-eabi/lib/armv6k/fpu\libg.a(lib_a-strtod.o)
                0x0000000000119b68                _strtod_l
 .text._strtod_r
                0x000000000011af2c        0xc c:/devkitpro/devkitarm/bin/../lib/gcc/arm-none-eabi/8.3.0/../../../../arm-none-eabi/lib/armv6k/fpu\libg.a(lib_a-strtod.o)
                0x000000000011af2c                _strtod_r
 .text._strtoll_l.isra.0
                0x000000000011af38      0x25c c:/devkitpro/devkitarm/bin/../lib/gcc/arm-none-eabi/8.3.0/../../../../arm-none-eabi/lib/armv6k/fpu\libg.a(lib_a-strtoll.o)
 .text._strtoll_r
                0x000000000011b194        0x4 c:/devkitpro/devkitarm/bin/../lib/gcc/arm-none-eabi/8.3.0/../../../../arm-none-eabi/lib/armv6k/fpu\libg.a(lib_a-strtoll.o)
                0x000000000011b194                _strtoll_r
 .text._strtol_l.isra.0
                0x000000000011b198      0x1bc c:/devkitpro/devkitarm/bin/../lib/gcc/arm-none-eabi/8.3.0/../../../../arm-none-eabi/lib/armv6k/fpu\libg.a(lib_a-strtol.o)
 .text._strtol_r
                0x000000000011b354        0x4 c:/devkitpro/devkitarm/bin/../lib/gcc/arm-none-eabi/8.3.0/../../../../arm-none-eabi/lib/armv6k/fpu\libg.a(lib_a-strtol.o)
                0x000000000011b354                _strtol_r
 .text._strtoull_l.isra.0
                0x000000000011b358      0x25c c:/devkitpro/devkitarm/bin/../lib/gcc/arm-none-eabi/8.3.0/../../../../arm-none-eabi/lib/armv6k/fpu\libg.a(lib_a-strtoull.o)
 .text._strtoull_r
                0x000000000011b5b4        0x4 c:/devkitpro/devkitarm/bin/../lib/gcc/arm-none-eabi/8.3.0/../../../../arm-none-eabi/lib/armv6k/fpu\libg.a(lib_a-strtoull.o)
                0x000000000011b5b4                _strtoull_r
 .text._strtoul_l.isra.0
                0x000000000011b5b8      0x1d0 c:/devkitpro/devkitarm/bin/../lib/gcc/arm-none-eabi/8.3.0/../../../../arm-none-eabi/lib/armv6k/fpu\libg.a(lib_a-strtoul.o)
 .text._strtoul_r
                0x000000000011b788        0x4 c:/devkitpro/devkitarm/bin/../lib/gcc/arm-none-eabi/8.3.0/../../../../arm-none-eabi/lib/armv6k/fpu\libg.a(lib_a-strtoul.o)
                0x000000000011b788                _strtoul_r
 .text.__ssprint_r
                0x000000000011b78c      0x188 c:/devkitpro/devkitarm/bin/../lib/gcc/arm-none-eabi/8.3.0/../../../../arm-none-eabi/lib/armv6k/fpu\libg.a(lib_a-svfiprintf.o)
                0x000000000011b78c                __ssprint_r
 .text._sungetc_r
                0x000000000011b914       0xe4 c:/devkitpro/devkitarm/bin/../lib/gcc/arm-none-eabi/8.3.0/../../../../arm-none-eabi/lib/armv6k/fpu\libg.a(lib_a-svfiscanf.o)
                0x000000000011b914                _sungetc_r
 .text.__ssrefill_r
                0x000000000011b9f8       0x6c c:/devkitpro/devkitarm/bin/../lib/gcc/arm-none-eabi/8.3.0/../../../../arm-none-eabi/lib/armv6k/fpu\libg.a(lib_a-svfiscanf.o)
                0x000000000011b9f8                __ssrefill_r
 .text._sfread_r
                0x000000000011ba64       0xc8 c:/devkitpro/devkitarm/bin/../lib/gcc/arm-none-eabi/8.3.0/../../../../arm-none-eabi/lib/armv6k/fpu\libg.a(lib_a-svfiscanf.o)
                0x000000000011ba64                _sfread_r
 .text.get_arg  0x000000000011bb2c      0x620 c:/devkitpro/devkitarm/bin/../lib/gcc/arm-none-eabi/8.3.0/../../../../arm-none-eabi/lib/armv6k/fpu\libg.a(lib_a-svfprintf.o)
 *fill*         0x000000000011c14c        0x4 
 .text._svfprintf_r
                0x000000000011c150     0x35c0 c:/devkitpro/devkitarm/bin/../lib/gcc/arm-none-eabi/8.3.0/../../../../arm-none-eabi/lib/armv6k/fpu\libg.a(lib_a-svfprintf.o)
                0x000000000011c150                _svfprintf_r
 .text.__submore
                0x000000000011f710       0xa4 c:/devkitpro/devkitarm/bin/../lib/gcc/arm-none-eabi/8.3.0/../../../../arm-none-eabi/lib/armv6k/fpu\libg.a(lib_a-ungetc.o)
                0x000000000011f710                __submore
 .text._wcsnrtombs_l
                0x000000000011f7b4      0x184 c:/devkitpro/devkitarm/bin/../lib/gcc/arm-none-eabi/8.3.0/../../../../arm-none-eabi/lib/armv6k/fpu\libg.a(lib_a-wcsnrtombs.o)
                0x000000000011f7b4                _wcsnrtombs_l
 .text._wcsnrtombs_r
                0x000000000011f938       0x4c c:/devkitpro/devkitarm/bin/../lib/gcc/arm-none-eabi/8.3.0/../../../../arm-none-eabi/lib/armv6k/fpu\libg.a(lib_a-wcsnrtombs.o)
                0x000000000011f938                _wcsnrtombs_r
 .text.__utf8_wctomb
                0x000000000011f984       0xe8 c:/devkitpro/devkitarm/bin/../lib/gcc/arm-none-eabi/8.3.0/../../../../arm-none-eabi/lib/armv6k/fpu\libg.a(lib_a-wctomb_r.o)
                0x000000000011f984                __utf8_wctomb
 .text._fclose_r
                0x000000000011fa6c      0x160 c:/devkitpro/devkitarm/bin/../lib/gcc/arm-none-eabi/8.3.0/../../../../arm-none-eabi/lib/armv6k/fpu\libg.a(lib_a-fclose.o)
                0x000000000011fa6c                _fclose_r
 .text.rshift   0x000000000011fbcc       0xec c:/devkitpro/devkitarm/bin/../lib/gcc/arm-none-eabi/8.3.0/../../../../arm-none-eabi/lib/armv6k/fpu\libg.a(lib_a-gdtoa-gethex.o)
 .text.__gethex
                0x000000000011fcb8      0x828 c:/devkitpro/devkitarm/bin/../lib/gcc/arm-none-eabi/8.3.0/../../../../arm-none-eabi/lib/armv6k/fpu\libg.a(lib_a-gdtoa-gethex.o)
                0x000000000011fcb8                __gethex
 .text.__match  0x00000000001204e0       0x60 c:/devkitpro/devkitarm/bin/../lib/gcc/arm-none-eabi/8.3.0/../../../../arm-none-eabi/lib/armv6k/fpu\libg.a(lib_a-gdtoa-hexnan.o)
                0x00000000001204e0                __match
 .text.__hexnan
                0x0000000000120540      0x254 c:/devkitpro/devkitarm/bin/../lib/gcc/arm-none-eabi/8.3.0/../../../../arm-none-eabi/lib/armv6k/fpu\libg.a(lib_a-gdtoa-hexnan.o)
                0x0000000000120540                __hexnan
 .text.iswspace_l
                0x0000000000120794       0x3c c:/devkitpro/devkitarm/bin/../lib/gcc/arm-none-eabi/8.3.0/../../../../arm-none-eabi/lib/armv6k/fpu\libg.a(lib_a-iswspace_l.o)
                0x0000000000120794                iswspace_l
 .text.__jp2uc  0x00000000001207d0      0x1e0 c:/devkitpro/devkitarm/bin/../lib/gcc/arm-none-eabi/8.3.0/../../../../arm-none-eabi/lib/armv6k/fpu\libg.a(lib_a-jp2uc.o)
 .text._jp2uc_l
                0x00000000001209b0       0x94 c:/devkitpro/devkitarm/bin/../lib/gcc/arm-none-eabi/8.3.0/../../../../arm-none-eabi/lib/armv6k/fpu\libg.a(lib_a-jp2uc.o)
                0x00000000001209b0                _jp2uc_l
 *fill*         0x0000000000120a44        0x4 
 .text.nan      0x0000000000120a48       0x10 c:/devkitpro/devkitarm/bin/../lib/gcc/arm-none-eabi/8.3.0/../../../../arm-none-eabi/lib/armv6k/fpu\libg.a(lib_a-s_nan.o)
                0x0000000000120a48                nan
 .text.category
                0x0000000000120a58       0x84 c:/devkitpro/devkitarm/bin/../lib/gcc/arm-none-eabi/8.3.0/../../../../arm-none-eabi/lib/armv6k/fpu\libg.a(lib_a-categories.o)
                0x0000000000120a58                category
 .text.null_write
                0x0000000000120adc        0x8 c:/devkitpro/devkitarm/bin/../lib/gcc/arm-none-eabi/8.3.0/../../../../arm-none-eabi/lib/armv6k/fpu\libsysbase.a(iosupport.o)
 .text.setDefaultDevice
                0x0000000000120ae4       0x18 c:/devkitpro/devkitarm/bin/../lib/gcc/arm-none-eabi/8.3.0/../../../../arm-none-eabi/lib/armv6k/fpu\libsysbase.a(iosupport.o)
                0x0000000000120ae4                setDefaultDevice
 .text.FindDevice
                0x0000000000120afc       0xc8 c:/devkitpro/devkitarm/bin/../lib/gcc/arm-none-eabi/8.3.0/../../../../arm-none-eabi/lib/armv6k/fpu\libsysbase.a(iosupport.o)
                0x0000000000120afc                FindDevice
 .text.RemoveDevice
                0x0000000000120bc4       0x28 c:/devkitpro/devkitarm/bin/../lib/gcc/arm-none-eabi/8.3.0/../../../../arm-none-eabi/lib/armv6k/fpu\libsysbase.a(iosupport.o)
                0x0000000000120bc4                RemoveDevice
 .text.AddDevice
                0x0000000000120bec       0x9c c:/devkitpro/devkitarm/bin/../lib/gcc/arm-none-eabi/8.3.0/../../../../arm-none-eabi/lib/armv6k/fpu\libsysbase.a(iosupport.o)
                0x0000000000120bec                AddDevice
 .text._close_r
                0x0000000000120c88       0x84 c:/devkitpro/devkitarm/bin/../lib/gcc/arm-none-eabi/8.3.0/../../../../arm-none-eabi/lib/armv6k/fpu\libsysbase.a(close.o)
                0x0000000000120c88                _close_r
 .text._fstat_r
                0x0000000000120d0c       0x74 c:/devkitpro/devkitarm/bin/../lib/gcc/arm-none-eabi/8.3.0/../../../../arm-none-eabi/lib/armv6k/fpu\libsysbase.a(fstat.o)
                0x0000000000120d0c                _fstat_r
 .text._isatty_r
                0x0000000000120d80        0x8 c:/devkitpro/devkitarm/bin/../lib/gcc/arm-none-eabi/8.3.0/../../../../arm-none-eabi/lib/armv6k/fpu\libsysbase.a(isatty.o)
                0x0000000000120d80                _isatty_r
 .text._lseek_r
                0x0000000000120d88       0x84 c:/devkitpro/devkitarm/bin/../lib/gcc/arm-none-eabi/8.3.0/../../../../arm-none-eabi/lib/armv6k/fpu\libsysbase.a(lseek.o)
                0x0000000000120d88                _lseek_r
 .text._read_r  0x0000000000120e0c       0x80 c:/devkitpro/devkitarm/bin/../lib/gcc/arm-none-eabi/8.3.0/../../../../arm-none-eabi/lib/armv6k/fpu\libsysbase.a(read.o)
                0x0000000000120e0c                _read_r
 .text._sbrk_r  0x0000000000120e8c       0x70 c:/devkitpro/devkitarm/bin/../lib/gcc/arm-none-eabi/8.3.0/../../../../arm-none-eabi/lib/armv6k/fpu\libsysbase.a(sbrk.o)
                0x0000000000120e8c                _sbrk_r
 .text._write_r
                0x0000000000120efc       0x80 c:/devkitpro/devkitarm/bin/../lib/gcc/arm-none-eabi/8.3.0/../../../../arm-none-eabi/lib/armv6k/fpu\libsysbase.a(write.o)
                0x0000000000120efc                _write_r
 .text._concatenate_path
                0x0000000000120f7c      0x1cc c:/devkitpro/devkitarm/bin/../lib/gcc/arm-none-eabi/8.3.0/../../../../arm-none-eabi/lib/armv6k/fpu\libsysbase.a(chdir.o)
                0x0000000000120f7c                _concatenate_path
 .text.chdir    0x0000000000121148      0x15c c:/devkitpro/devkitarm/bin/../lib/gcc/arm-none-eabi/8.3.0/../../../../arm-none-eabi/lib/armv6k/fpu\libsysbase.a(chdir.o)
                0x0000000000121148                chdir
 .text.__flockfile
                0x00000000001212a4        0x8 c:/devkitpro/devkitarm/bin/../lib/gcc/arm-none-eabi/8.3.0/../../../../arm-none-eabi/lib/armv6k/fpu\libsysbase.a(flock.o)
                0x00000000001212a4                __flockfile
 .text.__funlockfile
                0x00000000001212ac        0x8 c:/devkitpro/devkitarm/bin/../lib/gcc/arm-none-eabi/8.3.0/../../../../arm-none-eabi/lib/armv6k/fpu\libsysbase.a(flock.o)
                0x00000000001212ac                __funlockfile
 .text.__libc_lock_acquire
                0x00000000001212b4       0x18 c:/devkitpro/devkitarm/bin/../lib/gcc/arm-none-eabi/8.3.0/../../../../arm-none-eabi/lib/armv6k/fpu\libsysbase.a(syscall_support.o)
                0x00000000001212b4                __libc_lock_acquire
 .text.__libc_lock_release
                0x00000000001212cc       0x18 c:/devkitpro/devkitarm/bin/../lib/gcc/arm-none-eabi/8.3.0/../../../../arm-none-eabi/lib/armv6k/fpu\libsysbase.a(syscall_support.o)
                0x00000000001212cc                __libc_lock_release
 .text.__libc_lock_init_recursive